
 Start         Length     Name                   Class
 0001:00000000 000D132CH .text                   CODE
 0002:00000000 00002198H .data                   DATA
 0002:00002198 000F31A1H .bss                    BSS


Detailed map of segments

 0001:00000000 000068B8 C=CODE     S=.text    G=(none)   M=System   ACBP=A9
 0001:000068B8 00000174 C=CODE     S=.text    G=(none)   M=SysInit  ACBP=A9
 0001:00006A2C 000002F5 C=CODE     S=.text    G=(none)   M=LFHeapMemory ACBP=A9
 0001:00006D24 00000CC8 C=CODE     S=.text    G=(none)   M=Windows  ACBP=A9
 0001:000079EC 00000038 C=CODE     S=.text    G=(none)   M=Messages ACBP=A9
 0001:00007A24 00000310 C=CODE     S=.text    G=(none)   M=SysConst ACBP=A9
 0001:00007D34 00006794 C=CODE     S=.text    G=(none)   M=SysUtils ACBP=A9
 0001:0000E4C8 000000B0 C=CODE     S=.text    G=(none)   M=ActiveX  ACBP=A9
 0001:0000E578 00000450 C=CODE     S=.text    G=(none)   M=Consts   ACBP=A9
 0001:0000E9C8 000009E0 C=CODE     S=.text    G=(none)   M=TypInfo  ACBP=A9
 0001:0000F3A8 0000A417 C=CODE     S=.text    G=(none)   M=Classes  ACBP=A9
 0001:000197C0 00008D33 C=CODE     S=.text    G=(none)   M=Graphics ACBP=A9
 0001:000224F4 000002C8 C=CODE     S=.text    G=(none)   M=Contnrs  ACBP=A9
 0001:000227BC 00000198 C=CODE     S=.text    G=(none)   M=Commctrl ACBP=A9
 0001:00022954 00000793 C=CODE     S=.text    G=(none)   M=MultiMon ACBP=A9
 0001:000230E8 00000038 C=CODE     S=.text    G=(none)   M=Imm      ACBP=A9
 0001:00023120 00000048 C=CODE     S=.text    G=(none)   M=Math     ACBP=A9
 0001:00023168 00000038 C=CODE     S=.text    G=(none)   M=WinSpool ACBP=A9
 0001:000231A0 00000044 C=CODE     S=.text    G=(none)   M=Printers ACBP=A9
 0001:000231E4 0000031F C=CODE     S=.text    G=(none)   M=FlatSB   ACBP=A9
 0001:00023504 00009548 C=CODE     S=.text    G=(none)   M=StdCtrls ACBP=A9
 0001:0002CA4C 000005FC C=CODE     S=.text    G=(none)   M=Clipbrd  ACBP=A9
 0001:0002D048 0000015C C=CODE     S=.text    G=(none)   M=StdActns ACBP=A9
 0001:0002D1A4 0000F874 C=CODE     S=.text    G=(none)   M=Controls ACBP=A9
 0001:0003CA18 00000E28 C=CODE     S=.text    G=(none)   M=ActnList ACBP=A9
 0001:0003D840 00001A5C C=CODE     S=.text    G=(none)   M=ImgList  ACBP=A9
 0001:0003F29C 000061FB C=CODE     S=.text    G=(none)   M=Menus    ACBP=A9
 0001:00045498 0000C88F C=CODE     S=.text    G=(none)   M=Forms    ACBP=A9
 0001:00051D28 00000038 C=CODE     S=.text    G=(none)   M=ShellAPI ACBP=A9
 0001:00051D60 00000038 C=CODE     S=.text    G=(none)   M=RegStr   ACBP=A9
 0001:00051D98 00000038 C=CODE     S=.text    G=(none)   M=WinInet  ACBP=A9
 0001:00051DD0 00000038 C=CODE     S=.text    G=(none)   M=UrlMon   ACBP=A9
 0001:00051E08 00000038 C=CODE     S=.text    G=(none)   M=ShlObj   ACBP=A9
 0001:00051E40 00000038 C=CODE     S=.text    G=(none)   M=CommDlg  ACBP=A9
 0001:00051E78 00003414 C=CODE     S=.text    G=(none)   M=ExtCtrls ACBP=A9
 0001:0005528C 00000038 C=CODE     S=.text    G=(none)   M=Dlgs     ACBP=A9
 0001:000552C4 00000B01 C=CODE     S=.text    G=(none)   M=Dialogs  ACBP=A9
 0001:00055DC8 00000050 C=CODE     S=.text    G=(none)   M=ComConst ACBP=A9
 0001:00055E18 00000E95 C=CODE     S=.text    G=(none)   M=ComObj   ACBP=A9
 0001:00056CB0 00000038 C=CODE     S=.text    G=(none)   M=RichEdit ACBP=A9
 0001:00056CE8 00000038 C=CODE     S=.text    G=(none)   M=ToolWin  ACBP=A9
 0001:00056D20 00000038 C=CODE     S=.text    G=(none)   M=ComStrs  ACBP=A9
 0001:00056D58 0000199C C=CODE     S=.text    G=(none)   M=ComCtrls ACBP=A9
 0001:000586F4 000004B0 C=CODE     S=.text    G=(none)   M=OutLookTools ACBP=A9
 0001:00058BA4 000002DD C=CODE     S=.text    G=(none)   M=IBUtils  ACBP=A9
 0001:00058E84 00000038 C=CODE     S=.text    G=(none)   M=IBExternals ACBP=A9
 0001:00058EBC 00000038 C=CODE     S=.text    G=(none)   M=IBInstallHeader ACBP=A9
 0001:00058EF4 000001E0 C=CODE     S=.text    G=(none)   M=DbConsts ACBP=A9
 0001:000590D4 0000325C C=CODE     S=.text    G=(none)   M=Mask     ACBP=A9
 0001:0005C330 000125E0 C=CODE     S=.text    G=(none)   M=Db       ACBP=A9
 0001:0006E910 00000400 C=CODE     S=.text    G=(none)   M=IBXConst ACBP=A9
 0001:0006ED10 00000B38 C=CODE     S=.text    G=(none)   M=IB       ACBP=A9
 0001:0006F848 00000038 C=CODE     S=.text    G=(none)   M=IBErrorCodes ACBP=A9
 0001:0006F880 00000038 C=CODE     S=.text    G=(none)   M=StdVCL   ACBP=A9
 0001:0006F8B8 00007DDC C=CODE     S=.text    G=(none)   M=IBCustomDataSet ACBP=A9
 0001:00077694 000007A8 C=CODE     S=.text    G=(none)   M=IBBlob   ACBP=A9
 0001:00077E3C 000003E0 C=CODE     S=.text    G=(none)   M=DBLogDlg ACBP=A9
 0001:0007821C 00000038 C=CODE     S=.text    G=(none)   M=IBDialogs ACBP=A9
 0001:00078254 0000015C C=CODE     S=.text    G=(none)   M=IBServices ACBP=A9
 0001:000783B0 0000221B C=CODE     S=.text    G=(none)   M=IBSQLMonitor ACBP=A9
 0001:0007A5CC 000002C4 C=CODE     S=.text    G=(none)   M=IBDatabaseInfo ACBP=A9
 0001:0007A890 0000441C C=CODE     S=.text    G=(none)   M=IBSQL    ACBP=A9
 0001:0007ECAC 00000230 C=CODE     S=.text    G=(none)   M=IBXMLHeader ACBP=A9
 0001:0007EEDC 00000DF0 C=CODE     S=.text    G=(none)   M=IBIntf   ACBP=A9
 0001:0007FCCC 00000048 C=CODE     S=.text    G=(none)   M=IBHeader ACBP=A9
 0001:0007FD14 000040B8 C=CODE     S=.text    G=(none)   M=IBDatabase ACBP=A9
 0001:00083DCC 00001278 C=CODE     S=.text    G=(none)   M=IBQuery  ACBP=A9
 0001:00085044 00000048 C=CODE     S=.text    G=(none)   M=MaxMin   ACBP=A9
 0001:0008508C 00000098 C=CODE     S=.text    G=(none)   M=RXConst  ACBP=A9
 0001:00085124 00000038 C=CODE     S=.text    G=(none)   M=RXCConst ACBP=A9
 0001:0008515C 000013F8 C=CODE     S=.text    G=(none)   M=VCLUtils ACBP=A9
 0001:00086554 00000DD4 C=CODE     S=.text    G=(none)   M=B_utils  ACBP=A9
 0001:00087328 00000C70 C=CODE     S=.text    G=(none)   M=IniFiles ACBP=A9
 0001:00087F98 00000ED8 C=CODE     S=.text    G=(none)   M=Registry ACBP=A9
 0001:00088E70 00000038 C=CODE     S=.text    G=(none)   M=RXDConst ACBP=A9
 0001:00088EA8 000002B0 C=CODE     S=.text    G=(none)   M=StrUtils ACBP=A9
 0001:00089158 00000CB0 C=CODE     S=.text    G=(none)   M=DateUtil ACBP=A9
 0001:00089E08 000001A1 C=CODE     S=.text    G=(none)   M=Buttons  ACBP=A9
 0001:00089FAC 0000005C C=CODE     S=.text    G=(none)   M=FileCtrl ACBP=A9
 0001:0008A008 00000038 C=CODE     S=.text    G=(none)   M=Gauges   ACBP=A9
 0001:0008A040 00000044 C=CODE     S=.text    G=(none)   M=RxPrgrss ACBP=A9
 0001:0008A084 00000038 C=CODE     S=.text    G=(none)   M=FileUtil ACBP=A9
 0001:0008A0BC 00006A04 C=CODE     S=.text    G=(none)   M=Grids    ACBP=A9
 0001:00090AC0 00000C4D C=CODE     S=.text    G=(none)   M=RxHook   ACBP=A9
 0001:00091710 00000050 C=CODE     S=.text    G=(none)   M=RXProps  ACBP=A9
 0001:00091760 00001B80 C=CODE     S=.text    G=(none)   M=Placemnt ACBP=A9
 0001:000932E0 00000DDC C=CODE     S=.text    G=(none)   M=AppUtils ACBP=A9
 0001:000940BC 00000808 C=CODE     S=.text    G=(none)   M=DBUtils  ACBP=A9
 0001:000948C4 00002B4C C=CODE     S=.text    G=(none)   M=RxMemDS  ACBP=A9
 0001:00097410 00002C84 C=CODE     S=.text    G=(none)   M=DBCtrls  ACBP=A9
 0001:0009A094 0000999C C=CODE     S=.text    G=(none)   M=DBGrids  ACBP=A9
 0001:000A3A30 00000038 C=CODE     S=.text    G=(none)   M=RxTimer  ACBP=A9
 0001:000A3A68 00003759 C=CODE     S=.text    G=(none)   M=RXCtrls  ACBP=A9
 0001:000A71C4 00000038 C=CODE     S=.text    G=(none)   M=ExtDlgs  ACBP=A9
 0001:000A71FC 00002D64 C=CODE     S=.text    G=(none)   M=PickDate ACBP=A9
 0001:000A9F60 000039E4 C=CODE     S=.text    G=(none)   M=ToolEdit ACBP=A9
 0001:000AD944 00000038 C=CODE     S=.text    G=(none)   M=RxCalc   ACBP=A9
 0001:000AD97C 00000054 C=CODE     S=.text    G=(none)   M=CurrEdit ACBP=A9
 0001:000AD9D0 000037AC C=CODE     S=.text    G=(none)   M=RXDBCtrl ACBP=A9
 0001:000B117C 000002B8 C=CODE     S=.text    G=(none)   M=FormDebug ACBP=A9
 0001:000B1434 000019CC C=CODE     S=.text    G=(none)   M=Data1    ACBP=A9
 0001:000B2E00 00000F94 C=CODE     S=.text    G=(none)   M=lzh      ACBP=A9
 0001:000B3D94 0000066C C=CODE     S=.text    G=(none)   M=LZRW1KH  ACBP=A9
 0001:000B4400 0000329C C=CODE     S=.text    G=(none)   M=LZRW1    ACBP=A9
 0001:000B769C 000000E0 C=CODE     S=.text    G=(none)   M=WinSock  ACBP=A9
 0001:000B777C 000001A4 C=CODE     S=.text    G=(none)   M=SyncObjs ACBP=A9
 0001:000B7920 00001E20 C=CODE     S=.text    G=(none)   M=ScktComp ACBP=A9
 0001:000B9740 00000A6C C=CODE     S=.text    G=(none)   M=SakMIME  ACBP=A9
 0001:000BA1AC 000014F8 C=CODE     S=.text    G=(none)   M=sak_util ACBP=A9
 0001:000BB6A4 00000A1C C=CODE     S=.text    G=(none)   M=SakAttFile ACBP=A9
 0001:000BC0C0 000023DC C=CODE     S=.text    G=(none)   M=SakMsg   ACBP=A9
 0001:000BE49C 000011EC C=CODE     S=.text    G=(none)   M=SakSMTP  ACBP=A9
 0001:000BF688 00000314 C=CODE     S=.text    G=(none)   M=TLHelp32 ACBP=A9
 0001:000BF99C 00000038 C=CODE     S=.text    G=(none)   M=NMConst  ACBP=A9
 0001:000BF9D4 00000041 C=CODE     S=.text    G=(none)   M=Psock    ACBP=A9
 0001:000BFA18 00000038 C=CODE     S=.text    G=(none)   M=NMMSG    ACBP=A9
 0001:000BFA50 00000DD8 C=CODE     S=.text    G=(none)   M=SetPeriod ACBP=A9
 0001:000C0828 00000380 C=CODE     S=.text    G=(none)   M=SelectTo ACBP=A9
 0001:000C0BA8 00000500 C=CODE     S=.text    G=(none)   M=LastSyncFormUnit ACBP=A9
 0001:000C10A8 000005B0 C=CODE     S=.text    G=(none)   M=pass     ACBP=A9
 0001:000C1658 0000F83C C=CODE     S=.text    G=(none)   M=MainForm ACBP=A9
 0001:000D0E94 00000497 C=CODE     S=.text    G=(none)   M=RplEmail ACBP=A9
 0002:00000000 00000106 C=DATA     S=.data    G=DGROUP   M=System   ACBP=A9
 0002:00000108 00000018 C=DATA     S=.data    G=DGROUP   M=SysInit  ACBP=A9
 0002:00000120 0000024C C=DATA     S=.data    G=DGROUP   M=SysUtils ACBP=A9
 0002:0000036C 00000010 C=DATA     S=.data    G=DGROUP   M=ActiveX  ACBP=A9
 0002:0000037C 00000010 C=DATA     S=.data    G=DGROUP   M=TypInfo  ACBP=A9
 0002:0000038C 00000084 C=DATA     S=.data    G=DGROUP   M=Classes  ACBP=A9
 0002:00000410 000002B4 C=DATA     S=.data    G=DGROUP   M=Graphics ACBP=A9
 0002:000006C4 00000004 C=DATA     S=.data    G=DGROUP   M=Printers ACBP=A9
 0002:000006C8 000000FC C=DATA     S=.data    G=DGROUP   M=StdCtrls ACBP=A9
 0002:000007C4 0000012C C=DATA     S=.data    G=DGROUP   M=Controls ACBP=A9
 0002:000008F0 00000020 C=DATA     S=.data    G=DGROUP   M=ImgList  ACBP=A9
 0002:00000910 000000EC C=DATA     S=.data    G=DGROUP   M=Menus    ACBP=A9
 0002:000009FC 0000013C C=DATA     S=.data    G=DGROUP   M=Forms    ACBP=A9
 0002:00000B38 00000014 C=DATA     S=.data    G=DGROUP   M=ExtCtrls ACBP=A9
 0002:00000B4C 000000B0 C=DATA     S=.data    G=DGROUP   M=Dialogs  ACBP=A9
 0002:00000BFC 0000002C C=DATA     S=.data    G=DGROUP   M=ComObj   ACBP=A9
 0002:00000C28 00000028 C=DATA     S=.data    G=DGROUP   M=ComCtrls ACBP=A9
 0002:00000C50 00000010 C=DATA     S=.data    G=DGROUP   M=Mask     ACBP=A9
 0002:00000C60 00000218 C=DATA     S=.data    G=DGROUP   M=Db       ACBP=A9
 0002:00000E78 000001E0 C=DATA     S=.data    G=DGROUP   M=IB       ACBP=A9
 0002:00001058 00000094 C=DATA     S=.data    G=DGROUP   M=IBCustomDataSet ACBP=A9
 0002:000010EC 00000030 C=DATA     S=.data    G=DGROUP   M=IBServices ACBP=A9
 0002:0000111C 00000018 C=DATA     S=.data    G=DGROUP   M=IBSQLMonitor ACBP=A9
 0002:00001134 0000015C C=DATA     S=.data    G=DGROUP   M=IBDatabase ACBP=A9
 0002:00001290 00000020 C=DATA     S=.data    G=DGROUP   M=VCLUtils ACBP=A9
 0002:000012B0 00000140 C=DATA     S=.data    G=DGROUP   M=B_utils  ACBP=A9
 0002:000013F0 00000008 C=DATA     S=.data    G=DGROUP   M=IniFiles ACBP=A9
 0002:000013F8 00000008 C=DATA     S=.data    G=DGROUP   M=Registry ACBP=A9
 0002:00001400 0000003C C=DATA     S=.data    G=DGROUP   M=DateUtil ACBP=A9
 0002:0000143C 0000002C C=DATA     S=.data    G=DGROUP   M=Buttons  ACBP=A9
 0002:00001468 00000004 C=DATA     S=.data    G=DGROUP   M=RxPrgrss ACBP=A9
 0002:0000146C 00000004 C=DATA     S=.data    G=DGROUP   M=RXProps  ACBP=A9
 0002:00001470 0000000A C=DATA     S=.data    G=DGROUP   M=Placemnt ACBP=A9
 0002:0000147C 00000009 C=DATA     S=.data    G=DGROUP   M=AppUtils ACBP=A9
 0002:00001488 0000002C C=DATA     S=.data    G=DGROUP   M=DBCtrls  ACBP=A9
 0002:000014B4 00000028 C=DATA     S=.data    G=DGROUP   M=DBGrids  ACBP=A9
 0002:000014DC 00000018 C=DATA     S=.data    G=DGROUP   M=RXCtrls  ACBP=A9
 0002:000014F4 00000018 C=DATA     S=.data    G=DGROUP   M=PickDate ACBP=A9
 0002:0000150C 00000018 C=DATA     S=.data    G=DGROUP   M=ToolEdit ACBP=A9
 0002:00001524 00000004 C=DATA     S=.data    G=DGROUP   M=CurrEdit ACBP=A9
 0002:00001528 00000060 C=DATA     S=.data    G=DGROUP   M=RXDBCtrl ACBP=A9
 0002:00001588 00000004 C=DATA     S=.data    G=DGROUP   M=Data1    ACBP=A9
 0002:0000158C 00000280 C=DATA     S=.data    G=DGROUP   M=lzh      ACBP=A9
 0002:0000180C 00000008 C=DATA     S=.data    G=DGROUP   M=LZRW1    ACBP=A9
 0002:00001814 00000104 C=DATA     S=.data    G=DGROUP   M=SakMIME  ACBP=A9
 0002:00001918 0000004C C=DATA     S=.data    G=DGROUP   M=sak_util ACBP=A9
 0002:00001964 00000018 C=DATA     S=.data    G=DGROUP   M=MainForm ACBP=A9
 0002:00003000 000004D0 C=BSS      S=.bss     G=DGROUP   M=System   ACBP=A9
 0002:000034D0 00000018 C=BSS      S=.bss     G=DGROUP   M=SysInit  ACBP=A9
 0002:000034E8 000D005C C=BSS      S=.bss     G=DGROUP   M=LFHeapMemory ACBP=A9
 0002:000D3544 00000004 C=BSS      S=.bss     G=DGROUP   M=Windows  ACBP=A9
 0002:000D3548 00000004 C=BSS      S=.bss     G=DGROUP   M=Messages ACBP=A9
 0002:000D354C 00000004 C=BSS      S=.bss     G=DGROUP   M=SysConst ACBP=A9
 0002:000D3550 00000118 C=BSS      S=.bss     G=DGROUP   M=SysUtils ACBP=A9
 0002:000D3668 00000004 C=BSS      S=.bss     G=DGROUP   M=ActiveX  ACBP=A9
 0002:000D366C 00000004 C=BSS      S=.bss     G=DGROUP   M=Consts   ACBP=A9
 0002:000D3670 00000004 C=BSS      S=.bss     G=DGROUP   M=TypInfo  ACBP=A9
 0002:000D3674 0000003C C=BSS      S=.bss     G=DGROUP   M=Classes  ACBP=A9
 0002:000D36B0 00000060 C=BSS      S=.bss     G=DGROUP   M=Graphics ACBP=A9
 0002:000D3710 00000004 C=BSS      S=.bss     G=DGROUP   M=Contnrs  ACBP=A9
 0002:000D3714 0000000C C=BSS      S=.bss     G=DGROUP   M=Commctrl ACBP=A9
 0002:000D3720 00000031 C=BSS      S=.bss     G=DGROUP   M=MultiMon ACBP=A9
 0002:000D3754 00000004 C=BSS      S=.bss     G=DGROUP   M=Imm      ACBP=A9
 0002:000D3758 00000004 C=BSS      S=.bss     G=DGROUP   M=Math     ACBP=A9
 0002:000D375C 00000004 C=BSS      S=.bss     G=DGROUP   M=WinSpool ACBP=A9
 0002:000D3760 00000004 C=BSS      S=.bss     G=DGROUP   M=Printers ACBP=A9
 0002:000D3764 00000034 C=BSS      S=.bss     G=DGROUP   M=FlatSB   ACBP=A9
 0002:000D3798 00000004 C=BSS      S=.bss     G=DGROUP   M=StdCtrls ACBP=A9
 0002:000D379C 0000000C C=BSS      S=.bss     G=DGROUP   M=Clipbrd  ACBP=A9
 0002:000D37A8 00000004 C=BSS      S=.bss     G=DGROUP   M=StdActns ACBP=A9
 0002:000D37AC 00000070 C=BSS      S=.bss     G=DGROUP   M=Controls ACBP=A9
 0002:000D381C 00000004 C=BSS      S=.bss     G=DGROUP   M=ActnList ACBP=A9
 0002:000D3820 00000004 C=BSS      S=.bss     G=DGROUP   M=ImgList  ACBP=A9
 0002:000D3824 00000010 C=BSS      S=.bss     G=DGROUP   M=Menus    ACBP=A9
 0002:000D3834 00000024 C=BSS      S=.bss     G=DGROUP   M=Forms    ACBP=A9
 0002:000D3858 00000004 C=BSS      S=.bss     G=DGROUP   M=ShellAPI ACBP=A9
 0002:000D385C 00000004 C=BSS      S=.bss     G=DGROUP   M=RegStr   ACBP=A9
 0002:000D3860 00000004 C=BSS      S=.bss     G=DGROUP   M=WinInet  ACBP=A9
 0002:000D3864 00000004 C=BSS      S=.bss     G=DGROUP   M=UrlMon   ACBP=A9
 0002:000D3868 00000004 C=BSS      S=.bss     G=DGROUP   M=ShlObj   ACBP=A9
 0002:000D386C 00000004 C=BSS      S=.bss     G=DGROUP   M=CommDlg  ACBP=A9
 0002:000D3870 00000004 C=BSS      S=.bss     G=DGROUP   M=ExtCtrls ACBP=A9
 0002:000D3874 00000004 C=BSS      S=.bss     G=DGROUP   M=Dlgs     ACBP=A9
 0002:000D3878 00000038 C=BSS      S=.bss     G=DGROUP   M=Dialogs  ACBP=A9
 0002:000D38B0 00000004 C=BSS      S=.bss     G=DGROUP   M=ComConst ACBP=A9
 0002:000D38B4 00000011 C=BSS      S=.bss     G=DGROUP   M=ComObj   ACBP=A9
 0002:000D38C8 00000004 C=BSS      S=.bss     G=DGROUP   M=RichEdit ACBP=A9
 0002:000D38CC 00000004 C=BSS      S=.bss     G=DGROUP   M=ToolWin  ACBP=A9
 0002:000D38D0 00000004 C=BSS      S=.bss     G=DGROUP   M=ComStrs  ACBP=A9
 0002:000D38D4 0000000C C=BSS      S=.bss     G=DGROUP   M=ComCtrls ACBP=A9
 0002:000D38E0 00000004 C=BSS      S=.bss     G=DGROUP   M=OutLookTools ACBP=A9
 0002:000D38E4 00000008 C=BSS      S=.bss     G=DGROUP   M=IBUtils  ACBP=A9
 0002:000D38EC 00000004 C=BSS      S=.bss     G=DGROUP   M=IBExternals ACBP=A9
 0002:000D38F0 00000004 C=BSS      S=.bss     G=DGROUP   M=IBInstallHeader ACBP=A9
 0002:000D38F4 00000004 C=BSS      S=.bss     G=DGROUP   M=DbConsts ACBP=A9
 0002:000D38F8 00000004 C=BSS      S=.bss     G=DGROUP   M=Mask     ACBP=A9
 0002:000D38FC 00000004 C=BSS      S=.bss     G=DGROUP   M=Db       ACBP=A9
 0002:000D3900 00000004 C=BSS      S=.bss     G=DGROUP   M=IBXConst ACBP=A9
 0002:000D3904 0000001D C=BSS      S=.bss     G=DGROUP   M=IB       ACBP=A9
 0002:000D3924 00000004 C=BSS      S=.bss     G=DGROUP   M=IBErrorCodes ACBP=A9
 0002:000D3928 00000004 C=BSS      S=.bss     G=DGROUP   M=StdVCL   ACBP=A9
 0002:000D392C 00000004 C=BSS      S=.bss     G=DGROUP   M=IBCustomDataSet ACBP=A9
 0002:000D3930 00000004 C=BSS      S=.bss     G=DGROUP   M=IBBlob   ACBP=A9
 0002:000D3934 00000004 C=BSS      S=.bss     G=DGROUP   M=DBLogDlg ACBP=A9
 0002:000D3938 00000004 C=BSS      S=.bss     G=DGROUP   M=IBDialogs ACBP=A9
 0002:000D393C 00000004 C=BSS      S=.bss     G=DGROUP   M=IBServices ACBP=A9
 0002:000D3940 00000060 C=BSS      S=.bss     G=DGROUP   M=IBSQLMonitor ACBP=A9
 0002:000D39A0 00000004 C=BSS      S=.bss     G=DGROUP   M=IBDatabaseInfo ACBP=A9
 0002:000D39A4 00000004 C=BSS      S=.bss     G=DGROUP   M=IBSQL    ACBP=A9
 0002:000D39A8 00000010 C=BSS      S=.bss     G=DGROUP   M=IBXMLHeader ACBP=A9
 0002:000D39B8 000000EC C=BSS      S=.bss     G=DGROUP   M=IBIntf   ACBP=A9
 0002:000D3AA4 00000004 C=BSS      S=.bss     G=DGROUP   M=IBHeader ACBP=A9
 0002:000D3AA8 00000004 C=BSS      S=.bss     G=DGROUP   M=IBDatabase ACBP=A9
 0002:000D3AAC 00000004 C=BSS      S=.bss     G=DGROUP   M=IBQuery  ACBP=A9
 0002:000D3AB0 00000004 C=BSS      S=.bss     G=DGROUP   M=MaxMin   ACBP=A9
 0002:000D3AB4 00000004 C=BSS      S=.bss     G=DGROUP   M=RXConst  ACBP=A9
 0002:000D3AB8 00000004 C=BSS      S=.bss     G=DGROUP   M=RXCConst ACBP=A9
 0002:000D3ABC 00000004 C=BSS      S=.bss     G=DGROUP   M=VCLUtils ACBP=A9
 0002:000D3AC0 00000004 C=BSS      S=.bss     G=DGROUP   M=B_utils  ACBP=A9
 0002:000D3AC4 00000004 C=BSS      S=.bss     G=DGROUP   M=IniFiles ACBP=A9
 0002:000D3AC8 00000004 C=BSS      S=.bss     G=DGROUP   M=Registry ACBP=A9
 0002:000D3ACC 00000004 C=BSS      S=.bss     G=DGROUP   M=RXDConst ACBP=A9
 0002:000D3AD0 00000004 C=BSS      S=.bss     G=DGROUP   M=StrUtils ACBP=A9
 0002:000D3AD4 00000008 C=BSS      S=.bss     G=DGROUP   M=DateUtil ACBP=A9
 0002:000D3ADC 00000030 C=BSS      S=.bss     G=DGROUP   M=Buttons  ACBP=A9
 0002:000D3B0C 00000004 C=BSS      S=.bss     G=DGROUP   M=FileCtrl ACBP=A9
 0002:000D3B10 00000004 C=BSS      S=.bss     G=DGROUP   M=Gauges   ACBP=A9
 0002:000D3B14 00000004 C=BSS      S=.bss     G=DGROUP   M=RxPrgrss ACBP=A9
 0002:000D3B18 00000004 C=BSS      S=.bss     G=DGROUP   M=FileUtil ACBP=A9
 0002:000D3B1C 00000004 C=BSS      S=.bss     G=DGROUP   M=Grids    ACBP=A9
 0002:000D3B20 00000008 C=BSS      S=.bss     G=DGROUP   M=RxHook   ACBP=A9
 0002:000D3B28 00000004 C=BSS      S=.bss     G=DGROUP   M=RXProps  ACBP=A9
 0002:000D3B2C 00000004 C=BSS      S=.bss     G=DGROUP   M=Placemnt ACBP=A9
 0002:000D3B30 00000004 C=BSS      S=.bss     G=DGROUP   M=AppUtils ACBP=A9
 0002:000D3B34 00000004 C=BSS      S=.bss     G=DGROUP   M=DBUtils  ACBP=A9
 0002:000D3B38 00000004 C=BSS      S=.bss     G=DGROUP   M=RxMemDS  ACBP=A9
 0002:000D3B3C 00000004 C=BSS      S=.bss     G=DGROUP   M=DBCtrls  ACBP=A9
 0002:000D3B40 0000000C C=BSS      S=.bss     G=DGROUP   M=DBGrids  ACBP=A9
 0002:000D3B4C 00000004 C=BSS      S=.bss     G=DGROUP   M=RxTimer  ACBP=A9
 0002:000D3B50 00000004 C=BSS      S=.bss     G=DGROUP   M=RXCtrls  ACBP=A9
 0002:000D3B54 00000004 C=BSS      S=.bss     G=DGROUP   M=ExtDlgs  ACBP=A9
 0002:000D3B58 00000004 C=BSS      S=.bss     G=DGROUP   M=PickDate ACBP=A9
 0002:000D3B5C 00000004 C=BSS      S=.bss     G=DGROUP   M=ToolEdit ACBP=A9
 0002:000D3B60 00000004 C=BSS      S=.bss     G=DGROUP   M=RxCalc   ACBP=A9
 0002:000D3B64 00000004 C=BSS      S=.bss     G=DGROUP   M=CurrEdit ACBP=A9
 0002:000D3B68 00000004 C=BSS      S=.bss     G=DGROUP   M=RXDBCtrl ACBP=A9
 0002:000D3B6C 00000008 C=BSS      S=.bss     G=DGROUP   M=FormDebug ACBP=A9
 0002:000D3B74 00000C8C C=BSS      S=.bss     G=DGROUP   M=Data1    ACBP=A9
 0002:000D4800 00000004 C=BSS      S=.bss     G=DGROUP   M=lzh      ACBP=A9
 0002:000D4804 00000004 C=BSS      S=.bss     G=DGROUP   M=LZRW1KH  ACBP=A9
 0002:000D4808 00000004 C=BSS      S=.bss     G=DGROUP   M=LZRW1    ACBP=A9
 0002:000D480C 00000004 C=BSS      S=.bss     G=DGROUP   M=WinSock  ACBP=A9
 0002:000D4810 00000004 C=BSS      S=.bss     G=DGROUP   M=SyncObjs ACBP=A9
 0002:000D4814 00000194 C=BSS      S=.bss     G=DGROUP   M=ScktComp ACBP=A9
 0002:000D49A8 00000004 C=BSS      S=.bss     G=DGROUP   M=SakMIME  ACBP=A9
 0002:000D49AC 00000004 C=BSS      S=.bss     G=DGROUP   M=sak_util ACBP=A9
 0002:000D49B0 00000004 C=BSS      S=.bss     G=DGROUP   M=SakAttFile ACBP=A9
 0002:000D49B4 00000004 C=BSS      S=.bss     G=DGROUP   M=SakMsg   ACBP=A9
 0002:000D49B8 00000004 C=BSS      S=.bss     G=DGROUP   M=SakSMTP  ACBP=A9
 0002:000D49BC 00000048 C=BSS      S=.bss     G=DGROUP   M=TLHelp32 ACBP=A9
 0002:000D4A04 00000004 C=BSS      S=.bss     G=DGROUP   M=NMConst  ACBP=A9
 0002:000D4A08 00000008 C=BSS      S=.bss     G=DGROUP   M=Psock    ACBP=A9
 0002:000D4A10 00000004 C=BSS      S=.bss     G=DGROUP   M=NMMSG    ACBP=A9
 0002:000D4A14 00000008 C=BSS      S=.bss     G=DGROUP   M=SetPeriod ACBP=A9
 0002:000D4A1C 00000008 C=BSS      S=.bss     G=DGROUP   M=SelectTo ACBP=A9
 0002:000D4A24 00000008 C=BSS      S=.bss     G=DGROUP   M=LastSyncFormUnit ACBP=A9
 0002:000D4A2C 00000010 C=BSS      S=.bss     G=DGROUP   M=pass     ACBP=A9
 0002:000D4A3C 00021764 C=BSS      S=.bss     G=DGROUP   M=MainForm ACBP=A9


  Address         Publics by Name

 0002:000000C4       .
 0001:00005A74       .
 0001:00005EFC       .
 0001:0000DA40       .
 0001:00005F4C       .
 0002:000D3878       .01
 0002:000D3B50       .01
 0002:000D392C       .01
 0002:000D37A8       .02
 0002:000D3AB4       .1
 0002:000D3AB0       .1
 0002:000D49BC       .1
 0002:000D3784       .1
 0002:000D38F4       .1
 0002:000D3ACC       .1
 0002:000D38F0       .1
 0002:000D38EC       .1
 0002:000D3754       .1
 0002:000D38E8       .1
 0002:000D38D0       .1
 0002:000D3740       .1
 0002:000D3714       .1
 0002:000D3AD0       .1
 0002:000D38C8       .1
 0002:000D3AD8       .1
 0002:000D38B0       .1
 0002:000D3AA4       .1
 0002:000D3874       .1
 0002:000D49AC       .1
 0002:000D3A90       .1
 0002:000D480C       .1
 0002:000034E8       .1
 0002:000D3B14       .1
 0002:000D3B30       .1
 0002:000034E0       .1
 0002:000D3B18       .1
 0002:000D366C       .1
 0002:000D39B4       .1
 0002:000D386C       .1
 0002:000D3858       .1
 0002:000D385C       .1
 0002:000D3860       .1
 0002:000D3864       .1
 0002:000D3868       .1
 0002:000D3AB8       .1
 0002:000D3B58       .1
 0002:000D4A04       .1
 0002:000D354C       .1
 0002:000D3938       .1
 0002:000D3900       .1
 0002:000D3924       .1
 0002:000D3548       .1
 0002:000D3928       .1
 0002:000D3B5C       .11
 0002:000D38FC       .16
 0002:000D3B34       .2
 0002:000D3B10       .2
 0002:000D4A18       .2
 0002:000D4A38       .2
 0002:000D4A20       .2
 0002:000D3B4C       .2
 0002:000D37A0       .2
 0002:000D3B70       .2
 0002:000D49B8       .2
 0002:000D3ABC       .2
 0002:000D3B20       .2
 0002:000D4A28       .2
 0002:000D3AAC       .2
 0002:000D3934       .2
 0002:000D39A0       .2
 0002:000D3758       .2
 0002:000D3930       .2
 0002:000D39A4       .21
 0002:000D3798       .22
 0002:000D37B4       .22
 0002:000D3B3C       .22
 0002:000D393C       .23
 0002:000D38E0       .3
 0002:000D3820       .3
 0002:000D3AC0       .3
 0002:000D4800       .3
 0002:000D49A8       .3
 0002:000D47FC       .3
 0002:000D3B54       .3
 0002:000D4804       .3
 0002:000D49B4       .3
 0002:000D4A10       .3
 0002:000D4808       .3
 0002:000D3940       .3
 0002:000D3B28       .3
 0002:000D3B60       .3
 0002:000D3ADC       .3
 0002:000D49B0       .3
 0002:000D3544       .3
 0002:0000342C       .3
 0002:000D3668       .3
 0002:000D375C       .3
 0002:000D3760       .3
 0002:000D38CC       .4
 0002:000D3B38       .4
 0002:000D3AC4       .4
 0002:000D4814       .41
 0002:000D3658       .44
 0002:000D38D4       .45
 0002:000D3B64       .5
 0002:000D3B0C       .5
 0002:000D3AC8       .5
 0002:000D3670       .5
 0002:000D383C       .51
 0002:000D4810       .6
 0002:000D38F8       .6
 0002:000F619C       .6
 0002:000D3B68       .6
 0002:000D391C       .6
 0002:000D3870       .61
 0002:000D38B4       .61
 0002:000D3B2C       .7
 0002:000D381C       .7
 0002:000D3AA8       .7
 0002:000D4A08       .8
 0002:000D36B4       .81
 0002:000D367C       .84
 0002:000D3B1C       .9
 0002:000D3710       .9
 0002:000D382C       .9
 0002:000D3B40       .9
 0001:00001B74       @AbstractError
 0001:0000243C       @AfterConstruction
 0001:00005F45       @Append
 0001:00002234       @AsClass
 0001:00005C76       @Assign
 0001:00001C90       @AStrCmp
 0001:00002444       @BeforeDestruction
 0001:00002280       @CallDynaInst
 0001:000023E4       @ClassCreate
 0001:00002434       @ClassDestroy
 0001:00005D18       @Close
 0001:00001914       @Copy
 0001:000039F8       @CopyArray
 0001:000038DC       @CopyRecord
 0001:00003C94       @DispInvoke
 0001:00003C9C       @DispInvokeError
 0001:00003B00       @Dispose
 0001:000028AC       @DoneExcept
 0001:00005374       @DynArrayAsg
 0001:00005338       @DynArrayClear
 0001:00005178       @DynArrayHigh
 0001:00005170       @DynArrayLength
 0001:0000532C       @DynArraySetLength
 0001:00005D54       @EofText
 0001:000029A0       @ExceptionHandler
 0001:00005D88       @FileSize
 0001:00001D00       @FillChar
 0001:000038D0       @Finalize
 0001:000037E8       @FinalizeArray
 0001:000037BC       @FinalizeRecord
 0001:00002298       @FindDynaInst
 0001:00005CF1       @Flush
 0001:00001FD8       @FpuInit
 0001:00001F14       @FpuMaskInit
 0001:00001B30       @FRAC
 0001:000017B8       @FreeMem
 0001:000017A0       @GetMem
 0001:00006930       @GetTls
 0001:00002D54       @Halt
 0001:00002C34       @Halt0
 0001:00002550       @HandleAnyException
 0001:00002804       @HandleFinally
 0001:0000267C       @HandleOnException
 0001:000069C0       @InitExe
 0001:000037B0       @Initialize
 0001:0000371C       @InitializeArray
 0001:000036F0       @InitializeRecord
 0001:00002B90       @InitImports
 0001:00002B74       @InitResStringImports
 0001:000059D0       @IntfAddRef
 0001:0000599C       @IntfClear
 0001:000059B4       @IntfCopy
 0001:00001FE4       @IntOver
 0001:0000221C       @IsClass
 0001:00001EE4       @isNECWindows
 0001:00003224       @LStrAddRef
 0001:00002E14       @LStrArrayClr
 0001:00002E44       @LStrAsg
 0001:00003078       @LStrCat
 0001:000030BC       @LStrCat3
 0001:00003130       @LStrCatN
 0001:00002DF0       @LStrClr
 0001:00003180       @LStrCmp
 0001:00003278       @LStrCopy
 0001:000032B8       @LStrDelete
 0001:00003020       @LStrFromArray
 0001:00002F98       @LStrFromChar
 0001:00002FA8       @LStrFromPChar
 0001:00002ED8       @LStrFromPCharLen
 0001:00002FD8       @LStrFromPWChar
 0001:00002F08       @LStrFromPWCharLen
 0001:00003014       @LStrFromString
 0001:00003038       @LStrFromWStr
 0001:00003300       @LStrInsert
 0001:00002E88       @LStrLAsg
 0001:00003070       @LStrLen
 0001:0000335C       @LStrPos
 0001:000033A4       @LStrSetLength
 0001:00003234       @LStrToPChar
 0001:0000304C       @LStrToString
 0001:00003AEC       @New
 0001:00002EB4       @NewAnsiString
 0001:00003648       @NewWideString
 0001:00004480       @OleVarFromVar
 0001:000061FC       @Pow10
 0001:00001C0C       @PStrCmp
 0001:00001BC0       @PStrCpy
 0001:00001B90       @PStrNCat
 0001:00001BDC       @PStrNCpy
 0001:00002858       @RaiseAgain
 0001:0000283C       @RaiseExcept
 0001:00001D20       @RandInt
 0001:00005DC8       @ReadChar
 0001:00005E47       @ReadCString
 0001:00005ED4       @ReadLn
 0001:00003430       @ReadLString
 0001:00005E3C       @ReadString
 0001:000017D0       @ReallocMem
 0001:0000604D       @ResetFile
 0001:00005F37       @ResetText
 0001:00006064       @RewritFile
 0001:00005F3E       @RewritText
 0001:00001B4C       @ROUND
 0001:00002D60       @RunError
 0001:00001EAC       @SetElem
 0001:00001AE0       @SetLength
 0001:00001ED0       @SetUnion
 0001:00002B44       @StartExe
 0001:00004F30       @Str0Int64
 0001:00001D98       @Str0Long
 0001:00004E70       @StrInt64
 0001:00001D38       @StrLong
 0001:00001B58       @TRUNC
 0001:000028DC       @TryFinallyExit
 0001:00004F4C       @ValInt64
 0001:00001DA4       @ValLong
 0001:00004854       @VarAdd
 0001:00004AAC       @VarAddRef
 0001:00004CD8       @VarArrayGet
 0001:00004D6C       @VarArrayPut
 0001:00003F0C       @VarCast
 0001:00003CB4       @VarClear
 0001:00004AA4       @VarClr
 0001:00004994       @VarCmp
 0001:00003CF8       @VarCopy
 0001:000042A8       @VarFromBool
 0001:000042F8       @VarFromCurr
 0001:000043F8       @VarFromDisp
 0001:00004290       @VarFromInt
 0001:000043D4       @VarFromIntf
 0001:00004360       @VarFromLStr
 0001:00004310       @VarFromPStr
 0001:000042C8       @VarFromReal
 0001:000042E0       @VarFromTDateTime
 0001:000043A0       @VarFromWStr
 0001:0000406C       @VarToBool
 0001:000040FC       @VarToCurr
 0001:00004000       @VarToInt
 0001:0000423C       @VarToIntf
 0001:00004158       @VarToLStr
 0001:000040A0       @VarToReal
 0001:00004194       @VarToWStr
 0001:00006163       @Write0Char
 0001:000061CC       @Write0CString
 0001:00003408       @Write0LString
 0001:00006128       @Write0String
 0001:00006084       @WriteBytes
 0001:000061B5       @WriteChar
 0001:000061D0       @WriteCString
 0001:0000614F       @WriteLn
 0001:00003410       @WriteLString
 0001:000060EF       @WriteSpaces
 0001:00006132       @WriteString
 0001:000034CC       @WStrArrayClr
 0001:000034F0       @WStrAsg
 0001:000035E8       @WStrCat
 0001:000034B4       @WStrClr
 0001:00003660       @WStrCopy
 0001:000035BC       @WStrFromLStr
 0001:00003514       @WStrFromPCharLen
 0001:00003598       @WStrFromPWCharLen
 0001:000035DC       @WStrLen
 0001:000036AC       @WStrSetLength
 0001:000035CC       @WStrToPWChar
 0001:00001E88       @_CLenToPasStr
 0001:00001E70       @_CToPasStr
 0001:00005CCC       @_Flush
 0001:000018D8       @_IOTest
 0001:00006516       @_lldiv
 0001:0000658E       @_lldivo
 0001:00006609       @_llmod
 0001:00006683       @_llmodo
 0001:000064D0       @_llmul
 0001:000064F3       @_llmulo
 0001:00006703       @_llshl
 0001:000065C0       @_lludiv
 0001:000066B5       @_llumod
 0001:0000673B       @_llushr
 0001:0000C018       Abort
 0001:0002F98C       AbsMin
 0001:0000C410       AbstractErrorHandler
 0002:0000301C       AbstractErrorProc
 0002:0000019C       AccessMode
 0001:00007264       ActivateKeyboardLayout
 0002:000D37DC       ActiveDrag
 0001:0000E570       ActiveX
 0001:0003D838       ActnList
 0001:000004D8       AddBlockAfter
 0001:00008914       AddExitProc
 0001:000627DC       AddFieldDefs
 0001:00062A38       AddFields
 0001:0009E374       AddFields
 0001:00084EAC       AddFieldToList
 0001:000143EC       AddFinished
 0001:00040DA4       AddIn
 0001:000057E8       AddModuleUnloadProc
 0001:000057D8       AddModuleUnloadProc
 0001:00014424       AddNotFinished
 0001:000183F4       AddThread
 0001:0007E330       AddToProcessedSQL
 0001:0007A3FC       AddWriter
 0001:00086740       add_SQL
 0002:00001968       ADD_TIME
 0001:0001D158       AdjustColor
 0001:000543F0       AdjustColors
 0001:0006D038       AdjustFirstRecord
 0001:00008CB0       AdjustLineBreaks
 0001:00048394       Adjustment
 0001:0000726C       AdjustWindowRectEx
 0002:00001970       AdminEmail
 0001:0000D3B0       AL1
 0002:00000354       AL1s
 0001:0000D3C0       AL2
 0002:00000360       AL2s
 0002:00001294       AlignFlags
 0002:000014B8       AlignFlags
 0002:000014DC       Alignments
 0002:000009D4       Alignments
 0002:000009E4       Alignments
 0002:000006D0       Alignments
 0002:00000770       Alignments
 0002:00000710       Alignments
 0002:0000150C       Alignments
 0002:00000B40       Alignments
 0001:00034908       AlignWork
 0001:0004F344       AlignWork
 0001:00047DC0       AllocateHWnd
 0001:0001836C       AllocateWindow
 0001:000088C8       AllocMem
 0002:00003424       AllocMemCount
 0001:00085F94       AllocMemo
 0002:00003428       AllocMemSize
 0001:000222EC       AllocPatternBitmap
 0001:0000D42C       ALR
 0001:0000D3D8       ALV
 0001:00017304       AncestorValid
 0002:000007CC       AnchorAlign
 0001:00008B60       AnsiCompareStr
 0001:00008B98       AnsiCompareText
 0001:000090BC       AnsiLastChar
 0001:00007274       AnsiLower
 0001:00008B2C       AnsiLowerCase
 0001:0000CBD4       AnsiLowerCaseFileName
 0001:0000CB9C       AnsiPos
 0001:000452CC       AnsiSameCaption
 0001:00008BD0       AnsiSameText
 0001:00008C0C       AnsiStrLIComp
 0001:0000CC60       AnsiStrPos
 0001:0000CD00       AnsiStrRScan
 0001:0000CD28       AnsiStrScan
 0001:00008AF8       AnsiUpperCase
 0001:00003D94       AnyChangeType
 0001:000048F8       AnyCmp
 0001:00004570       AnyOp
 0001:000041CC       AnyToIntf
 0001:0000A2FC       AppendChars
 0001:0000A6C4       AppendFormat
 0001:0000A360       AppendNumber
 0001:0000A340       AppendString
 0002:000D3834       Application
 0001:000940B4       AppUtils
 0002:00000B30       AppVisible
 0001:00086850       ARGC
 0001:00086980       ARGV
 0002:00000C5C       ArrowKey
 0002:000F5CA0       ArrREShops
 0002:000F5798       ArrShops
 0002:000D4C10       ARR_ALLTABLE
 0002:000D5BB0       ARR_NOFIELD
 0001:0000C3F4       AssertErrorHandler
 0002:00003018       AssertErrorProc
 0001:0000EE98       AssignLongStr
 0001:000767F0       AssignParams
 0001:00008998       AssignStr
 0001:0000F1E0       AssignVariant
 0001:0000EF2C       AssignWideStr
 0002:00001978       AtomText
 0001:000632BC       AttributeSetStored
 0002:000D47F8       AUTOMODE
 0002:00003478       avail
 0001:00009284       BackfillGetDiskFreeSpaceEx
 0001:0003228C       BackgroundClipped
 0002:00000E54       BaseFieldTypes
 0002:0000006C       BaseTypeMap
 0001:00061474       BCDToCurr
 0002:000D3980       bDone
 0001:00085DF0       Beep
 0001:000110E8       BeginGlobalLoading
 0001:0000727C       BeginPaint
 0001:00002DA4       BeginThread
 0001:0001D164       BetterSize
 0001:00053D0C       BevelLine
 0001:00053C1C       BevelRect
 0001:00041B34       BiDiDraw
 0001:000B769C       bind
 0001:00007014       BitBlt
 0002:0000143C       BitBtnCaptions
 0002:000D3AE0       BitBtnGlyphs
 0002:00000678       BitmapCanvasList
 0002:000D36CC       BitmapImageLock
 0002:000D39B8       BLOB_get
 0002:000D39BC       BLOB_put
 0002:00000A18       BlockCode
 0002:00003450       blockDescBlockList
 0002:00003454       blockDescFreeList
 0002:0000037C       BooleanIdents
 0002:00000A88       BorderStyles
 0002:00000B38       BorderStyles
 0002:000006C8       BorderStyles
 0001:000109F4       Bounds
 0002:0000097C       Breaks
 0002:000D3704       BrushManager
 0002:00001488       BtnHintId
 0001:0006C7A8       BufferToByteArray
 0001:0008A6B0       Build
 0001:000440B8       BuildImage
 0002:00000BA4       ButtonCaptions
 0002:000014F0       ButtonCount
 0002:00000B78       ButtonNames
 0002:000009F8       Buttons
 0001:00089F84       Buttons
 0002:00000768       ButtonStyles
 0002:000D3884       ButtonWidths
 0001:0006C860       ByteArrayToBuffer
 0001:000BBBBC       ByteFromTable
 0001:0001C944       BytesPerScanline
 0001:0001CC9C       ByteSwapColors
 0001:0000CA14       ByteToCharIndex
 0001:0000C9EC       ByteToCharLen
 0001:0000C9B0       ByteType
 0001:0000C938       ByteTypeTest
 0001:00087320       B_utils
 0002:000000C0       C10000
 0002:00000388       C10000
 0001:0008CA64       CalcAxis
 0001:0008D730       CalcAxis
 0001:0008CCA0       CalcAxisState
 0002:00001524       CalcBitmap
 0001:00095568       CalcDataSize
 0001:000953E4       CalcFieldLen
 0001:0008CAE8       CalcFixedAxis
 0001:00047CFC       CalcJmpOffset
 0001:0008CBFC       CalcMaxCell
 0001:0008EBD0       CalcPageExtents
 0001:0008E4CC       CalcScroll
 0001:0008DB34       CalcScrollBar
 0001:0008E830       CalcSizeInfo
 0001:0003BD6C       CalcSplitterPos
 0001:000AFD74       CalcTitleRect
 0001:00068108       CalcTotalSize
 0001:000632FC       CalculatedStored
 0001:00007284       CallNextHookEx
 0001:0000D374       CallTerminateProcs
 0001:0000728C       CallWindowProc
 0001:00030904       CancelDrag
 0001:0006DD48       CancelNestedDataSets
 0002:000F5C78       CanInsertLog
 0002:000D37EC       CanvasList
 0002:000D3708       CanvasList
 0002:00000B50       Captions
 0002:00000884       CaptureControl
 0002:00001518       CaretWidth
 0002:0000091C       cBooleanToItemAutoFlag
 0002:00001400       CenturyOffset
 0002:000D379E       CF_COMPONENT
 0002:000D379C       CF_PICTURE
 0002:000033EC       ChangeAnyProc
 0001:0002F038       ChangeBiDiModeAlignment
 0001:0000913C       ChangeFileExt
 0001:00003E00       ChangeSourceAny
 0002:000006F0       CharCases
 0002:00000754       CharCases
 0001:00007294       CharLowerBuff
 0001:000002C4       CharNext
 0001:0001B024       CharsetToIdent
 0001:0000CAD8       CharToByteIndex
 0001:0000CB3C       CharToByteLen
 0001:0000729C       CharUpperBuff
 0001:0001D72C       CheckBool
 0001:000B8530       CheckError
 0001:000A10A8       CheckForPassthroughs
 0001:0007F960       CheckIBLoaded
 0001:000024CC       CheckJmp
 0001:000072A4       CheckMenuItem
 0001:0006CC68       CheckNestedBrowseMode
 0001:000848E4       CheckRequiredParams
 0002:0000096C       Checks
 0001:00094484       CheckSection
 0001:000B7FAC       CheckSocketResult
 0001:0006F218       CheckStatusVector
 0001:000AEB0C       CheckTab
 0001:000864C8       CheckTaskWindow
 0001:00047C0C       CheckTaskWindow
 0001:00030634       CheckUndock
 0002:00000920       cItemAutoFlagToBoolean
 0002:00000918       cItemAutoFlagToMenu
 0002:000D3684       ClassAliasList
 0001:0001974C       Classes
 0002:000D3680       ClassList
 0001:00010A1C       ClassNotFound
 0001:000B8110       Cleanup
 0002:000033E8       ClearAnyProc
 0001:0001A99C       ClearColor
 0001:00056990       ClearExcepInfo
 0001:000A06F4       ClearSelection
 0001:000AE8A8       ClearSelections
 0001:000072AC       ClientToScreen
 0001:00039790       ClientToWindow
 0001:0002CF94       Clipboard
 0002:00000670       ClipboardFormats
 0001:0002CFF0       Clipbrd
 0001:000072B4       CloseClipboard
 0001:00006D7C       CloseHandle
 0001:0000025C       CloseHandle
 0001:000B76A4       closesocket
 0001:0007A464       CloseThreads
 0001:0000E51C       CLSIDFromProgID
 0002:00003030       CmdLine
 0002:0000302C       CmdShow
 0002:00000914       cMenuAutoFlagToItem
 0002:000F5C9C       CntREShops
 0002:000F5794       CntShops
 0002:000D4C0C       Cnt_AllTable
 0002:000D4C08       Cnt_Nofield
 0002:00000C04       CoAddRefServerProcess
 0001:0000E514       CoCreateInstance
 0002:00000BFC       CoCreateInstanceEx
 0002:000F578C       CODE_SHOP
 0002:00000C14       CoInitFlags
 0001:0000E504       CoInitialize
 0002:00000C00       CoInitializeEx
 0001:000113B0       CollectionsEqual
 0002:00000440       Colors
 0001:0001AE1C       ColorToIdent
 0001:0001AE0C       ColorToRGB
 0002:00000740       ComboBoxStyles
 0002:000D38BC       ComClassManagerVar
 0001:00055E10       ComConst
 0002:000D3718       ComCtl32DLL
 0001:000586EC       ComCtrls
 0002:000D3830       CommandPool
 0001:0002294C       Commctrl
 0001:00051E70       CommDlg
 0001:000007B8       Commit
 0002:0000196C       CommitInterval
 0002:00003494       committedRoot
 0001:00056C5C       ComObj
 0001:0008AA24       CompareExtents
 0001:000940BC       CompareField
 0001:000950D4       CompareFields
 0001:00040414       CompareFront
 0001:00008A60       CompareMem
 0001:000941DC       CompareRecord
 0001:00008A30       CompareStr
 0001:00006D84       CompareString
 0001:00008A80       CompareText
 0001:00014DA8       ComponentCreated
 0001:0001D4FC       ComputeAldusChecksum
 0001:00056D50       ComStrs
 0001:000B76AC       connect
 0001:0000E9C0       Consts
 0001:000227B4       Contnrs
 0002:000D37BA       ControlAtom
 0001:0003C9F4       Controls
 0001:000CF8B4       CONTROLSUMM
 0001:0000BE08       ConvertAddr
 0001:0000A450       ConvertEraString
 0001:00008850       ConvertError
 0001:00008868       ConvertErrorFmt
 0001:0000A5BC       ConvertYearString
 0001:00005180       CopyArray
 0001:0001F9A8       CopyBitmap
 0001:00020068       CopyBitmapAsMask
 0001:0000701C       CopyEnhMetaFile
 0001:000A703C       CopyImage
 0002:000D38E4       CopyMasterFieldToDetail
 0001:000733F8       CopyOldBuffer
 0001:00020004       CopyPalette
 0001:0008515C       CopyParentImage
 0001:00043254       CopyToBest
 0002:00000C08       CoReleaseServerProcess
 0002:00000C0C       CoResumeClassObjects
 0002:00000C10       CoSuspendClassObjects
 0001:0000E50C       CoUninitialize
 0001:0000CA64       CountChars
 0002:000D36E4       CounterLock
 0001:0000C338       CreateAssertException
 0001:0000C4D0       CreateAVObject
 0001:00007024       CreateBitmap
 0001:0000702C       CreateBrushIndirect
 0001:000072BC       CreateCaret
 0001:00007034       CreateCompatibleBitmap
 0001:0000703C       CreateCompatibleDC
 0001:00014E28       CreateComponent
 0001:000A9CD0       CreateDateDialog
 0001:0000704C       CreateDIBitmap
 0001:00007044       CreateDIBSection
 0001:00085C10       CreateDisabledBitmap
 0001:000859A8       CreateDisabledBitmapEx
 0001:000AC620       CreateEllipsisGlyph
 0001:00006D8C       CreateEvent
 0001:0006BAB4       CreateFieldDefs
 0001:00006D94       CreateFile
 0001:00000264       CreateFileA
 0001:00006D9C       CreateFileMapping
 0001:00007054       CreateFontIndirect
 0001:0000705C       CreateHalftonePalette
 0001:000072C4       CreateIcon
 0001:0000C274       CreateInOutError
 0001:000789BC       CreateLocalEvent
 0001:000072CC       CreateMenu
 0001:000555B8       CreateMessageDialog
 0001:00006DA4       CreateMutex
 0001:000561BC       CreateOleObject
 0001:00007064       CreatePalette
 0001:0000706C       CreatePenIndirect
 0001:000A8764       CreatePopupCalendar
 0001:000072D4       CreatePopupMenu
 0001:00007074       CreateSolidBrush
 0001:0001CCF4       CreateSystemPalette
 0001:00006DAC       CreateThread
 0001:000002CC       CreateThread
 0001:000BF904       CreateToolhelp32Snapshot
 0001:00007888       CreateWindow
 0001:000072DC       CreateWindowEx
 0002:000007C4       CreationControl
 0001:00093838       CrtResString
 0002:000D3988       CS
 0002:000007BC       CSHREDRAW
 0002:000008C0       Ctl3DStyles
 0001:0008AC58       Ctrl
 0002:0000348C       curAlloc
 0001:000AD9C8       CurrEdit
 0002:000D3558       CurrencyDecimals
 0002:000D3554       CurrencyFormat
 0002:000D3550       CurrencyString
 0001:000892B8       CurrentYear
 0001:0000A2E8       CurrentYear
 0001:000613E8       CurrToBCD
 0001:00009B34       CurrToStr
 0001:00009B9C       CurrToStrF
 0002:00000AB4       CursorMap
 0002:000007D4       Cursors
 0001:0002F2E4       CursorToIdent
 0002:000F6151       CustomTable
 0002:000F6168       CustomTableName
 0002:00000030       cwChop
 0002:00000D94       CWNear
 0001:000B2DF8       Data1
 0001:00061268       DatabaseError
 0001:00061314       DatabaseErrorFmt
 0002:000F5C48       DataBase_path
 0002:000F616C       DataFileEmpty
 0002:000D3B74       DataModule1
 0001:000942A4       DataSetLocateThrough
 0001:00094440       DataSetSectionName
 0001:0008813C       DataTypeToRegData
 0001:0000A26C       Date
 0002:00001520       DateBitmap
 0001:000B2C10       DateOfDateTime
 0002:000D3559       DateSeparator
 0001:0006C760       DateTimeToNative
 0001:0000AEC4       DateTimeToStr
 0001:0000AE38       DateTimeToString
 0001:00009D8C       DateTimeToTimeStamp
 0001:0000AE94       DateToStr
 0001:00089D94       DateUtil
 0001:000870CC       DATE_SOKR
 0001:0000A244       DayOfWeek
 0002:0000140C       DaysInMonth
 0001:000891EC       DaysPerMonth
 0001:0006E908       Db
 0001:000590CC       DbConsts
 0001:0009A080       DBCtrls
 0001:000A3A28       DBGrids
 0001:00078214       DBLogDlg
 0001:000981D0       DBUseRightToLeftAlignment
 0001:000948BC       DBUtils
 0002:00001380       DC11
 0002:0000043C       DDBsOnly
 0001:00047E74       DeallocateHWnd
 0002:00000008       DebugHook
 0002:000013A8       DEC
 0002:000D3557       DecimalSeparator
 0001:0000A224       DecodeDate
 0001:00009F0C       DecodeTime
 0002:00001818       DecodingTable
 0001:0000084C       Decommit
 0001:00000E68       DecommitFree
 0002:00003468       decommittedRoot
 0001:0004A7C8       Default
 0001:0004FDF0       Default
 0002:00000000       Default8087CW
 0002:00000C50       DefaultBlank
 0002:000007C8       DefaultDockTreeClass
 0002:00001058       DefaultFieldClasses
 0002:00000C60       DefaultFieldClasses
 0002:00000640       DefBrushData
 0002:00001480       DefCompanyName
 0001:00089B60       DefDateFormat
 0001:00089C64       DefDateMask
 0002:00000410       DefFontData
 0001:000072E4       DefFrameProc
 0002:0000024C       DefLongDayNames
 0002:00000200       DefLongMonthNames
 0001:000072EC       DefMDIChildProc
 0002:00000620       DefPenData
 0002:00000230       DefShortDayNames
 0002:000001D0       DefShortMonthNames
 0001:000072F4       DefWindowProc
 0001:00085E98       Delay
 0001:00000508       DeleteBlock
 0001:00006DB4       DeleteCriticalSection
 0001:00000478       DeleteCriticalSection
 0001:0000707C       DeleteDC
 0001:00007084       DeleteEnhMetaFile
 0001:000867A8       DELETEF
 0001:000090A4       DeleteFile
 0001:00006DBC       DeleteFile
 0001:00000CB0       DeleteFree
 0001:000072FC       DeleteMenu
 0001:0000708C       DeleteObject
 0001:000AEBB8       DeletePrompt
 0001:000A0AE8       DeletePrompt
 0001:0001F564       DeselectBitmap
 0001:00007304       DestroyCursor
 0001:0000730C       DestroyIcon
 0001:000AD8E0       DestroyLocals
 0001:000A4394       DestroyLocals
 0001:000AD97C       DestroyLocals
 0001:000AE258       DestroyLocals
 0001:00089EB4       DestroyLocals
 0001:00007314       DestroyMenu
 0001:0000731C       DestroyWindow
 0001:00055DAC       Dialogs
 0002:0000067C       DIBPalSizes
 0002:0000005C       dig
 0002:000014B4       Direction
 0001:00089FAC       DirectoryExists
 0001:00047A60       DisableTaskWindows
 0002:00001974       DISABLE_MULTIPLE_INSTANCES
 0001:00056408       DispatchInvoke
 0001:00056984       DispatchInvokeError
 0001:00007324       DispatchMessage
 0001:0004DB1C       DispatchShortCut
 0001:000569A0       DispCall
 0001:00056A88       DispCallByID
 0002:00000018       DispCallByIDProc
 0001:000568B0       DispCallError
 0001:0000897C       DisposeStr
 0001:00008834       DivMod
 0001:000552BC       Dlgs
 0001:000347B4       DoAlign
 0001:0004F1F8       DoAlign
 0001:0006BF6C       DoBindFields
 0001:0008C900       DoCalc
 0001:00038760       DoCalcConstraints
 0001:0008C968       DoCalcRightToLeft
 0001:0008D0D4       DoChange
 0002:000D37E4       DockSiteList
 0001:00043DE4       DoClick
 0001:0008BA78       DoColWidths
 0001:00035C80       DoControlMsg
 0001:00047A10       DoDisableWindow
 0001:0002FF58       DoDragOver
 0001:00009FA4       DoEncodeDate
 0001:00009E24       DoEncodeTime
 0001:000088E8       DoExitProc
 0001:0003A2CC       DoFindControlZone
 0001:00047B4C       DoFindWindow
 0001:0003A830       DoFindZone
 0001:0003A350       DoForEach
 0001:0003BBC4       DoGetNextLimit
 0001:000AFBEC       DoKeyPress
 0001:000479D8       DoneApplication
 0001:0003C820       DoneControls
 0001:0000C874       DoneExceptions
 0001:0004BFFC       DoNestedActivation
 0001:0004F048       DoPosition
 0001:00034418       DoPosition
 0001:0003B244       DoPrune
 0001:00053548       DoRect
 0001:0008BABC       DoRowHeights
 0001:0003B6F4       DoSaveZone
 0001:000AE8EC       DoSelection
 0001:000A0728       DoSelection
 0001:0003B8F8       DoSetNewBounds
 0001:0008B524       DoSizeAdjust
 0002:00000384       DotSep
 0001:000CC648       DoubleToFixedString
 0001:0008E79C       DoUpdate
 0001:00033164       DoWrite
 0001:0003ED28       DoWrite
 0001:00012770       DoWrite
 0001:0001D984       DoWrite
 0001:0001E6B0       DoWrite
 0001:00091530       DoWrite
 0001:0004E46C       DoWriteHeight
 0001:0004E404       DoWriteHorizontalOffset
 0001:0004E438       DoWriteVerticalOffset
 0001:0004E3DC       DoWriteWidth
 0002:00001134       DPBConstantNames
 0002:000D37C8       DragCapture
 0002:000D37BC       DragControl
 0001:000306A4       DragDone
 0001:0002FF08       DragFindTarget
 0001:0002FEDC       DragFindWindow
 0002:000D37C4       DragFreeObject
 0002:000D37E0       DragImageList
 0001:000302FC       DragInit
 0001:0003046C       DragInitControl
 0001:0002FE60       DragMessage
 0002:000D37C0       DragObject
 0002:000D37D4       DragSaveCursor
 0002:000D37CC       DragStartPos
 0002:000D37D8       DragThreshold
 0001:00030028       DragTo
 0001:0004FE2C       DrawAppIcon
 0001:0008BE64       DrawAxisLines
 0002:000D3B44       DrawBitmap
 0002:00001290       DrawBitmap
 0001:00085958       DrawBitmapTransparent
 0001:000A5E0C       DrawButtonFrame
 0001:0008C0AC       DrawCells
 0001:000863A0       DrawCellText
 0001:00086488       DrawCellText
 0001:000862E4       DrawCellTextEx
 0001:000863D0       DrawCellTextEx
 0001:0003ADA8       DrawCloseButton
 0001:0000732C       DrawEdge
 0001:000AFF64       DrawExpandBtn
 0001:00007334       DrawFocusRect
 0001:0000733C       DrawFrameControl
 0001:0003AE00       DrawGrabberLine
 0001:00007344       DrawIcon
 0001:0000734C       DrawIconEx
 0002:000008F8       DrawingStyles
 0001:0008C01C       DrawLines
 0001:000A50E0       DrawMark
 0001:00007354       DrawMenuBar
 0001:000450DC       DrawMenuItem
 0001:0000735C       DrawText
 0001:0009FAC4       DrawTitleCell
 0001:00090D40       DropHookList
 0001:000B8C0C       DropStream
 0001:0001C7C4       DupBits
 0001:00005198       DynArrayClear
 0001:000051A0       DynArraySetLength
 0002:0000160C       d_code
 0002:0000170C       d_len
 0002:00001580       EdgeFlag
 0002:000009DC       EdgeStyle
 0002:000008B0       EdgeStyles
 0001:0000C248       EHeapException.FreeInstance
 0001:0006F2BC       EIBError.Create
 0001:0006F334       EIBError.Create
 0002:000F5C7C       EMAIL_HOST
 0002:0000070C       Empty
 0001:00007364       EmptyClipboard
 0002:00003414       EmptyParam
 0002:00000120       EmptyStr
 0001:0000736C       EnableMenuItem
 0002:00000974       Enables
 0001:00007374       EnableScrollBar
 0001:00047B14       EnableTaskWindows
 0001:0000737C       EnableWindow
 0001:0000A06C       EncodeDate
 0001:00009E94       EncodeTime
 0002:00001814       EncodingTable
 0001:00011178       EndGlobalLoading
 0001:00007384       EndPaint
 0001:00002DE8       EndThread
 0001:00006DC4       EnterCriticalSection
 0001:00006A34       EnterCriticalSection
 0001:00000468       EnterCriticalSection
 0001:00006DCC       EnumCalendarInfoA
 0001:0000738C       EnumClipboardFormats
 0002:000D373C       EnumDisplayMonitors
 0001:0000BA54       EnumEraNames
 0001:0000BA90       EnumEraYearOffsets
 0001:0004AC48       EnumMonitorsProc
 0001:000057A8       EnumResourceModules
 0001:000057B0       EnumResourceModules
 0001:00008EDC       EnumStringModules
 0001:00007394       EnumThreadWindows
 0001:00014788       EnumValue
 0001:0000739C       EnumWindows
 0001:00056094       EOleException.Create
 0001:00055FC4       EOleSysError.Create
 0001:000073A4       EqualRect
 0002:000D361C       EraNames
 0001:0000B144       EraToYear
 0002:000D3638       EraYearOffsets
 0002:00000054       errCaption
 0001:00001894       Error
 0001:00040164       Error
 0001:000955EC       Error
 0001:00014070       Error
 0002:00003040       ErrorAddr
 0001:000955F4       ErrorFmt
 0001:0000C2F4       ErrorHandler
 0002:00000268       ErrorMap
 0002:00003004       ErrorProc
 0001:00061194       EUpdateError.Create
 0001:00061238       EUpdateError.Destroy
 0002:00000DBC       Events
 0001:0000BDF0       ExceptAddr
 0002:00003008       ExceptClsProc
 0001:0000C798       ExceptHandler
 0001:0000C074       Exception.Create
 0001:0000C0B0       Exception.CreateFmt
 0001:0000C200       Exception.CreateHelp
 0001:0000C130       Exception.CreateRes
 0001:0000C16C       Exception.CreateResFmt
 0002:00003010       ExceptionClass
 0001:0000BE14       ExceptionErrorMessage
 0002:000002A0       ExceptMap
 0001:0000BDD8       ExceptObject
 0002:0000300C       ExceptObjProc
 0002:00003000       ExceptProc
 0001:00007094       ExcludeClipRect
 0002:00003038       ExitCode
 0001:00002C00       ExitDll
 0002:0000303C       ExitProc
 0001:000002DC       ExitProcess
 0002:00000198       ExitProcList
 0001:000002D4       ExitThread
 0001:0008943C       ExpandYear
 0001:0000709C       ExtCreatePen
 0001:00055284       ExtCtrls
 0001:000A71F4       ExtDlgs
 0002:0000079C       ExtendSelects
 0001:0006150C       ExtractFieldName
 0001:0000923C       ExtractFileExt
 0001:00009204       ExtractFileName
 0001:000091D0       ExtractFilePath
 0001:000897EC       ExtractMask
 0001:00089098       ExtractWord
 0001:000070A4       ExtTextOut
 0002:000D395C       FBuffer
 0002:000D396C       FBufferSize
 0002:000014E8       FCheckBitmap
 0002:000D37A4       FClipboard
 0002:00000D90       FConst10
 0001:000A1054       FieldIsMapped
 0002:00000CF0       FieldTypeNames
 0001:0000902C       FileAge
 0002:0000151C       FileBitmap
 0001:00009024       FileClose
 0001:00008F9C       FileCreate
 0001:0008A000       FileCtrl
 0001:00009094       FileExists
 0002:00000674       FileFormats
 0002:0000304A       FileMode
 0001:00008F5C       FileOpen
 0001:00008FC0       FileRead
 0002:0000038C       FilerSignature
 0001:00009018       FileSeek
 0001:00006DD4       FileTimeToDosDateTime
 0001:00006DDC       FileTimeToLocalFileTime
 0001:0008A0B4       FileUtil
 0001:00008FEC       FileWrite
 0001:00000D98       FillAfterGap
 0001:00000D44       FillBeforeGap
 0001:0008BE10       FillDWord
 0001:00000E30       FillerSizeAfterGap
 0001:00000DC0       FillerSizeBeforeGap
 0001:000073AC       FillRect
 0001:0007EC74       Finalization
 0001:0007EEA4       Finalization
 0001:0007A858       Finalization
 0001:0007A4B4       Finalization
 0001:00094078       Finalization
 0001:0000E308       Finalization
 0001:0000E540       Finalization
 0001:0007FC88       Finalization
 0001:0007FCDC       Finalization
 0001:0000E990       Finalization
 0001:00078360       Finalization
 0001:0007821C       Finalization
 0001:000781E4       Finalization
 0001:00077E04       Finalization
 0001:000774D8       Finalization
 0001:0009488C       Finalization
 0001:0006F880       Finalization
 0001:000C1614       Finalization
 0001:0006F848       Finalization
 0001:0006F7C4       Finalization
 0001:00083D68       Finalization
 0001:0006ECD8       Finalization
 0001:000973D8       Finalization
 0001:0006E8C0       Finalization
 0001:0008500C       Finalization
 0001:00085054       Finalization
 0001:0008508C       Finalization
 0001:00085124       Finalization
 0001:00099FD4       Finalization
 0001:00019694       Finalization
 0001:000A39F8       Finalization
 0001:000C1070       Finalization
 0001:000C0B70       Finalization
 0001:000A3A30       Finalization
 0001:0005C2F8       Finalization
 0001:000C07F0       Finalization
 0001:0005909C       Finalization
 0001:000A7178       Finalization
 0001:000A71C4       Finalization
 0001:00058EBC       Finalization
 0001:00058E84       Finalization
 0001:000BFA18       Finalization
 0001:00007CFC       Finalization
 0001:00058E40       Finalization
 0001:000079EC       Finalization
 0001:000BF9D4       Finalization
 0001:000932A8       Finalization
 0001:000079B4       Finalization
 0001:00058B6C       Finalization
 0001:00058674       Finalization
 0001:00056D20       Finalization
 0001:00056CE8       Finalization
 0001:00056CB0       Finalization
 0001:00056BDC       Finalization
 0001:000A9F28       Finalization
 0001:000AD904       Finalization
 0001:000AD944       Finalization
 0001:000AD990       Finalization
 0001:000BF99C       Finalization
 0001:000B113C       Finalization
 0001:000B13FC       Finalization
 0001:000BF964       Finalization
 0001:00055DE0       Finalization
 0001:00086514       Finalization
 0001:0000F350       Finalization
 0001:00055D50       Finalization
 0001:0009171C       Finalization
 0001:0005528C       Finalization
 0001:00055254       Finalization
 0001:00051E40       Finalization
 0001:00051E08       Finalization
 0001:00051DD0       Finalization
 0001:00051D98       Finalization
 0001:00051D60       Finalization
 0001:00051D28       Finalization
 0001:00051CB4       Finalization
 0001:0008722C       Finalization
 0001:000916C4       Finalization
 0001:00087F48       Finalization
 0001:00088E20       Finalization
 0001:00088E70       Finalization
 0001:00089120       Finalization
 0001:000B2DB0       Finalization
 0001:000B3D5C       Finalization
 0001:000453C8       Finalization
 0001:000BF650       Finalization
 0001:000B43C8       Finalization
 0001:00022324       Finalization
 0001:00022784       Finalization
 0001:0003F264       Finalization
 0001:0002291C       Finalization
 0001:000D0D64       Finalization
 0001:00090A88       Finalization
 0001:000BE464       Finalization
 0001:0003D808       Finalization
 0001:000230A8       Finalization
 0001:000230E8       Finalization
 0001:000BC088       Finalization
 0001:000B7664       Finalization
 0001:00023130       Finalization
 0001:00023168       Finalization
 0001:000231A0       Finalization
 0001:00089D64       Finalization
 0001:0003C9A0       Finalization
 0001:000234C4       Finalization
 0001:000BB66C       Finalization
 0001:00006CC8       Finalization
 0001:000D0E94       Finalization
 0001:00089F4C       Finalization
 0001:000069F4       Finalization
 0001:0002D16C       Finalization
 0001:000B7744       Finalization
 0001:000B78E8       Finalization
 0001:0002CFB4       Finalization
 0001:00006758       Finalization
 0001:00089FD0       Finalization
 0001:0002CA14       Finalization
 0001:0008A008       Finalization
 0001:000BA174       Finalization
 0001:000B9708       Finalization
 0001:0008A084       Finalization
 0001:0008A040       Finalization
 0001:00005190       FinalizeArray
 0001:00043BF8       Find
 0001:00016B3C       FindAncestor
 0001:000053F0       FindBS
 0001:00010B38       FindClass
 0001:000053C4       FindClassHInstance
 0001:000002EC       FindClose
 0001:00006DE4       FindClose
 0001:00000D14       FindCommitted
 0001:0002F104       FindControl
 0001:0003AA38       FindControlAtPos
 0001:00030950       FindDragTarget
 0001:00014FD8       FindExistingComponent
 0001:00006DEC       FindFirstFile
 0001:000002F4       FindFirstFile
 0001:00047C58       FindGlobalComponent
 0002:000D3678       FindGlobalComponent
 0001:0000539C       FindHInstance
 0001:00010F5C       FindIdentToInt
 0001:00010ED8       FindIntToIdent
 0002:000D3880       FindMsg
 0001:00014324       FindNestedComponent
 0001:0004012C       FindPopupControl
 0001:00006DF4       FindResource
 0001:000053CC       FindResourceHInstance
 0001:00051664       FindScanline
 0001:00008F04       FindStringResource
 0001:00047BB0       FindTopMostWindow
 0001:00015EA8       FindUniqueName
 0001:0003091C       FindVCLWindow
 0001:000073B4       FindWindow
 0001:00002A84       FInitUnits
 0001:000CC740       FixedStringToDouble
 0001:0001F95C       FixupBitFields
 0002:000009EC       Flags
 0002:000D3664       FLanguages
 0001:000234F4       FlatSB
 0002:000D3764       FlatSB_EnableScrollBar
 0002:000D3770       FlatSB_GetScrollInfo
 0002:000D3774       FlatSB_GetScrollPos
 0002:000D376C       FlatSB_GetScrollRange
 0002:000D377C       FlatSB_SetScrollInfo
 0002:000D3778       FlatSB_SetScrollPos
 0001:000231E4       FlatSB_SetScrollProp
 0002:000D3780       FlatSB_SetScrollRange
 0002:000D3768       FlatSB_ShowScrollBar
 0001:0000E005       FloatToDecimal
 0001:00009B04       FloatToStr
 0001:00009B64       FloatToStrF
 0001:0000DA62       FloatToText
 0001:0000DD32       FloatToTextFmt
 0002:000D3960       FMonitorCount
 0002:000001C4       FMSecsPerDay
 0001:00009A3C       FmtStr
 0002:00000A04       FocusCount
 0002:00000A00       FocusMessages
 0002:00000590       FontCharsets
 0002:000D36FC       FontManager
 0001:000A721C       FontSetDefault
 0001:00047C2C       ForegroundTask
 0001:00009A28       Format
 0002:000001CC       Format
 0001:000095C8       FormatBuf
 0001:000095BC       FormatClearStr
 0001:00009C74       FormatCurr
 0001:0000AED8       FormatDateTime
 0001:00009550       FormatError
 0002:000001BC       FormatErrorStrs
 0001:00009BD4       FormatFloat
 0001:00058C48       FormatIdentifierValue
 0001:0005A438       FormatMaskText
 0001:00006DFC       FormatMessage
 0001:000B2C48       FormatTimeOfDateTime
 0001:000095A8       FormatVarToStr
 0001:000B142C       FormDebug
 0001:00051D08       Forms
 0002:000D3B6C       FORM_DEBUG
 0001:0008AC3C       ForwardMovement
 0002:000D3AD4       FourDigitYear
 0001:000061FC       FPower10
 0002:000006C4       FPrinter
 0001:0005360C       Frame3D
 0001:000073BC       FrameRect
 0002:000D3964       FReaderCount
 0002:000D3978       FReaderThread
 0002:000D3954       FReadEvent
 0002:000D3958       FReadFinishedEvent
 0001:0000D6DC       FreeAndNil
 0001:00000A80       FreeCommitted
 0001:00000F88       FreeCurAlloc
 0001:00030A10       FreeDeviceContext
 0001:00030ACC       FreeDeviceContexts
 0001:0007F924       FreeIBInstallLibrary
 0001:0007F8EC       FreeIBLibrary
 0001:00019620       FreeIntConstList
 0001:00006E04       FreeLibrary
 0001:000002FC       FreeLibrary
 0001:00085FB4       FreeMemo
 0001:0001F4B8       FreeMemoryContexts
 0002:000034EC       FreeMemTabs
 0001:00047D9C       FreeObjectInstance
 0001:00006E1C       FreeResource
 0001:00000700       FreeSpace
 0001:0000D390       FreeTerminateProcs
 0001:00018254       FreeThreadWindow
 0002:000D38DC       FRichEditModule
 0002:000F6170       FromEmailAddress
 0002:000F6174       FROM_SHOP
 0002:000D3944       FSharedBuffer
 0002:000D3970       FTimeStamp
 0002:000D3968       FTraceDataType
 0002:000D394C       FWriteEvent
 0002:000D3950       FWriteFinishedEvent
 0002:000D3948       FWriteLock
 0002:000D3984       FWriterCount
 0002:000D3974       FWriterThread
 0001:0008A038       Gauges
 0001:0000D4AC       GDAL
 0001:0001C7B4       GDICheck
 0001:0001C70C       GDIError
 0001:00083030       GenerateDPB
 0001:00083440       GenerateTPB
 0001:000073C4       GetActiveWindow
 0001:0004F6CC       GetAnimation
 0001:000552CC       GetAveCharSize
 0001:000070AC       GetBitmapBits
 0001:00077700       GetBlobInfo
 0001:00000480       GetBlockDesc
 0001:000070B4       GetBrushOrgEx
 0001:00007858       GetBValue
 0001:000073CC       GetCapture
 0001:0002F38C       GetCaptureControl
 0001:00010A88       GetClass
 0001:000073D4       GetClassInfo
 0001:000073DC       GetClientRect
 0001:000073E4       GetClipboardData
 0001:0001E184       GetClipboardFormats
 0001:000070BC       GetClipBox
 0001:0000041C       GetCmdShow
 0001:0003DA24       GetColor
 0001:00000304       GetCommandLine
 0001:000008CC       GetCommitted
 0001:0000095C       GetCommittedAt
 0001:00017928       GetComponentValue
 0001:000357C4       GetControlAtPos
 0001:0000A3AC       GetCount
 0001:00006E24       GetCPInfo
 0001:000070C4       GetCurrentPositionEx
 0001:00006E2C       GetCurrentProcessId
 0001:00006E34       GetCurrentThreadId
 0001:00005A6C       GetCurrentThreadId
 0001:000077DC       GetCurrentTime
 0001:000073EC       GetCursor
 0001:00051674       GetCursorHeightMargin
 0001:000073F4       GetCursorPos
 0001:0000A3D8       GetDate
 0001:00006E3C       GetDateFormat
 0001:0000B068       GetDateOrder
 0001:000893F0       GetDateOrder
 0001:000073FC       GetDC
 0001:00007404       GetDCEx
 0001:000070CC       GetDCOrgEx
 0001:00093468       GetDefaultIniName
 0001:000934F4       GetDefaultIniRegKey
 0001:000932E0       GetDefaultSection
 0001:00021F30       GetDefFontCharSet
 0001:000123E4       GetDesigner
 0001:0000740C       GetDesktopWindow
 0001:000070E4       GetDeviceCaps
 0001:0001D714       GetDIB
 0001:000070D4       GetDIBColorTable
 0001:000070DC       GetDIBits
 0001:0001D65C       GetDIBSizes
 0001:0001C924       GetDInColors
 0001:00006E44       GetDiskFreeSpaceA
 0002:00000194       GetDiskFreeSpaceEx
 0001:0003BC84       GetDockAlign
 0001:0002FCB4       GetDockSiteAtPos
 0001:00007414       GetDoubleClickTime
 0001:0002FF94       GetDropCtl
 0001:00002250       GetDynaMethod
 0001:000070EC       GetEnhMetaFileBits
 0001:000070F4       GetEnhMetaFileHeader
 0001:000070FC       GetEnhMetaFilePaletteEntries
 0001:0000EA6C       GetEnumName
 0001:0000EB4C       GetEnumNameValue
 0001:0000EB98       GetEnumValue
 0001:0000BB08       GetEraNamesAndYearOffsets
 0001:0000B0F0       GetEraYearOffset
 0001:0000E52C       GetErrorInfo
 0001:0000C4BC       GetExceptionClass
 0001:0000C69C       GetExceptionObject
 0001:00006E4C       GetExitCodeThread
 0001:00010B58       GetFieldClass
 0001:00010A10       GetFieldClassTable
 0001:00061370       GetFieldProperty
 0001:00006E54       GetFileAttributes
 0001:0001E164       GetFileFormats
 0001:0000027C       GetFileSize
 0001:0000026C       GetFileType
 0001:00006FFC       GetFileVersionInfo
 0001:00007004       GetFileVersionInfoSize
 0001:0000F0D0       GetFloatProp
 0001:0000741C       GetFocus
 0001:0001B044       GetFontData
 0001:00007424       GetForegroundWindow
 0001:0000CE20       GetFormatSettings
 0001:000B16AC       GetGENNEXT
 0001:000AE200       GetGridBitmap
 0001:00007854       GetGValue
 0001:0001A698       GetHashCode
 0001:0004F4B8       GetHint
 0001:0004F4E8       GetHintControl
 0001:00090D20       GetHookList
 0001:000B76F4       gethostbyname
 0001:000B7704       gethostname
 0001:00045268       GetHotkey
 0001:0007F984       GetIBClientVersion
 0001:0006F3B4       GetIBDataBaseErrorMessages
 0001:0000742C       GetIconInfo
 0001:00056738       GetIDsOfNames
 0001:0000F2EC       GetInt64Prop
 0001:00007444       GetKeyboardLayout
 0001:0000744C       GetKeyboardLayoutList
 0001:00007454       GetKeyboardState
 0001:00001EDC       GetKeyboardType
 0001:00007434       GetKeyNameText
 0001:0000743C       GetKeyState
 0001:0000745C       GetLastActivePopup
 0001:0000030C       GetLastError
 0001:00006E5C       GetLastError
 0001:0000B8CC       GetLocaleChar
 0001:00006E6C       GetLocaleInfo
 0001:00000314       GetLocaleInfo
 0001:0000B880       GetLocaleStr
 0001:00006E64       GetLocalTime
 0001:0002F348       GetLongHint
 0001:0000EEAC       GetLongStrProp
 0001:00007104       GetMapMode
 0001:00001820       GetMemoryManager
 0001:00006A90       GetMemSize
 0001:00007464       GetMenu
 0001:0004C968       GetMenuHelpContext
 0001:0000746C       GetMenuItemCount
 0001:00007474       GetMenuItemID
 0001:0000747C       GetMenuItemInfo
 0001:00042524       GetMenuSize
 0001:00007484       GetMenuState
 0001:0000748C       GetMenuString
 0001:00007494       GetMessageTime
 0001:0000F274       GetMethodProp
 0001:000068B8       GetModuleFileName
 0001:0000031C       GetModuleFileName
 0001:00006E74       GetModuleFileName
 0001:00006E7C       GetModuleHandle
 0001:000068C0       GetModuleHandle
 0001:00000324       GetModuleHandle
 0002:000D3738       GetMonitorInfo
 0002:000D3730       GetMonitorInfoA
 0002:000D3734       GetMonitorInfoW
 0001:0000B930       GetMonthDayNames
 0001:0000710C       GetNearestColor
 0001:0000749C       GetNextWindow
 0001:00007114       GetObject
 0001:0000ECD4       GetOrdProp
 0001:0000711C       GetPaletteEntries
 0001:000019B0       GetParamStr
 0001:000074A4       GetParent
 0001:00047FE8       GetParentForm
 0001:00007124       GetPixel
 0001:00006E84       GetPrivateProfileString
 0001:0007EEF0       GetProcAddr
 0001:00006E8C       GetProcAddress
 0001:0000032C       GetProcAddress
 0001:000074AC       GetProp
 0001:0000EBAC       GetPropInfo
 0001:0000EC18       GetPropInfo
 0001:0000EA14       GetPropInfo
 0001:0000E9F4       GetPropInfo
 0001:0000EC50       GetPropInfos
 0002:000F6150       GetRE
 0001:000484A8       GetRealScrollPosition
 0001:0003DA04       GetRGBColor
 0001:00007850       GetRValue
 0001:000074B4       GetScrollInfo
 0001:000074BC       GetScrollPos
 0001:000074C4       GetScrollRange
 0001:000B76FC       getservbyname
 0001:0002F304       GetShortHint
 0001:0000EDA4       GetShortStrProp
 0001:0000EE3C       GetShortStrPropAsLongStr
 0001:00000624       GetSpace
 0001:00000688       GetSpaceAt
 0001:000401BC       GetSpecialName
 0001:00000334       GetStartupInfo
 0001:00000284       GetStdHandle
 0001:0000712C       GetStockObject
 0001:0000F064       GetStrProp
 0001:000074CC       GetSubMenu
 0001:000074D4       GetSysColor
 0001:00006E94       GetSystemInfo
 0001:000074DC       GetSystemMenu
 0001:000074E4       GetSystemMetrics
 0002:000D3720       GetSystemMetrics
 0001:00007134       GetSystemPaletteEntries
 0001:00000274       GetSystemTime
 0001:00006E9C       GetTempPath
 0001:00007144       GetTextExtentPoint
 0001:0000713C       GetTextExtentPoint32
 0001:0000714C       GetTextMetrics
 0001:0000033C       GetThreadLocale
 0001:00006EA4       GetThreadLocale
 0001:00006EAC       GetTickCount
 0001:0000A410       GetTime
 0001:000BA4E8       GetTimeZone
 0001:000BA490       GetTimeZoneBias
 0001:00006EB4       GetTimeZoneInformation
 0001:0004FBDC       GetTopMostWindows
 0001:0002F494       GetTopParent
 0001:000074EC       GetTopWindow
 0001:0000EA60       GetTypeData
 0001:00004C24       GetVarArray
 0001:0000F1F4       GetVariantProp
 0001:0007EF14       GetVersion
 0001:00006EBC       GetVersion
 0001:00006EC4       GetVersionEx
 0001:0000EF40       GetWideStrProp
 0001:0000EFC0       GetWideStrPropAsLongStr
 0001:000074F4       GetWindow
 0001:000074FC       GetWindowDC
 0001:00007504       GetWindowLong
 0001:0000715C       GetWindowOrgEx
 0001:0000750C       GetWindowPlacement
 0001:00007514       GetWindowRect
 0001:0000751C       GetWindowText
 0001:00007524       GetWindowThreadProcessId
 0001:00007154       GetWinMetaFileBits
 0001:00006ECC       GlobalAddAtom
 0001:00006ED4       GlobalAlloc
 0001:000077E8       GlobalAllocPtr
 0001:00006EDC       GlobalDeleteAtom
 0001:00006EE4       GlobalFindAtom
 0002:000D368C       GlobalFixupList
 0001:0001446C       GlobalFixupReferences
 0001:00006EEC       GlobalFree
 0001:00007814       GlobalFreePtr
 0001:00006EFC       GlobalHandle
 0001:00006EF4       GlobalLock
 0002:000D3674       GlobalNameSpace
 0001:00006F04       GlobalReAlloc
 0001:000077F8       GlobalReAllocPtr
 0001:00006F0C       GlobalUnlock
 0002:000014EC       GlyphCache
 0001:000223F8       Graphics
 0002:0000154C       GridBitmaps
 0002:00001528       GridBmpNames
 0001:000AE274       GridInvalidateRow
 0001:0008A5C4       GridRect
 0001:00090AB8       Grids
 0002:00000C40       GripStyles
 0002:0000036C       GUID_NULL
 0001:000156A0       HandleException
 0001:00028080       HasPopup
 0002:00000004       HeapAllocFlags
 0002:00003434       heapErrorCode
 0002:00003438       heapLock
 0001:00085E20       HeightOf
 0002:000D387C       HelpMsg
 0002:00000190       HexDisplayPrefix
 0001:0000752C       HideCaret
 0001:00081718       HidePassword
 0002:000006FC       HideSelections
 0002:000034DC       HInstance
 0002:000D384C       HintDoneEvent
 0001:0004F5B8       HintGetMsgHook
 0002:000D3850       HintHook
 0001:0004F55C       HintMouseThread
 0002:000D3854       HintThread
 0002:000D3848       HintThreadID
 0001:0004F508       HintTimerProc
 0002:000009FC       HintWindowClass
 0001:000077D8       HiWord
 0002:000F5C94       HOME_EMAIL
 0001:0004F5FC       HookHintHooks
 0002:000D3B24       HookList
 0001:000B76B4       htons
 0002:000013C8       HUN
 0001:000078BC       HwndMSWheel
 0001:0006F814       IB
 0001:0006EF18       IBAlloc
 0002:000D3B78       IbArrREC
 0001:00077E34       IBBlob
 0002:000D3AA0       IBClientVersion
 0002:000D3904       IBCS
 0001:00077680       IBCustomDataSet
 0001:00083DC4       IBDatabase
 0001:0006EFBC       IBDataBaseError
 0002:000D3920       IBDataBaseErrorMessages
 0001:0007A888       IBDatabaseInfo
 0001:0007824C       IBDialogs
 0001:0006EF44       IBError
 0001:0006F878       IBErrorCodes
 0002:00000E78       IBErrorMessages
 0001:00058EB4       IBExternals
 0001:0007FD0C       IBHeader
 0001:00058EEC       IBInstallHeader
 0002:000D3A98       IBInstallLibrary
 0001:0007FCC4       IBIntf
 0002:000D3A94       IBLibrary
 0001:0008503C       IBQuery
 0002:00000990       IBreaks
 0002:00001588       IbRecCnt
 0001:000B1588       IBSAVE_ADD
 0001:000B1580       IBSAVE_CLEAR
 0001:000B194C       IBSAVE_DOC
 0001:000783A8       IBServices
 0001:0007ECA4       IBSQL
 0001:0007A594       IBSQLMonitor
 0001:00058E70       IBUtils
 0001:0006ED08       IBXConst
 0001:0007EED4       IBXMLHeader
 0002:000D3A9C       IBXMLLibrary
 0002:0000099C       IChecks
 0002:00000B64       IconIDs
 0002:000F5780       IDCFG
 0002:000009A4       IDefaults
 0001:0001B034       IdentToCharset
 0001:0001AE2C       IdentToColor
 0001:0002F2F4       IdentToCursor
 0001:00010FE0       IdentToInt
 0002:000009AC       IEnables
 0001:00043224       IfHotkeyAvailable
 0001:00085C28       ImageListDrawDisabled
 0001:00022870       ImageList_Add
 0001:00022890       ImageList_AddIcon
 0001:000228BC       ImageList_BeginDrag
 0001:00022858       ImageList_Create
 0001:00022860       ImageList_Destroy
 0001:000228CC       ImageList_DragEnter
 0001:000228D4       ImageList_DragLeave
 0001:000228DC       ImageList_DragMove
 0001:000228EC       ImageList_DragShowNolock
 0001:0002289C       ImageList_Draw
 0001:000228AC       ImageList_DrawEx
 0001:000228C4       ImageList_EndDrag
 0001:00022888       ImageList_GetBkColor
 0001:000228F4       ImageList_GetDragImage
 0001:0002290C       ImageList_GetIconSize
 0001:00022868       ImageList_GetImageCount
 0001:000228FC       ImageList_Read
 0001:000228B4       ImageList_Remove
 0001:000228A4       ImageList_Replace
 0001:00022878       ImageList_ReplaceIcon
 0001:00022880       ImageList_SetBkColor
 0001:000228E4       ImageList_SetDragCursorImage
 0001:00022914       ImageList_SetIconSize
 0001:00022904       ImageList_Write
 0002:00000908       Images
 0001:0003F294       ImgList
 0001:00023118       Imm
 0002:000008E4       IMM32DLL
 0001:0003C7B0       Imm32GetContext
 0001:0003C80C       Imm32IsIME
 0001:0003C7C4       Imm32ReleaseContext
 0001:0003C7F4       Imm32SetCompositionFont
 0001:0003C7DC       Imm32SetCompositionWindow
 0002:000001C8       IMSecsPerDay
 0001:0008A664       Includes
 0002:000F6158       IncomingPacketNum
 0001:000B76BC       inet_addr
 0001:00007534       InflateRect
 0001:000937F8       IniEraseSection
 0001:00087F90       IniFiles
 0001:00093744       IniReadInteger
 0001:000935DC       IniReadString
 0001:00000B0C       InitAllocator
 0001:00022954       InitAnApi
 0002:000D3748       InitApis
 0001:000227C4       InitComCtl
 0001:0005784C       InitCommonControl
 0001:000227BC       InitCommonControls
 0001:00022824       InitCommonControlsEx
 0001:00056B64       InitComObj
 0001:000111EC       InitComponent
 0002:000034A4       InitContext
 0001:0003C894       InitControls
 0001:00047CD8       InitCtl3D
 0001:00021F74       InitDefFontData
 0001:0000D52C       InitDriveSpacePtr
 0001:0000C7A8       InitExceptions
 0001:00023240       InitFlatSB
 0001:00055BFC       InitGlobals
 0001:0001D514       InitializeBitmapInfoHeader
 0001:00006F14       InitializeCriticalSection
 0001:00000460       InitializeCriticalSection
 0001:00006A2C       InitializeCriticalSection
 0002:00003430       initialized
 0001:00023218       InitializeFlatSB
 0001:00006974       InitializeModule
 0001:00006D24       InitializeSecurityDescriptor
 0001:0003C3A8       InitIMM32
 0001:00011294       InitInheritedComponent
 0001:00006C8C       InitMemoryManager
 0001:0002303C       InitMultiMonStubs
 0001:0000C8E0       InitPlatformId
 0002:00003034       InitProc
 0001:00021EF8       InitScreenLogPixels
 0001:0000CD68       InitSysLocale
 0001:000068E0       InitThreadTLS
 0001:000BF688       InitToolHelp
 0001:00002AE4       InitUnits
 0001:0002F04C       InitWndProc
 0001:000937A0       IniWriteInteger
 0001:0009364C       IniWriteString
 0002:00000890       InnerStyles
 0001:00001908       InOutError
 0002:00003050       Input
 0001:0004EFE8       InsertBefore
 0001:000343B8       InsertBefore
 0001:00000F00       InsertFree
 0001:000432D8       InsertHotkeyFarEastFormat
 0001:0000753C       InsertMenu
 0001:00007544       InsertMenuItem
 0002:000D3840       InstBlockList
 0002:000D3844       InstFreeList
 0001:000BA44C       int2str
 0002:000D3688       IntConstList
 0002:000007A4       IntegralHeights
 0001:00006E0C       InterlockedDecrement
 0001:00000414       InterlockedDecrement
 0001:0000040C       InterlockedIncrement
 0001:00006E14       InterlockedIncrement
 0001:0000A0E0       InternalDecodeDate
 0001:0001A624       InternalDeletePalette
 0001:00000D74       InternalFreeMem
 0001:0001D664       InternalGetDIB
 0001:0001D5F8       InternalGetDIBSizes
 0001:00011064       InternalReadComponentRes
 0001:00093B98       InternalReadFormPlacement
 0001:000945D0       InternalRestoreFields
 0001:000944A8       InternalSaveFields
 0001:00089A1C       InternalStrToDate
 0001:00093990       InternalWriteFormPlacement
 0001:00007164       IntersectClipRect
 0001:0000754C       IntersectRect
 0001:00011020       IntToIdent
 0001:00008DE0       IntToStr
 0001:00008E10       IntToStr
 0001:00007554       InvalidateRect
 0001:0001C694       InvalidBitmap
 0001:0001C67C       InvalidGraphic
 0001:0001C6A0       InvalidIcon
 0001:0001C6AC       InvalidMetafile
 0001:0008A5AC       InvalidOp
 0001:0001C664       InvalidOperation
 0002:000D3660       InvalidPointer
 0001:00002108       InvokeImplGetter
 0001:000B76C4       ioctlsocket
 0001:00001958       IOResult
 0002:000009CC       IOwnerDraw
 0002:000009B4       IRadios
 0002:000009C4       IRTL
 0001:00047F78       IsAccel
 0001:00044398       IsAccelChar
 0001:00086B40       IsALPHA
 0001:0002FA6C       IsBeforeTargetWindow
 0001:0000755C       IsCharAlpha
 0001:00007564       IsCharAlphaNumeric
 0001:0000756C       IsChild
 0002:00003048       IsConsole
 0002:000D3A7C       isc_add_user
 0002:000D3A4C       isc_attach_database
 0002:000D39D0       isc_blob_info
 0002:000D3A68       isc_cancel_events
 0002:000D39D8       isc_close_blob
 0002:000D3A5C       isc_commit_retaining
 0002:000D3A58       isc_commit_transaction
 0002:000D39E4       isc_create_blob2
 0002:000D3A50       isc_database_info
 0002:000D39F8       isc_decode_date
 0002:000D39FC       isc_decode_sql_date
 0001:0007FBC4       isc_decode_sql_date_stub
 0002:000D3A00       isc_decode_sql_time
 0001:0007FC04       isc_decode_sql_time_stub
 0002:000D3A04       isc_decode_timestamp
 0001:0007FC44       isc_decode_timestamp_stub
 0002:000D3A80       isc_delete_user
 0002:000D3A48       isc_detach_database
 0002:000D3A44       isc_drop_database
 0002:000D3A30       isc_dsql_alloc_statement2
 0002:000D3A3C       isc_dsql_describe
[...]
 0002:00000A54       Props
 0002:00000A7C       Styles
 0002:00000A88       BorderStyles
 0002:00000A90       ShowCommands
 0002:00000A9C       ShowCommands
 0002:00000AA8       ShowCommands
 0002:00000AB4       CursorMap
 0002:00000B08       WindowClass
 0002:00000B30       AppVisible
 0002:00000B34       ShowFlags
 0002:00000B38       BorderStyles
 0002:00000B40       Alignments
 0002:00000B4C       WndProcPtrAtom
 0002:00000B50       Captions
 0002:00000B64       IconIDs
 0002:00000B78       ButtonNames
 0002:00000BA4       ButtonCaptions
 0002:00000BD0       ModalResults
 0002:00000BFC       CoCreateInstanceEx
 0002:00000C00       CoInitializeEx
 0002:00000C04       CoAddRefServerProcess
 0002:00000C08       CoReleaseServerProcess
 0002:00000C0C       CoResumeClassObjects
 0002:00000C10       CoSuspendClassObjects
 0002:00000C14       CoInitFlags
 0002:00000C18       ThreadStrs
 0002:00000C28       RTFConversionFormat
 0002:00000C34       TextConversionFormat
 0002:00000C40       GripStyles
 0002:00000C48       RTLReading
 0002:00000C50       DefaultBlank
 0002:00000C54       MaskFieldSeparator
 0002:00000C58       MaskNoSave
 0002:00000C5C       ArrowKey
 0002:00000C60       DefaultFieldClasses
 0002:00000CF0       FieldTypeNames
 0002:00000D80       Power10
 0002:00000D90       FConst10
 0002:00000D94       CWNear
 0002:00000D98       TypeSizes
 0002:00000DBC       Events
 0002:00000DC0       Values
 0002:00000DC4       VarTypeMap
 0002:00000E54       BaseFieldTypes
 0002:00000E78       IBErrorMessages
 0002:00001058       DefaultFieldClasses
 0002:000010E8       RetCodes
 0002:000010EC       SPBConstantNames
 0002:0000111C       MonitorHookNames
 0002:00001134       DPBConstantNames
 0002:00001240       TPBConstantNames
 0002:00001290       DrawBitmap
 0002:00001294       AlignFlags
 0002:000012A0       WrapFlags
 0002:000012A8       RTL
 0002:000012B0       MESSOKR
 0002:000012E0       MESSOKR2
 0002:00001310       POL1S
 0002:0000131C       POL2S
 0002:00001328       STUP
 0002:00001364       ONE
 0002:00001380       DC11
 0002:000013A8       DEC
 0002:000013C8       HUN
 0002:000013F0       Values
 0002:000013F8       Values
 0002:00001400       CenturyOffset
 0002:00001404       NullDate
 0002:0000140C       DaysInMonth
 0002:0000143C       BitBtnCaptions
 0002:00001468       ProgressList
 0002:0000146C       sPropNameDelimiter
 0002:00001470       Metrics
 0002:0000147C       OnGetDefaultIniName
 0002:00001480       DefCompanyName
 0002:00001484       RegUseAppTitle
 0002:00001488       BtnHintId
 0002:000014B0       SearchTickCount
 0002:000014B4       Direction
 0002:000014B8       AlignFlags
 0002:000014C4       RTL
 0002:000014CC       ScrollArrows
 0002:000014DC       Alignments
 0002:000014E4       WordWraps
 0002:000014E8       FCheckBitmap
 0002:000014EC       GlyphCache
 0002:000014F0       ButtonCount
 0002:000014F4       PopupCalendarSize
 0002:000014FC       SBtnGlyphs
 0002:0000150C       Alignments
 0002:00001518       CaretWidth
 0002:0000151C       FileBitmap
 0002:00001520       DateBitmap
 0002:00001524       CalcBitmap
 0002:00001528       GridBmpNames
 0002:0000154C       GridBitmaps
 0002:00001570       ScrollArrows
 0002:00001580       EdgeFlag
 0002:00001588       IbRecCnt
 0002:0000158C       p_len
 0002:000015CC       p_code
 0002:0000160C       d_code
 0002:0000170C       d_len
 0002:0000180C       LZRWIdentifier
 0002:00001810       LZHIdentifier
 0002:00001814       EncodingTable
 0002:00001818       DecodingTable
 0002:00001918       WeekDays
 0002:00001934       Months
 0002:00001964       MAX_LINES_COUNT
 0002:00001968       ADD_TIME
 0002:0000196C       CommitInterval
 0002:00001970       AdminEmail
 0002:00001974       DISABLE_MULTIPLE_INSTANCES
 0002:00001978       AtomText
 0002:00003000       ExceptProc
 0002:00003004       ErrorProc
 0002:00003008       ExceptClsProc
 0002:0000300C       ExceptObjProc
 0002:00003010       ExceptionClass
 0002:00003014       SafeCallErrorProc
 0002:00003018       AssertErrorProc
 0002:0000301C       AbstractErrorProc
 0002:00003020       MainInstance
 0002:00003024       MainThreadID
 0002:00003028       IsLibrary
 0002:0000302C       CmdShow
 0002:00003030       CmdLine
 0002:00003034       InitProc
 0002:00003038       ExitCode
 0002:0000303C       ExitProc
 0002:00003040       ErrorAddr
 0002:00003044       RandSeed
 0002:00003048       IsConsole
 0002:00003049       IsMultiThread
 0002:0000304A       FileMode
 0002:0000304B       Test8086
 0002:0000304C       Test8087
 0002:00003050       Input
 0002:0000321C       Output
 0002:000033E8       ClearAnyProc
 0002:000033EC       ChangeAnyProc
 0002:000033F0       RefAnyProc
 0002:000033F4       Unassigned
 0002:00003404       Null
 0002:00003414       EmptyParam
 0002:00003424       AllocMemCount
 0002:00003428       AllocMemSize
 0002:0000342C       .3
 0002:00003430       initialized
 0002:00003434       heapErrorCode
 0002:00003438       heapLock
 0002:00003450       blockDescBlockList
 0002:00003454       blockDescFreeList
 0002:00003458       spaceRoot
 0002:00003468       decommittedRoot
 0002:00003478       avail
 0002:00003484       rover
 0002:00003488       remBytes
 0002:0000348C       curAlloc
 0002:00003490       smallTab
 0002:00003494       committedRoot
 0002:000034A4       InitContext
 0002:000034D0       ModuleIsLib
 0002:000034D1       ModuleIsCpp
 0002:000034D4       TlsIndex
 0002:000034DC       HInstance
 0002:000034E0       .1
 0002:000034E4       TlsBuffer
 0002:000034E8       .1
 0002:000034EC       FreeMemTabs
 0002:000D3520       LFHeapLock
 0002:000D3538       SysMemoryManager
 0002:000D3544       .3
 0002:000D3548       .1
 0002:000D354C       .1
 0002:000D3550       CurrencyString
 0002:000D3554       CurrencyFormat
 0002:000D3555       NegCurrFormat
 0002:000D3556       ThousandSeparator
 0002:000D3557       DecimalSeparator
 0002:000D3558       CurrencyDecimals
 0002:000D3559       DateSeparator
 0002:000D355C       ShortDateFormat
 0002:000D3560       LongDateFormat
 0002:000D3564       TimeSeparator
 0002:000D3568       TimeAMString
 0002:000D356C       TimePMString
 0002:000D3570       ShortTimeFormat
 0002:000D3574       LongTimeFormat
 0002:000D3578       ShortMonthNames
 0002:000D35A8       LongMonthNames
 0002:000D35D8       ShortDayNames
 0002:000D35F4       LongDayNames
 0002:000D3610       SysLocale
 0002:000D361C       EraNames
 0002:000D3638       EraYearOffsets
 0002:000D3654       ListSeparator
 0002:000D3658       .44
 0002:000D365C       OutOfMemory
 0002:000D3660       InvalidPointer
 0002:000D3664       FLanguages
 0002:000D3668       .3
 0002:000D366C       .1
 0002:000D3670       .5
 0002:000D3674       GlobalNameSpace
 0002:000D3678       FindGlobalComponent
 0002:000D367C       .84
 0002:000D3680       ClassList
 0002:000D3684       ClassAliasList
 0002:000D3688       IntConstList
 0002:000D368C       GlobalFixupList
 0002:000D3690       ThreadLock
 0002:000D36A8       ThreadWindow
 0002:000D36AC       ThreadCount
 0002:000D36B0       SystemPalette16
 0002:000D36B4       .81
 0002:000D36B8       ScreenLogPixels
 0002:000D36BC       StockPen
 0002:000D36C0       StockBrush
 0002:000D36C4       StockFont
 0002:000D36C8       StockIcon
 0002:000D36CC       BitmapImageLock
 0002:000D36E4       CounterLock
 0002:000D36FC       FontManager
 0002:000D3700       PenManager
 0002:000D3704       BrushManager
 0002:000D3708       CanvasList
 0002:000D370C       PatternManager
 0002:000D3710       .9
 0002:000D3714       .1
 0002:000D3718       ComCtl32DLL
 0002:000D371C       _InitCommonControlsEx
 0002:000D3720       GetSystemMetrics
 0002:000D3724       MonitorFromWindow
 0002:000D3728       MonitorFromRect
 0002:000D372C       MonitorFromPoint
 0002:000D3730       GetMonitorInfoA
 0002:000D3734       GetMonitorInfoW
 0002:000D3738       GetMonitorInfo
 0002:000D373C       EnumDisplayMonitors
 0002:000D3740       .1
 0002:000D3744       User32Dll
 0002:000D3748       InitApis
 0002:000D3750       MMAvailable
 0002:000D3754       .1
 0002:000D3758       .2
 0002:000D375C       .3
 0002:000D3760       .3
 0002:000D3764       FlatSB_EnableScrollBar
 0002:000D3768       FlatSB_ShowScrollBar
 0002:000D376C       FlatSB_GetScrollRange
 0002:000D3770       FlatSB_GetScrollInfo
 0002:000D3774       FlatSB_GetScrollPos
 0002:000D3778       FlatSB_SetScrollPos
 0002:000D377C       FlatSB_SetScrollInfo
 0002:000D3780       FlatSB_SetScrollRange
 0002:000D3784       .1
 0002:000D3788       _FlatSB_GetScrollProp
 0002:000D378C       _FlatSB_SetScrollProp
 0002:000D3790       _InitializeFlatSB
 0002:000D3794       _UninitializeFlatSB
 0002:000D3798       .22
 0002:000D379C       CF_PICTURE
 0002:000D379E       CF_COMPONENT
 0002:000D37A0       .2
 0002:000D37A4       FClipboard
 0002:000D37A8       .02
 0002:000D37AC       Mouse
 0002:000D37B0       NewStyleControls
 0002:000D37B4       .22
 0002:000D37B8       WindowAtom
 0002:000D37BA       ControlAtom
 0002:000D37BC       DragControl
 0002:000D37C0       DragObject
 0002:000D37C4       DragFreeObject
 0002:000D37C8       DragCapture
 0002:000D37CC       DragStartPos
 0002:000D37D4       DragSaveCursor
 0002:000D37D8       DragThreshold
 0002:000D37DC       ActiveDrag
 0002:000D37E0       DragImageList
 0002:000D37E4       DockSiteList
 0002:000D37E8       QualifyingSites
 0002:000D37EC       CanvasList
 0002:000D37F0       _WINNLSEnableIME
 0002:000D37F4       _ImmGetContext
 0002:000D37F8       _ImmReleaseContext
 0002:000D37FC       _ImmGetConversionStatus
 0002:000D3800       _ImmSetConversionStatus
 0002:000D3804       _ImmSetOpenStatus
 0002:000D3808       _ImmSetCompositionWindow
 0002:000D380C       _ImmSetCompositionFont
 0002:000D3810       _ImmGetCompositionString
 0002:000D3814       _ImmIsIME
 0002:000D3818       _ImmNotifyIME
 0002:000D381C       .7
 0002:000D3820       .3
 0002:000D3824       PopupList
 0002:000D3828       ShortCutItems
 0002:000D382C       .9
 0002:000D3830       CommandPool
 0002:000D3834       Application
 0002:000D3838       Screen
 0002:000D383C       .51
 0002:000D3840       InstBlockList
 0002:000D3844       InstFreeList
 0002:000D3848       HintThreadID
 0002:000D384C       HintDoneEvent
 0002:000D3850       HintHook
 0002:000D3854       HintThread
 0002:000D3858       .1
 0002:000D385C       .1
 0002:000D3860       .1
 0002:000D3864       .1
 0002:000D3868       .1
 0002:000D386C       .1
 0002:000D3870       .61
 0002:000D3874       .1
 0002:000D3878       .01
 0002:000D387C       HelpMsg
 0002:000D3880       FindMsg
 0002:000D3884       ButtonWidths
 0002:000D38B0       .1
 0002:000D38B4       .61
 0002:000D38B8       OleUninitializing
 0002:000D38BC       ComClassManagerVar
 0002:000D38C0       SaveInitProc
 0002:000D38C4       NeedToUninitialize
 0002:000D38C8       .1
 0002:000D38CC       .4
 0002:000D38D0       .1
 0002:000D38D4       .45
 0002:000D38D8       ShellModule
 0002:000D38DC       FRichEditModule
 0002:000D38E0       .3
 0002:000D38E4       CopyMasterFieldToDetail
 0002:000D38E8       .1
 0002:000D38EC       .1
 0002:000D38F0       .1
 0002:000D38F4       .1
 0002:000D38F8       .6
 0002:000D38FC       .16
 0002:000D3900       .1
 0002:000D3904       IBCS
 0002:000D391C       .6
 0002:000D3920       IBDataBaseErrorMessages
 0002:000D3924       .1
 0002:000D3928       .1
 0002:000D392C       .01
 0002:000D3930       .2
 0002:000D3934       .2
 0002:000D3938       .1
 0002:000D393C       .23
 0002:000D3940       .3
 0002:000D3944       FSharedBuffer
 0002:000D3948       FWriteLock
 0002:000D394C       FWriteEvent
 0002:000D3950       FWriteFinishedEvent
 0002:000D3954       FReadEvent
 0002:000D3958       FReadFinishedEvent
 0002:000D395C       FBuffer
 0002:000D3960       FMonitorCount
 0002:000D3964       FReaderCount
 0002:000D3968       FTraceDataType
 0002:000D396C       FBufferSize
 0002:000D3970       FTimeStamp
 0002:000D3974       FWriterThread
 0002:000D3978       FReaderThread
 0002:000D397C       _MonitorHook
 0002:000D3980       bDone
 0002:000D3984       FWriterCount
 0002:000D3988       CS
 0002:000D39A0       .2
 0002:000D39A4       .21
 0002:000D39A8       isc_dsql_xml_fetch
 0002:000D39AC       isc_dsql_xml_fetch_all
 0002:000D39B0       isc_dsql_xml_buffer_fetch
 0002:000D39B4       .1
 0002:000D39B8       BLOB_get
 0002:000D39BC       BLOB_put
 0002:000D39C0       isc_sqlcode
 0002:000D39C4       isc_sql_interprete
 0002:000D39C8       isc_interprete
 0002:000D39CC       isc_vax_integer
 0002:000D39D0       isc_blob_info
 0002:000D39D4       isc_open_blob2
 0002:000D39D8       isc_close_blob
 0002:000D39DC       isc_get_segment
 0002:000D39E0       isc_put_segment
 0002:000D39E4       isc_create_blob2
 0002:000D39E8       isc_service_attach
 0002:000D39EC       isc_service_detach
 0002:000D39F0       isc_service_query
 0002:000D39F4       isc_service_start
 0002:000D39F8       isc_decode_date
 0002:000D39FC       isc_decode_sql_date
 0002:000D3A00       isc_decode_sql_time
 0002:000D3A04       isc_decode_timestamp
 0002:000D3A08       isc_encode_date
 0002:000D3A0C       isc_encode_sql_date
 0002:000D3A10       isc_encode_sql_time
 0002:000D3A14       isc_encode_timestamp
 0002:000D3A18       isc_dsql_free_statement
 0002:000D3A1C       isc_dsql_execute2
 0002:000D3A20       isc_dsql_execute
 0002:000D3A24       isc_dsql_set_cursor_name
 0002:000D3A28       isc_dsql_fetch
 0002:000D3A2C       isc_dsql_sql_info
 0002:000D3A30       isc_dsql_alloc_statement2
 0002:000D3A34       isc_dsql_prepare
 0002:000D3A38       isc_dsql_describe_bind
 0002:000D3A3C       isc_dsql_describe
 0002:000D3A40       isc_dsql_execute_immediate
 0002:000D3A44       isc_drop_database
 0002:000D3A48       isc_detach_database
 0002:000D3A4C       isc_attach_database
 0002:000D3A50       isc_database_info
 0002:000D3A54       isc_start_multiple
 0002:000D3A58       isc_commit_transaction
 0002:000D3A5C       isc_commit_retaining
 0002:000D3A60       isc_rollback_transaction
 0002:000D3A64       isc_rollback_retaining
 0002:000D3A68       isc_cancel_events
 0002:000D3A6C       isc_que_events
 0002:000D3A70       isc_event_counts
 0002:000D3A74       isc_event_block
 0002:000D3A78       isc_free
 0002:000D3A7C       isc_add_user
 0002:000D3A80       isc_delete_user
 0002:000D3A84       isc_modify_user
 0002:000D3A88       isc_prepare_transaction
 0002:000D3A8C       isc_prepare_transaction2
 0002:000D3A90       .1
 0002:000D3A94       IBLibrary
 0002:000D3A98       IBInstallLibrary
 0002:000D3A9C       IBXMLLibrary
 0002:000D3AA0       IBClientVersion
 0002:000D3AA4       .1
 0002:000D3AA8       .7
 0002:000D3AAC       .2
 0002:000D3AB0       .1
 0002:000D3AB4       .1
 0002:000D3AB8       .1
 0002:000D3ABC       .2
 0002:000D3AC0       .3
 0002:000D3AC4       .4
 0002:000D3AC8       .5
 0002:000D3ACC       .1
 0002:000D3AD0       .1
 0002:000D3AD4       FourDigitYear
 0002:000D3AD8       .1
 0002:000D3ADC       .3
 0002:000D3AE0       BitBtnGlyphs
 0002:000D3B0C       .5
 0002:000D3B10       .2
 0002:000D3B14       .1
 0002:000D3B18       .1
 0002:000D3B1C       .9
 0002:000D3B20       .2
 0002:000D3B24       HookList
 0002:000D3B28       .3
 0002:000D3B2C       .7
 0002:000D3B30       .1
 0002:000D3B34       .2
 0002:000D3B38       .4
 0002:000D3B3C       .22
 0002:000D3B40       .9
 0002:000D3B44       DrawBitmap
 0002:000D3B48       UserCount
 0002:000D3B4C       .2
 0002:000D3B50       .01
 0002:000D3B54       .3
 0002:000D3B58       .1
 0002:000D3B5C       .11
 0002:000D3B60       .3
 0002:000D3B64       .5
 0002:000D3B68       .6
 0002:000D3B6C       FORM_DEBUG
 0002:000D3B70       .2
 0002:000D3B74       DataModule1
 0002:000D3B78       IbArrREC
 0002:000D47F8       AUTOMODE
 0002:000D47FC       .3
 0002:000D4800       .3
 0002:000D4804       .3
 0002:000D4808       .3
 0002:000D480C       .1
 0002:000D4810       .6
 0002:000D4814       .41
 0002:000D4818       WSAData
 0002:000D49A8       .3
 0002:000D49AC       .1
 0002:000D49B0       .3
 0002:000D49B4       .3
 0002:000D49B8       .2
 0002:000D49BC       .1
 0002:000D49C0       KernelHandle
 0002:000D49C4       _CreateToolhelp32Snapshot
 0002:000D49C8       _Heap32ListFirst
 0002:000D49CC       _Heap32ListNext
 0002:000D49D0       _Heap32First
 0002:000D49D4       _Heap32Next
 0002:000D49D8       _Toolhelp32ReadProcessMemory
 0002:000D49DC       _Process32First
 0002:000D49E0       _Process32Next
 0002:000D49E4       _Process32FirstW
 0002:000D49E8       _Process32NextW
 0002:000D49EC       _Thread32First
 0002:000D49F0       _Thread32Next
 0002:000D49F4       _Module32First
 0002:000D49F8       _Module32Next
 0002:000D49FC       _Module32FirstW
 0002:000D4A00       _Module32NextW
 0002:000D4A04       .1
 0002:000D4A08       .8
 0002:000D4A0C       WCount
 0002:000D4A10       .3
 0002:000D4A14       Set_Period
 0002:000D4A18       .2
 0002:000D4A1C       Select_TO
 0002:000D4A20       .2
 0002:000D4A24       LastSyncForm
 0002:000D4A28       .2
 0002:000D4A2C       PassForm
 0002:000D4A30       passID
 0002:000D4A34       passwd
 0002:000D4A38       .2
 0002:000D4A3C       LogFile
 0002:000D4C08       Cnt_Nofield
 0002:000D4C0C       Cnt_AllTable
 0002:000D4C10       ARR_ALLTABLE
 0002:000D5BB0       ARR_NOFIELD
 0002:000F5780       IDCFG
 0002:000F5784       MAIN_FORM
 0002:000F5788       POCKET_PATH
 0002:000F578C       CODE_SHOP
 0002:000F5790       MAIN_DESCR
 0002:000F5794       CntShops
 0002:000F5798       ArrShops
 0002:000F5C48       DataBase_path
 0002:000F5C4C       MainPeriod1
 0002:000F5C54       MainPeriod2
 0002:000F5C5C       TMP_PATH
 0002:000F5C60       Ts
 0002:000F5C68       TmpTs
 0002:000F5C70       TmpTs2
 0002:000F5C78       CanInsertLog
 0002:000F5C7C       EMAIL_HOST
 0002:000F5C80       REPEAT_EMAIL
 0002:000F5C84       TITLE_EMAIL
 0002:000F5C88       UTW_EMAIL
 0002:000F5C8C       OK_EMAIL
 0002:000F5C90       NOOK_EMAIL
 0002:000F5C94       HOME_EMAIL
 0002:000F5C98       PostRE
 0002:000F5C9C       CntREShops
 0002:000F5CA0       ArrREShops
 0002:000F6150       GetRE
 0002:000F6151       CustomTable
 0002:000F6152       SaveSyncDate
 0002:000F6154       PacketNum
 0002:000F6158       IncomingPacketNum
 0002:000F615C       SyncShopNum
 0002:000F6160       SyncDate
 0002:000F6168       CustomTableName
 0002:000F616C       DataFileEmpty
 0002:000F616D       ReDataFileEmpty
 0002:000F6170       FromEmailAddress
 0002:000F6174       FROM_SHOP
 0002:000F6178       NetSendUsersTimeStart
 0002:000F6180       NetSendUsersTimeEnd
 0002:000F6188       NetSendUsers
 0002:000F618C       USE_OUTLOOK_FOR_SEND_MAIL
 0002:000F6190       SMTP_SERVER
 0002:000F6194       SMTP_FROM
 0002:000F6198       SENDED_MAIL_DIRECTORY
 0002:000F619C       .6

Bound resource files

c:\program files\borland\delphi5\Lib\CONTROLS.RES
C:\bsklad\bsklad2009\RplEmail5\OutlookTools.res
c:\program files\borland\delphi5\Lib\DBLogDlg.DFM
C:\Program Files\Borland\Delphi5\AddComponents\RX\Units\RXConst.R32
C:\Program Files\Borland\Delphi5\AddComponents\RX\Units\RXCConst.R32
C:\Program Files\Borland\Delphi5\AddComponents\RX\Units\RXDConst.R32
c:\program files\borland\delphi5\Lib\BUTTONS.RES
c:\program files\borland\delphi5\Lib\FileCtrl.RES
c:\program files\borland\delphi5\Lib\DBCTRLS.RES
c:\program files\borland\delphi5\Lib\DBGRIDS.RES
C:\Program Files\Borland\Delphi5\AddComponents\RX\Units\RXCtrls.R32
c:\program files\borland\delphi5\Lib\EXTDLGS.RES
C:\Program Files\Borland\Delphi5\AddComponents\RX\Units\PickDate.R32
C:\Program Files\Borland\Delphi5\AddComponents\RX\Units\ToolEdit.R32
C:\Program Files\Borland\Delphi5\AddComponents\RX\Units\RxCalc.R32
C:\Program Files\Borland\Delphi5\AddComponents\RX\Units\CurrEdit.R32
C:\Program Files\Borland\Delphi5\AddComponents\RX\Units\RXDBCtrl.R32
FormDebug.DFM
Data1.DFM
c:\program files\borland\delphi5\Lib\NMShow.DFM
SetPeriod.DFM
SelectTo.DFM
LastSyncFormUnit.DFM
pass.DFM
MainForm.DFM
RplEmail.RES
RplEmail.drf


Program entry point at 0001:000D1294
