
 Start         Length     Name                   Class
 0001:00000000 000523E0H .text                   CODE
 0002:00000000 00000F50H .data                   DATA
 0002:00000F50 00000A25H .bss                    BSS


Detailed map of segments

 0001:00000000 00004F14 C=CODE     S=.text    G=(none)   M=System   ACBP=A9
 0001:00004F14 00000174 C=CODE     S=.text    G=(none)   M=SysInit  ACBP=A9
 0001:00005088 00000ACC C=CODE     S=.text    G=(none)   M=Windows  ACBP=A9
 0001:00005B54 00000038 C=CODE     S=.text    G=(none)   M=Messages ACBP=A9
 0001:00005B8C 000002E0 C=CODE     S=.text    G=(none)   M=SysConst ACBP=A9
 0001:00005E6C 00005530 C=CODE     S=.text    G=(none)   M=SysUtils ACBP=A9
 0001:0000B39C 00000040 C=CODE     S=.text    G=(none)   M=ActiveX  ACBP=A9
 0001:0000B3DC 00000398 C=CODE     S=.text    G=(none)   M=Consts   ACBP=A9
 0001:0000B774 00000594 C=CODE     S=.text    G=(none)   M=TypInfo  ACBP=A9
 0001:0000BD08 00007F37 C=CODE     S=.text    G=(none)   M=Classes  ACBP=A9
 0001:00013C40 00008993 C=CODE     S=.text    G=(none)   M=Graphics ACBP=A9
 0001:0001C5D4 000001C4 C=CODE     S=.text    G=(none)   M=Contnrs  ACBP=A9
 0001:0001C798 00000190 C=CODE     S=.text    G=(none)   M=Commctrl ACBP=A9
 0001:0001C928 00000793 C=CODE     S=.text    G=(none)   M=MultiMon ACBP=A9
 0001:0001D0BC 00000038 C=CODE     S=.text    G=(none)   M=Imm      ACBP=A9
 0001:0001D0F4 00000040 C=CODE     S=.text    G=(none)   M=Math     ACBP=A9
 0001:0001D134 00000038 C=CODE     S=.text    G=(none)   M=WinSpool ACBP=A9
 0001:0001D16C 00000044 C=CODE     S=.text    G=(none)   M=Printers ACBP=A9
 0001:0001D1B0 0000031F C=CODE     S=.text    G=(none)   M=FlatSB   ACBP=A9
 0001:0001D4D0 00006000 C=CODE     S=.text    G=(none)   M=StdCtrls ACBP=A9
 0001:000234D0 00000094 C=CODE     S=.text    G=(none)   M=Clipbrd  ACBP=A9
 0001:00023564 0000015C C=CODE     S=.text    G=(none)   M=StdActns ACBP=A9
 0001:000236C0 0000F238 C=CODE     S=.text    G=(none)   M=Controls ACBP=A9
 0001:000328F8 00000E28 C=CODE     S=.text    G=(none)   M=ActnList ACBP=A9
 0001:00033720 00001490 C=CODE     S=.text    G=(none)   M=ImgList  ACBP=A9
 0001:00034BB0 000061FB C=CODE     S=.text    G=(none)   M=Menus    ACBP=A9
 0001:0003ADAC 0000C0CF C=CODE     S=.text    G=(none)   M=Forms    ACBP=A9
 0001:00046E7C 00000038 C=CODE     S=.text    G=(none)   M=ShellAPI ACBP=A9
 0001:00046EB4 00000038 C=CODE     S=.text    G=(none)   M=RegStr   ACBP=A9
 0001:00046EEC 00000038 C=CODE     S=.text    G=(none)   M=WinInet  ACBP=A9
 0001:00046F24 00000038 C=CODE     S=.text    G=(none)   M=UrlMon   ACBP=A9
 0001:00046F5C 00000038 C=CODE     S=.text    G=(none)   M=ShlObj   ACBP=A9
 0001:00046F94 00000040 C=CODE     S=.text    G=(none)   M=CommDlg  ACBP=A9
 0001:00046FD4 00000AA8 C=CODE     S=.text    G=(none)   M=ExtCtrls ACBP=A9
 0001:00047A7C 00000038 C=CODE     S=.text    G=(none)   M=Dlgs     ACBP=A9
 0001:00047AB4 00001DA1 C=CODE     S=.text    G=(none)   M=Dialogs  ACBP=A9
 0001:00049858 00000038 C=CODE     S=.text    G=(none)   M=RichEdit ACBP=A9
 0001:00049890 00000038 C=CODE     S=.text    G=(none)   M=ToolWin  ACBP=A9
 0001:000498C8 00000038 C=CODE     S=.text    G=(none)   M=ComStrs  ACBP=A9
 0001:00049900 0000243C C=CODE     S=.text    G=(none)   M=ComCtrls ACBP=A9
 0001:0004BD3C 000000E0 C=CODE     S=.text    G=(none)   M=WinSock  ACBP=A9
 0001:0004BE1C 000001A4 C=CODE     S=.text    G=(none)   M=SyncObjs ACBP=A9
 0001:0004BFC0 00001E20 C=CODE     S=.text    G=(none)   M=ScktComp ACBP=A9
 0001:0004DDE0 00000068 C=CODE     S=.text    G=(none)   M=IniFiles ACBP=A9
 0001:0004DE48 000005D8 C=CODE     S=.text    G=(none)   M=Registry ACBP=A9
 0001:0004E420 00000564 C=CODE     S=.text    G=(none)   M=SakMIME  ACBP=A9
 0001:0004E984 00000904 C=CODE     S=.text    G=(none)   M=sak_util ACBP=A9
 0001:0004F288 000004E0 C=CODE     S=.text    G=(none)   M=SakAttFile ACBP=A9
 0001:0004F768 0000108C C=CODE     S=.text    G=(none)   M=SakMsg   ACBP=A9
 0001:000507F4 000011A8 C=CODE     S=.text    G=(none)   M=SakSMTP  ACBP=A9
 0001:0005199C 0000082C C=CODE     S=.text    G=(none)   M=Unit1    ACBP=A9
 0001:000521C8 00000215 C=CODE     S=.text    G=(none)   M=smtp     ACBP=A9
 0002:00000000 000000A2 C=DATA     S=.data    G=DGROUP   M=System   ACBP=A9
 0002:000000A4 00000018 C=DATA     S=.data    G=DGROUP   M=SysInit  ACBP=A9
 0002:000000BC 0000022C C=DATA     S=.data    G=DGROUP   M=SysUtils ACBP=A9
 0002:000002E8 00000010 C=DATA     S=.data    G=DGROUP   M=TypInfo  ACBP=A9
 0002:000002F8 0000005C C=DATA     S=.data    G=DGROUP   M=Classes  ACBP=A9
 0002:00000354 000002B4 C=DATA     S=.data    G=DGROUP   M=Graphics ACBP=A9
 0002:00000608 00000004 C=DATA     S=.data    G=DGROUP   M=Printers ACBP=A9
 0002:0000060C 000000A8 C=DATA     S=.data    G=DGROUP   M=StdCtrls ACBP=A9
 0002:000006B4 0000012C C=DATA     S=.data    G=DGROUP   M=Controls ACBP=A9
 0002:000007E0 00000020 C=DATA     S=.data    G=DGROUP   M=ImgList  ACBP=A9
 0002:00000800 000000EC C=DATA     S=.data    G=DGROUP   M=Menus    ACBP=A9
 0002:000008EC 0000013C C=DATA     S=.data    G=DGROUP   M=Forms    ACBP=A9
 0002:00000A28 00000108 C=DATA     S=.data    G=DGROUP   M=Dialogs  ACBP=A9
 0002:00000B30 00000028 C=DATA     S=.data    G=DGROUP   M=ComCtrls ACBP=A9
 0002:00000B58 00000008 C=DATA     S=.data    G=DGROUP   M=IniFiles ACBP=A9
 0002:00000B60 00000008 C=DATA     S=.data    G=DGROUP   M=Registry ACBP=A9
 0002:00000B68 00000004 C=DATA     S=.data    G=DGROUP   M=SakMIME  ACBP=A9
 0002:00000B6C 0000004C C=DATA     S=.data    G=DGROUP   M=sak_util ACBP=A9
 0002:00001000 000004CC C=BSS      S=.bss     G=DGROUP   M=System   ACBP=A9
 0002:000014CC 00000018 C=BSS      S=.bss     G=DGROUP   M=SysInit  ACBP=A9
 0002:000014E4 00000004 C=BSS      S=.bss     G=DGROUP   M=Windows  ACBP=A9
 0002:000014E8 00000004 C=BSS      S=.bss     G=DGROUP   M=Messages ACBP=A9
 0002:000014EC 00000004 C=BSS      S=.bss     G=DGROUP   M=SysConst ACBP=A9
 0002:000014F0 00000118 C=BSS      S=.bss     G=DGROUP   M=SysUtils ACBP=A9
 0002:00001608 00000004 C=BSS      S=.bss     G=DGROUP   M=ActiveX  ACBP=A9
 0002:0000160C 00000004 C=BSS      S=.bss     G=DGROUP   M=Consts   ACBP=A9
 0002:00001610 00000004 C=BSS      S=.bss     G=DGROUP   M=TypInfo  ACBP=A9
 0002:00001614 00000038 C=BSS      S=.bss     G=DGROUP   M=Classes  ACBP=A9
 0002:0000164C 00000060 C=BSS      S=.bss     G=DGROUP   M=Graphics ACBP=A9
 0002:000016AC 00000004 C=BSS      S=.bss     G=DGROUP   M=Contnrs  ACBP=A9
 0002:000016B0 0000000C C=BSS      S=.bss     G=DGROUP   M=Commctrl ACBP=A9
 0002:000016BC 00000031 C=BSS      S=.bss     G=DGROUP   M=MultiMon ACBP=A9
 0002:000016F0 00000004 C=BSS      S=.bss     G=DGROUP   M=Imm      ACBP=A9
 0002:000016F4 00000004 C=BSS      S=.bss     G=DGROUP   M=Math     ACBP=A9
 0002:000016F8 00000004 C=BSS      S=.bss     G=DGROUP   M=WinSpool ACBP=A9
 0002:000016FC 00000004 C=BSS      S=.bss     G=DGROUP   M=Printers ACBP=A9
 0002:00001700 00000034 C=BSS      S=.bss     G=DGROUP   M=FlatSB   ACBP=A9
 0002:00001734 00000004 C=BSS      S=.bss     G=DGROUP   M=StdCtrls ACBP=A9
 0002:00001738 0000000C C=BSS      S=.bss     G=DGROUP   M=Clipbrd  ACBP=A9
 0002:00001744 00000004 C=BSS      S=.bss     G=DGROUP   M=StdActns ACBP=A9
 0002:00001748 00000070 C=BSS      S=.bss     G=DGROUP   M=Controls ACBP=A9
 0002:000017B8 00000004 C=BSS      S=.bss     G=DGROUP   M=ActnList ACBP=A9
 0002:000017BC 00000004 C=BSS      S=.bss     G=DGROUP   M=ImgList  ACBP=A9
 0002:000017C0 00000010 C=BSS      S=.bss     G=DGROUP   M=Menus    ACBP=A9
 0002:000017D0 00000024 C=BSS      S=.bss     G=DGROUP   M=Forms    ACBP=A9
 0002:000017F4 00000004 C=BSS      S=.bss     G=DGROUP   M=ShellAPI ACBP=A9
 0002:000017F8 00000004 C=BSS      S=.bss     G=DGROUP   M=RegStr   ACBP=A9
 0002:000017FC 00000004 C=BSS      S=.bss     G=DGROUP   M=WinInet  ACBP=A9
 0002:00001800 00000004 C=BSS      S=.bss     G=DGROUP   M=UrlMon   ACBP=A9
 0002:00001804 00000004 C=BSS      S=.bss     G=DGROUP   M=ShlObj   ACBP=A9
 0002:00001808 00000004 C=BSS      S=.bss     G=DGROUP   M=CommDlg  ACBP=A9
 0002:0000180C 00000004 C=BSS      S=.bss     G=DGROUP   M=ExtCtrls ACBP=A9
 0002:00001810 00000004 C=BSS      S=.bss     G=DGROUP   M=Dlgs     ACBP=A9
 0002:00001814 00000038 C=BSS      S=.bss     G=DGROUP   M=Dialogs  ACBP=A9
 0002:0000184C 00000004 C=BSS      S=.bss     G=DGROUP   M=RichEdit ACBP=A9
 0002:00001850 00000004 C=BSS      S=.bss     G=DGROUP   M=ToolWin  ACBP=A9
 0002:00001854 00000004 C=BSS      S=.bss     G=DGROUP   M=ComStrs  ACBP=A9
 0002:00001858 0000000C C=BSS      S=.bss     G=DGROUP   M=ComCtrls ACBP=A9
 0002:00001864 00000004 C=BSS      S=.bss     G=DGROUP   M=WinSock  ACBP=A9
 0002:00001868 00000004 C=BSS      S=.bss     G=DGROUP   M=SyncObjs ACBP=A9
 0002:0000186C 00000194 C=BSS      S=.bss     G=DGROUP   M=ScktComp ACBP=A9
 0002:00001A00 00000004 C=BSS      S=.bss     G=DGROUP   M=IniFiles ACBP=A9
 0002:00001A04 00000004 C=BSS      S=.bss     G=DGROUP   M=Registry ACBP=A9
 0002:00001A08 00000004 C=BSS      S=.bss     G=DGROUP   M=SakMIME  ACBP=A9
 0002:00001A0C 00000004 C=BSS      S=.bss     G=DGROUP   M=sak_util ACBP=A9
 0002:00001A10 00000004 C=BSS      S=.bss     G=DGROUP   M=SakAttFile ACBP=A9
 0002:00001A14 00000004 C=BSS      S=.bss     G=DGROUP   M=SakMsg   ACBP=A9
 0002:00001A18 00000004 C=BSS      S=.bss     G=DGROUP   M=SakSMTP  ACBP=A9
 0002:00001A1C 00000008 C=BSS      S=.bss     G=DGROUP   M=Unit1    ACBP=A9


  Address         Publics by Name

 0001:000043B0       .
 0001:00004690       .
 0001:0000A914       .
 0002:00000060       .
 0002:00001814       .01
 0002:00001744       .02
 0002:00001864       .1
 0002:00001804       .1
 0002:00001800       .1
 0002:000017FC       .1
 0002:000014DC       .1
 0002:000017F8       .1
 0002:0000160C       .1
 0002:000017F4       .1
 0002:00001808       .1
 0002:000016B0       .1
 0002:00001854       .1
 0002:00001810       .1
 0002:00001720       .1
 0002:000016DC       .1
 0002:000016F0       .1
 0002:0000184C       .1
 0002:00001A0C       .1
 0002:000014EC       .1
 0002:000014E8       .1
 0002:00001A20       .2
 0002:0000173C       .2
 0002:000016F4       .2
 0002:00001A18       .2
 0002:00001734       .22
 0002:00001750       .22
 0002:00001A14       .3
 0002:00001A10       .3
 0002:00001608       .3
 0002:000016F8       .3
 0002:000016FC       .3
 0002:000017BC       .3
 0002:00001428       .3
 0002:00001A08       .3
 0002:000014E4       .3
 0002:00001A00       .4
 0002:00001850       .4
 0002:0000186C       .41
 0002:000015F8       .44
 0002:00001858       .45
 0002:00001610       .5
 0002:00001A04       .5
 0002:000017D8       .51
 0002:00001868       .6
 0002:0000180C       .61
 0002:000017B8       .7
 0002:00001650       .81
 0002:0000161C       .84
 0002:000016AC       .9
 0002:000017C8       .9
 0001:0000188C       @AbstractError
 0001:00002070       @AfterConstruction
 0001:000046D9       @Append
 0001:00001EA8       @AsClass
 0001:000045B2       @Assign
 0001:000019A8       @AStrCmp
 0001:00002078       @BeforeDestruction
 0001:00001EF4       @CallDynaInst
 0001:00002018       @ClassCreate
 0001:00002068       @ClassDestroy
 0001:00004654       @Close
 0001:00003458       @CopyArray
 0001:0000333C       @CopyRecord
 0001:00003560       @Dispose
 0001:000024E0       @DoneExcept
 0001:00003CE0       @DynArrayAsg
 0001:00003CA4       @DynArrayClear
 0001:00003AE4       @DynArrayHigh
 0001:00003ADC       @DynArrayLength
 0001:00003C98       @DynArraySetLength
 0001:000025D4       @ExceptionHandler
 0001:00001A18       @FillChar
 0001:00003330       @Finalize
 0001:00003248       @FinalizeArray
 0001:0000321C       @FinalizeRecord
 0001:00001F0C       @FindDynaInst
 0001:0000462D       @Flush
 0001:00001C54       @FpuInit
 0001:00001B90       @FpuMaskInit
 0001:00001704       @FreeMem
 0001:000016EC       @GetMem
 0001:00004F8C       @GetTls
 0001:00002988       @Halt
 0001:00002868       @Halt0
 0001:00002184       @HandleAnyException
 0001:00002438       @HandleFinally
 0001:000022B0       @HandleOnException
 0001:0000501C       @InitExe
 0001:00003210       @Initialize
 0001:0000317C       @InitializeArray
 0001:00003150       @InitializeRecord
 0001:000027C4       @InitImports
 0001:000027A8       @InitResStringImports
 0001:0000430C       @IntfAddRef
 0001:000042D8       @IntfClear
 0001:000042F0       @IntfCopy
 0001:00001E90       @IsClass
 0001:00001B60       @isNECWindows
 0001:00002DD4       @LStrAddRef
 0001:000029C4       @LStrArrayClr
 0001:000029F4       @LStrAsg
 0001:00002C28       @LStrCat
 0001:00002C6C       @LStrCat3
 0001:00002CE0       @LStrCatN
 0001:000029A0       @LStrClr
 0001:00002D30       @LStrCmp
 0001:00002E28       @LStrCopy
 0001:00002E68       @LStrDelete
 0001:00002BD0       @LStrFromArray
 0001:00002B48       @LStrFromChar
 0001:00002B58       @LStrFromPChar
 0001:00002A88       @LStrFromPCharLen
 0001:00002B88       @LStrFromPWChar
 0001:00002AB8       @LStrFromPWCharLen
 0001:00002BC4       @LStrFromString
 0001:00002BE8       @LStrFromWStr
 0001:00002EB0       @LStrInsert
 0001:00002A38       @LStrLAsg
 0001:00002C20       @LStrLen
 0001:00002F0C       @LStrPos
 0001:00002F54       @LStrSetLength
 0001:00002DE4       @LStrToPChar
 0001:00002BFC       @LStrToString
 0001:0000354C       @New
 0001:00002A64       @NewAnsiString
 0001:000030F4       @NewWideString
 0001:00004858       @Pow10
 0001:00001924       @PStrCmp
 0001:000018D8       @PStrCpy
 0001:000018A8       @PStrNCat
 0001:000018F4       @PStrNCpy
 0001:0000248C       @RaiseAgain
 0001:00002470       @RaiseExcept
 0001:00001A38       @RandInt
 0001:0000171C       @ReallocMem
 0001:000046CB       @ResetText
 0001:000046D2       @RewritText
 0001:00001880       @ROUND
 0001:00002994       @RunError
 0001:00002778       @StartExe
 0001:00002510       @TryFinallyExit
 0001:00001A50       @ValLong
 0001:00003AB8       @VarAddRef
 0001:0000390C       @VarCast
 0001:000036B4       @VarClear
 0001:00003AB0       @VarClr
 0001:000036F8       @VarCopy
 0001:00003A3C       @VarFromLStr
 0001:00003A7C       @VarFromWStr
 0001:00003A00       @VarToLStr
 0001:000047BF       @Write0Char
 0001:00004828       @Write0CString
 0001:00004784       @Write0String
 0001:000046E0       @WriteBytes
 0001:00004811       @WriteChar
 0001:0000482C       @WriteCString
 0001:000047AB       @WriteLn
 0001:0000474B       @WriteSpaces
 0001:0000478E       @WriteString
 0001:00002FE8       @WStrArrayClr
 0001:0000300C       @WStrAsg
 0001:00002FD0       @WStrClr
 0001:000030D8       @WStrFromLStr
 0001:00003030       @WStrFromPCharLen
 0001:000030B4       @WStrFromPWCharLen
 0001:000030E8       @WStrLen
 0001:0000310C       @WStrSetLength
 0001:00001B34       @_CLenToPasStr
 0001:00001B1C       @_CToPasStr
 0001:00004608       @_Flush
 0001:000017BC       @_IOTest
 0001:00004B72       @_lldiv
 0001:00004BEA       @_lldivo
 0001:00004C65       @_llmod
 0001:00004CDF       @_llmodo
 0001:00004B2C       @_llmul
 0001:00004B4F       @_llmulo
 0001:00004D5F       @_llshl
 0001:00004C1C       @_lludiv
 0001:00004D11       @_llumod
 0001:00004D97       @_llushr
 0001:0000916C       Abort
 0001:00025B70       AbsMin
 0001:0000951C       AbstractErrorHandler
 0002:00001018       AbstractErrorProc
 0002:00000130       AccessMode
 0001:00005490       ActivateKeyboardLayout
 0002:00001778       ActiveDrag
 0001:0000B3D4       ActiveX
 0001:00033718       ActnList
 0001:00000424       AddBlockAfter
 0001:00006A5C       AddExitProc
 0001:0001053C       AddFinished
 0001:000366B8       AddIn
 0001:00004114       AddModuleUnloadProc
 0001:00004124       AddModuleUnloadProc
 0001:00010574       AddNotFinished
 0001:00017444       AdjustColor
 0001:00006CBC       AdjustLineBreaks
 0001:0003DB78       Adjustment
 0001:00005498       AdjustWindowRectEx
 0002:000008C4       Alignments
 0002:00000654       Alignments
 0002:00000614       Alignments
 0002:000008D4       Alignments
 0001:0002AAA4       AlignWork
 0001:000444A8       AlignWork
 0001:0003D5A4       AllocateHWnd
 0001:00048768       AllocFilterStr
 0001:00006A10       AllocMem
 0002:00001420       AllocMemCount
 0002:00001424       AllocMemSize
 0001:0001C3CC       AllocPatternBitmap
 0002:000006BC       AnchorAlign
 0001:00006BD8       AnsiCompareText
 0001:00006F58       AnsiLastChar
 0001:000054A0       AnsiLower
 0001:00006BA4       AnsiLowerCase
 0001:00009D58       AnsiLowerCaseFileName
 0001:00009D20       AnsiPos
 0001:0003ABE0       AnsiSameCaption
 0001:00006C10       AnsiSameText
 0001:00006C4C       AnsiStrLIComp
 0001:00009DE4       AnsiStrPos
 0001:00009E84       AnsiStrRScan
 0001:00009EAC       AnsiStrScan
 0001:00003794       AnyChangeType
 0001:00007DDC       AppendChars
 0001:000081A4       AppendFormat
 0001:00007E40       AppendNumber
 0001:00007E20       AppendString
 0002:000017D0       Application
 0002:00000A20       AppVisible
 0001:00009500       AssertErrorHandler
 0002:00001014       AssertErrorProc
 0001:0000BA24       AssignLongStr
 0001:0000BBE8       AssignVariant
 0001:0000BA78       AssignWideStr
 0002:00001474       avail
 0001:00007058       BackfillGetDiskFreeSpaceEx
 0001:00028470       BackgroundClipped
 0001:0000D7A0       BeginGlobalLoading
 0001:000054A8       BeginPaint
 0001:00017450       BetterSize
 0001:00037448       BiDiDraw
 0001:0004BD3C       bind
 0001:00005280       BitBlt
 0002:000005BC       BitmapCanvasList
 0002:00001668       BitmapImageLock
 0002:00000908       BlockCode
 0002:0000144C       blockDescBlockList
 0002:00001450       blockDescFreeList
 0002:000002E8       BooleanIdents
 0002:00000978       BorderStyles
 0002:0000060C       BorderStyles
 0001:0000D130       Bounds
 0002:0000086C       Breaks
 0002:000016A0       BrushManager
 0001:000399CC       BuildImage
 0002:00000AD8       ButtonCaptions
 0002:00000AAC       ButtonNames
 0002:000008E8       Buttons
 0002:000006AC       ButtonStyles
 0002:00001820       ButtonWidths
 0001:00016C30       BytesPerScanline
 0001:00016F88       ByteSwapColors
 0001:00009B20       ByteToCharIndex
 0001:00009AF8       ByteToCharLen
 0001:00009ABC       ByteType
 0001:00009A44       ByteTypeTest
 0002:000002F4       C10000
 0001:0003D4E0       CalcJmpOffset
 0001:00031D50       CalcSplitterPos
 0001:000054B0       CallNextHookEx
 0001:0000A3C4       CallTerminateProcs
 0001:000054B8       CallWindowProc
 0001:00026AE8       CancelDrag
 0002:000016A4       CanvasList
 0002:00001788       CanvasList
 0002:00000A84       Captions
 0002:00000774       CaptureControl
 0002:0000080C       cBooleanToItemAutoFlag
 0001:000480B0       CenterWindow
 0002:0000173A       CF_COMPONENT
 0002:00001738       CF_PICTURE
 0002:000013E8       ChangeAnyProc
 0001:0002521C       ChangeBiDiModeAlignment
 0001:00003800       ChangeSourceAny
 0002:00000698       CharCases
 0002:00000634       CharCases
 0001:000054C0       CharLowerBuff
 0001:00000258       CharNext
 0001:000154A4       CharsetToIdent
 0001:00009BE4       CharToByteIndex
 0001:00009C48       CharToByteLen
 0001:00017A18       CheckBool
 0001:0004CBD0       CheckError
 0001:00002100       CheckJmp
 0001:000054C8       CheckMenuItem
 0002:0000085C       Checks
 0001:0004C64C       CheckSocketResult
 0001:0003D3F0       CheckTaskWindow
 0001:00026818       CheckUndock
 0002:00000810       cItemAutoFlagToBoolean
 0002:00000808       cItemAutoFlagToMenu
 0002:00001624       ClassAliasList
 0001:00013BCC       Classes
 0002:00001620       ClassList
 0001:0000D158       ClassNotFound
 0001:0004C7B0       Cleanup
 0002:000013E4       ClearAnyProc
 0001:00014E1C       ClearColor
 0001:000054D0       ClientToScreen
 0001:0002F7B8       ClientToWindow
 0002:000005B4       ClipboardFormats
 0001:0002350C       Clipbrd
 0001:000050B0       CloseHandle
 0001:000001F0       CloseHandle
 0001:0004BD44       closesocket
 0002:0000102C       CmdLine
 0002:00001028       CmdShow
 0002:00000804       cMenuAutoFlagToItem
 0002:00000384       Colors
 0001:0001529C       ColorToIdent
 0001:0001528C       ColorToRGB
 0002:00000684       ComboBoxStyles
 0002:000016B4       ComCtl32DLL
 0001:0004BD34       ComCtrls
 0002:000017CC       CommandPool
 0001:0001C920       Commctrl
 0001:00046FCC       CommDlg
 0001:00000704       Commit
 0002:00001490       committedRoot
 0001:00035D28       CompareFront
 0001:00006B0C       CompareMem
 0001:000050B8       CompareString
 0001:00006B2C       CompareText
 0001:00010EF8       ComponentCreated
 0001:000177E8       ComputeAldusChecksum
 0001:000498F8       ComStrs
 0001:0004BD4C       connect
 0001:0000B76C       Consts
 0001:0001C790       Contnrs
 0002:00001756       ControlAtom
 0001:000328D4       Controls
 0001:00008F5C       ConvertAddr
 0001:00007F30       ConvertEraString
 0001:00006998       ConvertError
 0001:000069B0       ConvertErrorFmt
 0001:0000809C       ConvertYearString
 0001:00003AEC       CopyArray
 0001:00019B38       CopyBitmap
 0001:0001A1F8       CopyBitmapAsMask
 0001:00005288       CopyEnhMetaFile
 0001:0001A194       CopyPalette
 0001:00038B68       CopyToBest
 0001:00009B70       CountChars
 0002:00001680       CounterLock
 0001:00009444       CreateAssertException
 0001:000095DC       CreateAVObject
 0001:00005290       CreateBitmap
 0001:00005298       CreateBrushIndirect
 0001:000052A0       CreateCompatibleBitmap
 0001:000052A8       CreateCompatibleDC
 0001:00010F78       CreateComponent
 0001:000052B8       CreateDIBitmap
 0001:000052B0       CreateDIBSection
 0001:000050C0       CreateEvent
 0001:000050C8       CreateFile
 0001:000001F8       CreateFileA
 0001:000052C0       CreateFontIndirect
 0001:000052C8       CreateHalftonePalette
 0001:000054D8       CreateIcon
 0001:00009380       CreateInOutError
 0001:000054E0       CreateMenu
 0001:00049020       CreateMessageDialog
 0001:000052D0       CreatePalette
 0001:000052D8       CreatePenIndirect
 0001:000054E8       CreatePopupMenu
 0001:000052E0       CreateSolidBrush
 0001:00016FE0       CreateSystemPalette
 0001:000050D0       CreateThread
 0001:000059F0       CreateWindow
 0001:000054F0       CreateWindowEx
 0002:000006B4       CreationControl
 0002:00000A2C       CreationControl
 0002:000007B0       Ctl3DStyles
 0002:00001488       curAlloc
 0002:000014F8       CurrencyDecimals
 0002:000014F4       CurrencyFormat
 0002:000014F0       CurrencyString
 0002:000009A4       CursorMap
 0002:000006C4       Cursors
 0001:000254C8       CursorToIdent
 0001:0004DF50       DataTypeToRegData
 0001:00007D60       Date
 0002:000014F9       DateSeparator
 0001:00008918       DateTimeToString
 0001:000078D8       DateTimeToTimeStamp
 0001:00007D38       DayOfWeek
 0002:00000380       DDBsOnly
 0001:0003D658       DeallocateHWnd
 0002:00000008       DebugHook
 0002:000014F7       DecimalSeparator
 0001:00007D18       DecodeDate
 0001:00007A00       DecodeTime
 0001:00000798       Decommit
 0001:00000DB4       DecommitFree
 0002:00001464       decommittedRoot
 0001:0003FFAC       Default
 0001:00044F54       Default
 0002:00000000       Default8087CW
 0002:000006B8       DefaultDockTreeClass
 0002:00000584       DefBrushData
 0002:00000354       DefFontData
 0001:000054F8       DefFrameProc
 0002:000001E0       DefLongDayNames
 0002:00000194       DefLongMonthNames
 0001:00005500       DefMDIChildProc
 0002:00000564       DefPenData
 0002:000001C4       DefShortDayNames
 0002:00000164       DefShortMonthNames
 0001:00005508       DefWindowProc
 0001:00000454       DeleteBlock
 0001:000003C4       DeleteCriticalSection
 0001:000050D8       DeleteCriticalSection
 0001:000052E8       DeleteDC
 0001:000052F0       DeleteEnhMetaFile
 0001:000050E0       DeleteFile
 0001:00006F40       DeleteFile
 0001:00000BFC       DeleteFree
 0001:00005510       DeleteMenu
 0001:000052F8       DeleteObject
 0001:000196F4       DeselectBitmap
 0001:00005518       DestroyCursor
 0001:00005520       DestroyIcon
 0001:00005528       DestroyMenu
 0001:00005530       DestroyWindow
 0001:00048148       DialogHook
 0001:0004983C       Dialogs
 0002:000005C0       DIBPalSizes
 0002:00000050       dig
 0001:0003D244       DisableTaskWindows
 0001:00005538       DispatchMessage
 0001:00043300       DispatchShortCut
 0001:0000697C       DivMod
 0001:00047AAC       Dlgs
 0001:0004435C       DoAlign
 0001:0002A950       DoAlign
 0001:0002E788       DoCalcConstraints
 0002:00001780       DockSiteList
 0001:000396F8       DoClick
 0001:0002BE1C       DoControlMsg
 0001:0003D1F4       DoDisableWindow
 0001:0002613C       DoDragOver
 0001:00007A98       DoEncodeDate
 0001:00007918       DoEncodeTime
 0001:00006A30       DoExitProc
 0001:000302B0       DoFindControlZone
 0001:0003D330       DoFindWindow
 0001:00030814       DoFindZone
 0001:00030334       DoForEach
 0001:00031BA8       DoGetNextLimit
 0001:0003D1BC       DoneApplication
 0001:00032700       DoneControls
 0001:00009980       DoneExceptions
 0001:000417E0       DoNestedActivation
 0001:0002A5B4       DoPosition
 0001:000441AC       DoPosition
 0001:00031228       DoPrune
 0001:000316D8       DoSaveZone
 0001:000318DC       DoSetNewBounds
 0002:000002F0       DotSep
 0001:00018840       DoWrite
 0001:0000EC30       DoWrite
 0001:00017C70       DoWrite
 0001:0003463C       DoWrite
 0001:00029300       DoWrite
 0002:00001764       DragCapture
 0002:00001758       DragControl
 0001:00026888       DragDone
 0001:000260EC       DragFindTarget
 0001:000260C0       DragFindWindow
 0002:00001760       DragFreeObject
 0002:0000177C       DragImageList
 0001:000264E0       DragInit
 0001:00026650       DragInitControl
 0001:00026044       DragMessage
 0002:0000175C       DragObject
 0002:00001770       DragSaveCursor
 0002:00001768       DragStartPos
 0002:00001774       DragThreshold
 0001:0002620C       DragTo
 0001:00044F90       DrawAppIcon
 0001:00030D8C       DrawCloseButton
 0001:00005540       DrawEdge
 0001:00005548       DrawFocusRect
 0001:00005550       DrawFrameControl
 0001:00030DE4       DrawGrabberLine
 0001:00005558       DrawIcon
 0001:00005560       DrawIconEx
 0002:000007E8       DrawingStyles
 0001:00005568       DrawMenuBar
 0001:0003A9F0       DrawMenuItem
 0001:00005570       DrawText
 0001:0004D2AC       DropStream
 0001:00016AB0       DupBits
 0001:00003B04       DynArrayClear
 0001:00003B0C       DynArraySetLength
 0002:000008CC       EdgeStyle
 0002:000007A0       EdgeStyles
 0001:00009354       EHeapException.FreeInstance
 0002:00000650       Empty
 0002:00001410       EmptyParam
 0002:000000BC       EmptyStr
 0001:00005578       EnableMenuItem
 0002:00000864       Enables
 0001:00005580       EnableScrollBar
 0001:0003D2F8       EnableTaskWindows
 0001:00005588       EnableWindow
 0001:00007B60       EncodeDate
 0001:00007988       EncodeTime
 0002:00000B68       EncodingTable
 0001:0000D830       EndGlobalLoading
 0001:00005590       EndPaint
 0001:000003B4       EnterCriticalSection
 0001:000050E8       EnterCriticalSection
 0001:000050F0       EnumCalendarInfoA
 0002:000016D8       EnumDisplayMonitors
 0001:00008BA8       EnumEraNames
 0001:00008BE4       EnumEraYearOffsets
 0001:0004042C       EnumMonitorsProc
 0001:00005598       EnumThreadWindows
 0001:000108D8       EnumValue
 0001:000055A0       EnumWindows
 0001:000055A8       EqualRect
 0002:000015BC       EraNames
 0002:000015D8       EraYearOffsets
 0002:00000048       errCaption
 0001:000101C0       Error
 0001:00001778       Error
 0001:00035A78       Error
 0002:0000103C       ErrorAddr
 0001:00009400       ErrorHandler
 0002:000001FC       ErrorMap
 0002:00001004       ErrorProc
 0001:00008F44       ExceptAddr
 0002:00001008       ExceptClsProc
 0001:000098A4       ExceptHandler
 0001:000091C8       Exception.Create
 0001:00009204       Exception.CreateFmt
 0001:00009284       Exception.CreateRes
 0001:000092C0       Exception.CreateResFmt
 0002:00001010       ExceptionClass
 0001:00008F68       ExceptionErrorMessage
 0002:00000234       ExceptMap
 0001:00008F2C       ExceptObject
 0002:0000100C       ExceptObjProc
 0002:00001000       ExceptProc
 0001:00005300       ExcludeClipRect
 0002:00001034       ExitCode
 0001:00002834       ExitDll
 0002:00001038       ExitProc
 0001:00000260       ExitProcess
 0002:0000012C       ExitProcList
 0001:00048414       ExplorerHook
 0001:00047A74       ExtCtrls
 0001:00007010       ExtractFileExt
 0001:00006FD8       ExtractFileName
 0001:000489E4       ExtractFileName
 0001:00048A2C       ExtractFileNames
 0001:00005308       ExtTextOut
 0002:00001740       FClipboard
 0001:00006F38       FileClose
 0001:00006EB0       FileCreate
 0002:000005B8       FileFormats
 0002:00001046       FileMode
 0001:00006E70       FileOpen
 0001:00006ED4       FileRead
 0002:000002F8       FilerSignature
 0001:00006F2C       FileSeek
 0001:00006F00       FileWrite
 0001:00000CE4       FillAfterGap
 0001:00000C90       FillBeforeGap
 0001:00000D7C       FillerSizeAfterGap
 0001:00000D0C       FillerSizeBeforeGap
 0001:000055B0       FillRect
 0001:0004F730       Finalization
 0001:00046EEC       Finalization
 0001:000507BC       Finalization
 0001:00046EB4       Finalization
 0001:00034B78       Finalization
 0001:0004E3D0       Finalization
 0001:00046F24       Finalization
 0001:0004E94C       Finalization
 0001:0001C8F0       Finalization
 0001:00046F5C       Finalization
 0001:0004BCBC       Finalization
 0001:00046E08       Finalization
 0001:0000B1DC       Finalization
 0001:000336E8       Finalization
 0001:0000B3A4       Finalization
 0001:0001C404       Finalization
 0001:000521C8       Finalization
 0001:00046F9C       Finalization
 0001:00013B14       Finalization
 0001:00052190       Finalization
 0001:0000B73C       Finalization
 0001:0001D07C       Finalization
 0001:0001D0BC       Finalization
 0001:00005E34       Finalization
 0001:00051964       Finalization
 0001:00047A44       Finalization
 0001:0001D0FC       Finalization
 0001:00005B54       Finalization
 0001:0001C760       Finalization
 0001:00005B1C       Finalization
 0001:0004BDE4       Finalization
 0001:0001D134       Finalization
 0001:0001D16C       Finalization
 0001:0004BF88       Finalization
 0001:000497E0       Finalization
 0001:00047A7C       Finalization
 0001:0004DDA8       Finalization
 0001:0001D490       Finalization
 0001:00049858       Finalization
 0001:0004DDF8       Finalization
 0001:00049890       Finalization
 0001:000498C8       Finalization
 0001:0004F250       Finalization
 0001:0003ACDC       Finalization
 0001:00032880       Finalization
 0001:00004DB4       Finalization
 0001:00023688       Finalization
 0001:000234D0       Finalization
 0001:0000BCB0       Finalization
 0001:00046E7C       Finalization
 0001:00023498       Finalization
 0001:00005050       Finalization
 0001:00003AFC       FinalizeArray
 0001:0003950C       Find
 0001:00003D5C       FindBS
 0001:0000D274       FindClass
 0001:00003D30       FindClassHInstance
 0001:00000270       FindClose
 0001:00000C60       FindCommitted
 0001:000252E8       FindControl
 0001:00030A1C       FindControlAtPos
 0001:00026B34       FindDragTarget
 0001:00011128       FindExistingComponent
 0001:00000278       FindFirstFile
 0002:00001618       FindGlobalComponent
 0001:0003D43C       FindGlobalComponent
 0001:00003D08       FindHInstance
 0001:0000D614       FindIdentToInt
 0002:0000181C       FindMsg
 0001:00010474       FindNestedComponent
 0001:00035A40       FindPopupControl
 0001:000050F8       FindResource
 0001:00003D38       FindResourceHInstance
 0001:000467B8       FindScanline
 0001:0003D394       FindTopMostWindow
 0001:00011FF8       FindUniqueName
 0001:00026B00       FindVCLWindow
 0001:000055B8       FindWindow
 0001:000026B8       FInitUnits
 0001:00019AEC       FixupBitFields
 0002:000008DC       Flags
 0002:00001604       FLanguages
 0001:0001D4C0       FlatSB
 0002:00001700       FlatSB_EnableScrollBar
 0002:0000170C       FlatSB_GetScrollInfo
 0002:00001710       FlatSB_GetScrollPos
 0002:00001708       FlatSB_GetScrollRange
 0002:00001718       FlatSB_SetScrollInfo
 0002:00001714       FlatSB_SetScrollPos
 0001:0001D1B0       FlatSB_SetScrollProp
 0002:0000171C       FlatSB_SetScrollRange
 0002:00001704       FlatSB_ShowScrollBar
 0001:0000AED9       FloatToDecimal
 0001:0000A936       FloatToText
 0001:0000AC06       FloatToTextFmt
 0002:00000158       FMSecsPerDay
 0001:00007810       FmtStr
 0002:000008F4       FocusCount
 0002:000008F0       FocusMessages
 0002:000004D4       FontCharsets
 0002:00001698       FontManager
 0002:00000A28       ForceCurrentDirectory
 0001:0003D410       ForegroundTask
 0002:00001A1C       Form1
 0002:00000160       Format
 0001:000077FC       Format
 0001:0000739C       FormatBuf
 0001:00007390       FormatClearStr
 0001:00008974       FormatDateTime
 0001:00007324       FormatError
 0002:00000150       FormatErrorStrs
 0001:00005100       FormatMessage
 0001:0000737C       FormatVarToStr
 0001:00046E5C       Forms
 0001:00004858       FPower10
 0002:00000608       FPrinter
 0001:000055C0       FrameRect
 0001:0000A5B0       FreeAndNil
 0001:000009CC       FreeCommitted
 0001:00000ED4       FreeCurAlloc
 0001:00026BF4       FreeDeviceContext
 0001:00026CB0       FreeDeviceContexts
 0001:00013AA0       FreeIntConstList
 0001:00000280       FreeLibrary
 0001:00005108       FreeLibrary
 0001:00019648       FreeMemoryContexts
 0001:0003D580       FreeObjectInstance
 0001:00005110       FreeResource
 0001:0000064C       FreeSpace
 0001:0000A3E0       FreeTerminateProcs
 0001:00012B5C       FreeThreadWindow
 0002:00001860       FRichEditModule
 0001:00016AA0       GDICheck
 0001:000169F8       GDIError
 0001:000055C8       GetActiveWindow
 0001:00044830       GetAnimation
 0001:00048D34       GetAveCharSize
 0001:00005310       GetBitmapBits
 0001:000003CC       GetBlockDesc
 0001:00005318       GetBrushOrgEx
 0001:000055D0       GetCapture
 0001:00025570       GetCaptureControl
 0001:0000D1C4       GetClass
 0001:000055D8       GetClassInfo
 0001:000055E0       GetClientRect
 0001:000055E8       GetClipboardData
 0001:00018434       GetClipboardFormats
 0001:00005320       GetClipBox
 0001:00000368       GetCmdShow
 0001:0003388C       GetColor
 0001:00000288       GetCommandLine
 0001:00000818       GetCommitted
 0001:000008A8       GetCommittedAt
 0001:0002B960       GetControlAtPos
 0001:00007E8C       GetCount
 0001:00005118       GetCPInfo
 0001:00005328       GetCurrentPositionEx
 0001:00005120       GetCurrentProcessId
 0001:000043A8       GetCurrentThreadId
 0001:00005128       GetCurrentThreadId
 0001:0000596C       GetCurrentTime
 0001:000055F0       GetCursor
 0001:000467C8       GetCursorHeightMargin
 0001:000055F8       GetCursorPos
 0001:00007EB8       GetDate
 0001:00005130       GetDateFormat
 0001:00005600       GetDC
 0001:00005608       GetDCEx
 0001:00005330       GetDCOrgEx
 0001:0001C010       GetDefFontCharSet
 0001:0000E8EC       GetDesigner
 0001:00005610       GetDesktopWindow
 0001:00005348       GetDeviceCaps
 0001:00017A00       GetDIB
 0001:00005338       GetDIBColorTable
 0001:00005340       GetDIBits
 0001:00017948       GetDIBSizes
 0001:00016C10       GetDInColors
 0001:00005138       GetDiskFreeSpaceA
 0002:00000128       GetDiskFreeSpaceEx
 0001:00005618       GetDlgItem
 0001:00031C68       GetDockAlign
 0001:00025E98       GetDockSiteAtPos
 0001:00026178       GetDropCtl
 0001:00001EC4       GetDynaMethod
 0001:00005350       GetEnhMetaFileBits
 0001:00005358       GetEnhMetaFileHeader
 0001:00005360       GetEnhMetaFilePaletteEntries
 0001:0000B7AC       GetEnumNameValue
 0001:0000B7F8       GetEnumValue
 0001:00008C5C       GetEraNamesAndYearOffsets
 0001:000095C8       GetExceptionClass
 0001:000097A8       GetExceptionObject
 0001:0000D294       GetFieldClass
 0001:0000D14C       GetFieldClassTable
 0001:00018414       GetFileFormats
 0001:00000210       GetFileSize
 0001:00000200       GetFileType
 0001:00005620       GetFocus
 0001:000154C4       GetFontData
 0001:00005628       GetForegroundWindow
 0001:00009FA4       GetFormatSettings
 0001:00014B18       GetHashCode
 0001:0004461C       GetHint
 0001:0004464C       GetHintControl
 0001:0004BD94       gethostbyname
 0001:0004BDA4       gethostname
 0001:0003AB7C       GetHotkey
 0001:00005630       GetIconInfo
 0001:00005648       GetKeyboardLayout
 0001:00005650       GetKeyboardLayoutList
 0001:00005658       GetKeyboardState
 0001:00001B58       GetKeyboardType
 0001:00005638       GetKeyNameText
 0001:00005640       GetKeyState
 0001:00005660       GetLastActivePopup
 0001:00000290       GetLastError
 0001:00005140       GetLastError
 0001:00008A20       GetLocaleChar
 0001:00005150       GetLocaleInfo
 0001:00000298       GetLocaleInfo
 0001:000089D4       GetLocaleStr
 0001:00005148       GetLocalTime
 0001:0002552C       GetLongHint
 0001:00005668       GetMenu
 0001:0004214C       GetMenuHelpContext
 0001:00005670       GetMenuItemCount
 0001:00005678       GetMenuItemID
 0001:00005680       GetMenuItemInfo
 0001:00037E38       GetMenuSize
 0001:00005688       GetMenuState
 0001:00005690       GetMenuString
 0001:00004F14       GetModuleFileName
 0001:00005158       GetModuleFileName
 0001:000002A0       GetModuleFileName
 0001:000002A8       GetModuleHandle
 0001:00004F1C       GetModuleHandle
 0001:00005160       GetModuleHandle
 0002:000016D4       GetMonitorInfo
 0002:000016CC       GetMonitorInfoA
 0002:000016D0       GetMonitorInfoW
 0001:00008A84       GetMonthDayNames
 0001:00005698       GetNextWindow
 0001:00005368       GetObject
 0001:00046F94       GetOpenFileName
 0001:0000B8CC       GetOrdProp
 0001:00005370       GetPaletteEntries
 0001:000056A0       GetParent
 0001:0003D7CC       GetParentForm
 0001:00005378       GetPixel
 0001:000002B0       GetProcAddress
 0001:00005168       GetProcAddress
 0001:000056A8       GetProp
 0001:0000B80C       GetPropInfo
 0001:0000B878       GetPropInfos
 0001:0003DC8C       GetRealScrollPosition
 0001:0003386C       GetRGBColor
 0001:000056B0       GetScrollInfo
 0001:000056B8       GetScrollPos
 0001:000056C0       GetScrollRange
 0001:0004BD9C       getservbyname
 0001:000254E8       GetShortHint
 0001:00000570       GetSpace
 0001:000005D4       GetSpaceAt
 0001:00035AD0       GetSpecialName
 0001:000002B8       GetStartupInfo
 0001:00000218       GetStdHandle
 0001:00005380       GetStockObject
 0001:000056C8       GetSubMenu
 0001:000056D0       GetSysColor
 0001:00005170       GetSystemInfo
 0001:000056D8       GetSystemMenu
 0002:000016BC       GetSystemMetrics
 0001:000056E0       GetSystemMetrics
 0001:00005388       GetSystemPaletteEntries
 0001:00000208       GetSystemTime
 0001:00005178       GetTempPath
 0001:00005398       GetTextExtentPoint
 0001:00005390       GetTextExtentPoint32
 0001:000053A0       GetTextMetrics
 0001:000002C0       GetThreadLocale
 0001:00005180       GetThreadLocale
 0001:00005188       GetTickCount
 0001:00007EF0       GetTime
 0001:0004EB20       GetTimeZone
 0001:0004EAE0       GetTimeZoneBias
 0001:00005190       GetTimeZoneInformation
 0001:00044D40       GetTopMostWindows
 0001:00025678       GetTopParent
 0001:000056E8       GetTopWindow
 0001:0000B7A0       GetTypeData
 0001:00005198       GetVersion
 0001:000051A0       GetVersionEx
 0001:000056F0       GetWindow
 0001:000056F8       GetWindowDC
 0001:00005700       GetWindowLong
 0001:000053B0       GetWindowOrgEx
 0001:00005708       GetWindowPlacement
 0001:00005710       GetWindowRect
 0001:00005718       GetWindowText
 0001:00005720       GetWindowThreadProcessId
 0001:000053A8       GetWinMetaFileBits
 0001:000051A8       GlobalAddAtom
 0001:000051B0       GlobalAlloc
 0001:00005978       GlobalAllocPtr
 0001:000051B8       GlobalDeleteAtom
 0002:0000162C       GlobalFixupList
 0001:000105BC       GlobalFixupReferences
 0001:000051C0       GlobalFree
 0001:000059A4       GlobalFreePtr
 0001:000051D0       GlobalHandle
 0001:000051C8       GlobalLock
 0002:00001614       GlobalNameSpace
 0001:000051D8       GlobalReAlloc
 0001:00005988       GlobalReAllocPtr
 0001:000051E0       GlobalUnlock
 0001:0001C4D8       Graphics
 0002:00000B48       GripStyles
 0001:000117F0       HandleException
 0001:00020478       HasPopup
 0002:00000004       HeapAllocFlags
 0002:00001430       heapErrorCode
 0002:00001434       heapLock
 0002:00001818       HelpMsg
 0002:00000124       HexDisplayPrefix
 0002:00000640       HideSelections
 0002:000014D8       HInstance
 0002:000017E8       HintDoneEvent
 0001:0004471C       HintGetMsgHook
 0002:000017EC       HintHook
 0001:000446C0       HintMouseThread
 0002:000017F0       HintThread
 0002:000017E4       HintThreadID
 0001:0004466C       HintTimerProc
 0002:000008EC       HintWindowClass
 0001:00044760       HookHintHooks
 0001:0004BD54       htons
 0001:00005A24       HwndMSWheel
 0002:00000880       IBreaks
 0002:0000088C       IChecks
 0002:00000A98       IconIDs
 0002:00000894       IDefaults
 0001:000154B4       IdentToCharset
 0001:000152AC       IdentToColor
 0001:000254D8       IdentToCursor
 0001:0000D698       IdentToInt
 0002:0000089C       IEnables
 0001:00038B38       IfHotkeyAvailable
 0001:0001C84C       ImageList_Add
 0001:0001C86C       ImageList_AddIcon
 0001:0001C890       ImageList_BeginDrag
 0001:0001C834       ImageList_Create
 0001:0001C83C       ImageList_Destroy
 0001:0001C8A0       ImageList_DragEnter
 0001:0001C8A8       ImageList_DragLeave
 0001:0001C8B0       ImageList_DragMove
 0001:0001C8C0       ImageList_DragShowNolock
 0001:0001C878       ImageList_Draw
 0001:0001C880       ImageList_DrawEx
 0001:0001C898       ImageList_EndDrag
 0001:0001C864       ImageList_GetBkColor
 0001:0001C8C8       ImageList_GetDragImage
 0001:0001C8E0       ImageList_GetIconSize
 0001:0001C844       ImageList_GetImageCount
 0001:0001C8D0       ImageList_Read
 0001:0001C888       ImageList_Remove
 0001:0001C854       ImageList_ReplaceIcon
 0001:0001C85C       ImageList_SetBkColor
 0001:0001C8B8       ImageList_SetDragCursorImage
 0001:0001C8E8       ImageList_SetIconSize
 0001:0001C8D8       ImageList_Write
 0002:000007F8       Images
 0001:00034BA8       ImgList
 0001:0001D0EC       Imm
 0002:000007D4       IMM32DLL
 0001:000326EC       Imm32IsIME
 0002:0000015C       IMSecsPerDay
 0001:0004BD5C       inet_addr
 0001:00005728       InflateRect
 0001:0004DE40       IniFiles
 0001:00000A58       InitAllocator
 0001:0001C928       InitAnApi
 0002:000016E4       InitApis
 0001:0001C7A0       InitComCtl
 0001:0004AA00       InitCommonControl
 0001:0001C798       InitCommonControls
 0001:0001C800       InitCommonControlsEx
 0001:0000D8A4       InitComponent
 0002:000014A0       InitContext
 0001:00032774       InitControls
 0001:0003D4BC       InitCtl3D
 0001:0001C054       InitDefFontData
 0001:0000A400       InitDriveSpacePtr
 0001:000098B4       InitExceptions
 0001:0001D20C       InitFlatSB
 0001:0004968C       InitGlobals
 0001:00017800       InitializeBitmapInfoHeader
 0001:000003AC       InitializeCriticalSection
 0001:000051E8       InitializeCriticalSection
 0002:0000142C       initialized
 0001:0001D1E4       InitializeFlatSB
 0001:00004FD0       InitializeModule
 0001:0003238C       InitIMM32
 0001:0000D94C       InitInheritedComponent
 0001:0001D010       InitMultiMonStubs
 0001:000099EC       InitPlatformId
 0002:00001030       InitProc
 0001:0001BFD8       InitScreenLogPixels
 0001:00009EEC       InitSysLocale
 0001:00004F3C       InitThreadTLS
 0001:00002718       InitUnits
 0001:00025230       InitWndProc
 0002:00000780       InnerStyles
 0002:0000104C       Input
 0001:0004414C       InsertBefore
 0001:0002A554       InsertBefore
 0001:00000E4C       InsertFree
 0001:00038BEC       InsertHotkeyFarEastFormat
 0001:00005730       InsertMenu
 0001:00005738       InsertMenuItem
 0002:000017DC       InstBlockList
 0002:000017E0       InstFreeList
 0001:0004EA9C       int2str
 0002:00001628       IntConstList
 0001:00000360       InterlockedDecrement
 0001:00000358       InterlockedIncrement
 0001:00007BD4       InternalDecodeDate
 0001:00014AA4       InternalDeletePalette
 0001:00000CC0       InternalFreeMem
 0001:00017950       InternalGetDIB
 0001:000178E4       InternalGetDIBSizes
 0001:0000D71C       InternalReadComponentRes
 0001:000053B8       IntersectClipRect
 0001:00005740       IntersectRect
 0001:0000D6D8       IntToIdent
 0001:00006DEC       IntToStr
 0001:00005748       InvalidateRect
 0001:00016980       InvalidBitmap
 0001:00016968       InvalidGraphic
 0001:0001698C       InvalidIcon
 0001:00016998       InvalidMetafile
 0001:00016950       InvalidOperation
 0002:00001600       InvalidPointer
 0001:00001D7C       InvokeImplGetter
 0001:0004BD64       ioctlsocket
 0001:000017EC       IOResult
 0002:000008BC       IOwnerDraw
 0002:000008A4       IRadios
 0002:000008B4       IRTL
 0001:0003D75C       IsAccel
 0001:00039CAC       IsAccelChar
 0001:00025C50       IsBeforeTargetWindow
 0001:00005750       IsChild
 0002:00001044       IsConsole
 0001:00009CDC       IsDelimiter
 0001:0002609C       IsDelphiHandle
 0001:00005758       IsDialogMessage
 0002:000008AC       ISeparators
 0001:0000B39C       IsEqualIID
 0001:00005760       IsIconic
 0001:00039D08       IsInitialChar
 0001:00007A5C       IsLeapYear
 0002:00001024       IsLibrary
 0002:00001045       IsMultiThread
 0001:00009CA8       IsPathDelimiter
 0001:00005768       IsRectEmpty
 0001:0004DF3C       IsRelative
 0001:00025E54       IsSiteChildOfClient
 0001:00006D88       IsValidIdent
 0001:00005770       IsWindow
 0001:00005778       IsWindowEnabled
 0001:00005780       IsWindowVisible
 0001:00005788       IsZoomed
 0001:00035E9C       Iterate
 0001:00035EFC       IterateMenus
 0002:0000000C       JITEnable
 0001:0003D710       KeyboardStateToShiftState
 0001:0003D6D4       KeyDataToShiftState
 0001:0003D680       KeysToShiftState
 0001:00005790       KillTimer
 0001:00006F88       LastDelimiter
 0002:00000104       LeadBytes
 0001:000003BC       LeaveCriticalSection
 0001:000051F0       LeaveCriticalSection
 0002:00000014       LibModuleList
 0001:000053C0       LineTo
 0001:00026B7C       ListAdd
 0001:0004BD6C       listen
 0001:00026BA4       ListRemove
 0002:000015F4       ListSeparator
 0001:00005798       LoadBitmap
 0001:000057A0       LoadCursor
 0001:000057A8       LoadIcon
 0001:000057B0       LoadKeyboardLayout
 0001:000051F8       LoadLibrary
 0001:000002C8       LoadLibraryEx
 0001:00005200       LoadResource
 0001:00003F18       LoadResourceModule
 0001:00004280       LoadResString
 0001:000002D0       LoadString
 0001:000057B8       LoadString
 0001:00004F24       LocalAlloc
 0001:0000038C       LocalAlloc
 0001:00000394       LocalFree
 0001:00008A48       LocalGetLocaleStr
 0001:00005208       LockResource
 0002:00001500       LongDateFormat
 0002:00001594       LongDayNames
 0002:00001548       LongMonthNames
 0002:00001514       LongTimeFormat
 0001:00006AD0       LowerCase
 0001:00005278       lstrcpy
 0001:000002D8       lstrcpy
 0001:000002E0       lstrcpyn
 0001:000002E8       lstrlen
 0002:0000101C       MainInstance
 0002:00001020       MainThreadID
 0001:0000041C       MakeEmpty
 0001:000027E4       MakeErrorMessage
 0002:000007C0       MakeLast
 0001:00005960       MakeLong
 0001:0003D4E8       MakeObjectInstance
 0001:000059B8       MakeROP4
 0001:00009548       MapException
 0001:00002534       MapToRunError
 0001:000057C0       MapVirtualKey
 0001:000057C8       MapWindowPoints
 0002:000007E0       Mask
 0001:000053C8       MaskBlt
 0001:0001D12C       Math
 0001:0001D0F4       Max
 0001:00048D2C       Max
 0001:0003FFF8       MaximizedChildren
 0002:0000001C       MemoryManager
 0002:00000814       MenuKeyCaps
 0001:0003AD4C       Menus
 0001:0000046C       MergeBlockAfter
 0001:00000F20       MergeCommit
 0001:000057D0       MessageBox
 0001:00000268       MessageBox
 0001:00049590       MessageDlgPos
 0001:000495B4       MessageDlgPosHelp
 0001:00005B84       Messages
 0001:0000E004       Min
 0001:00031BA0       Min
 0001:00029E80       MinVar
 0002:000016EC       MMAvailable
 0002:00000B04       ModalResults
 0002:000007D8       ModeMap
 0001:00041B58       ModifySystemMenu
 0002:000000A4       Module
 0002:000014CD       ModuleIsCpp
 0002:000014CC       ModuleIsLib
 0001:00013B0C       ModuleUnload
 0002:00000018       ModuleUnloadList
 0002:000016C8       MonitorFromPoint
 0002:000016C4       MonitorFromRect
 0002:000016C0       MonitorFromWindow
 0002:000000D4       MonthDays
 0002:00000B88       Months
 0002:00001748       Mouse
 0001:00001804       Move
 0001:000053D0       MoveToEx
 0001:00026BC4       MoveWindowOrg
 0001:00005210       MulDiv
 0001:000002F0       MultiByteToWideChar
 0001:0001D0AC       MultiMon
 0002:000014F5       NegCurrFormat
 0001:00000FAC       NewCommit
 0001:00000FD8       NewCommitAt
 0002:0000174C       NewStyleControls
 0002:000002FC       NilMethod
 0002:00000010       NoErrMsg
 0001:00036BC8       NormalDraw
 0001:000020EC       NotifyAnyExcept
 0001:0000E984       NotifyDesigner
 0001:000020C4       NotifyExcept
 0001:00002120       NotifyExceptFinally
 0001:0000D800       NotifyGlobalLoading
 0001:000041A4       NotifyModuleUnload
 0001:000020A4       NotifyNonDelphiException
 0001:000020D8       NotifyOnExcept
 0001:00002088       NotifyReRaise
 0001:00002148       NotifyTerminate
 0001:00002164       NotifyUnhandled
 0001:00007D8C       Now
 0001:000396E8       NthParentOf
 0001:0004BD74       ntohs
 0002:00001400       Null
 0002:00000648       OEMConverts
 0001:000057D8       OemToAnsi
 0001:000057E0       OffsetRect
 0001:000035FC       OleStrToStrVar
 0002:00000A34       OpenOptions
 0002:000007B8       OrientArray
 0002:00000790       OuterStyles
 0002:000015FC       OutOfMemory
 0001:000169A4       OutOfResources
 0002:00001218       Output
 0002:000005C8       Pal16
 0001:00014E88       PaletteChanged
 0001:00017190       PaletteFromDIBColorTable
 0001:00017234       PaletteToDIBColorTable
 0002:000005C4       PalSize
 0001:0002FF58       ParentNotLast
 0002:00000624       Passwords
 0001:000053D8       PatBlt
 0002:000016A8       PatternManager
 0001:000057E8       PeekMessage
 0002:0000169C       PenManager
 0002:00000594       PenModes
 0002:00000574       PenStyles
 0001:000053E0       PlayEnhMetaFile
 0001:0000D0FC       Point
 0001:000059D8       PointToSmallPoint
 0002:000017C0       PopupList
 0001:000057F0       PostMessage
 0001:000057F8       PostQuitMessage
 0001:0001D1A8       Printers
 0001:00043100       ProcessExecute
 0001:0003D98C       ProcessHorz
 0001:00043200       ProcessUpdate
 0001:0003D9F8       ProcessVert
 0001:0004B800       ProgressLimitError
 0001:000108CC       PropertyNotFound
 0001:000118F0       PropPathError
 0002:00000944       Props
 0001:000108C0       PropValueError
 0001:00005800       PtInRect
 0002:00001784       QualifyingSites
 0001:000094F0       RaiseAssertException
 0001:00000220       RaiseException
 0001:0000A31C       RaiseLastWin32Error
 0001:0000176C       RaiseList
 0001:00001844       Randomize
 0002:00001040       RandSeed
 0001:00030B3C       ReadControlName
 0001:000108A8       ReadError
 0001:0004DF10       ReadError
 0001:00005218       ReadFile
 0001:00000228       ReadFile
 0001:000174E0       ReadIcon
 0002:0000062C       ReadOnlys
 0001:00011B68       ReadVariantProp
 0001:000053E8       RealizePalette
 0001:00010F18       Recover
 0001:0000D114       Rect
 0001:000053F8       Rectangle
 0001:000053F0       RectVisible
 0001:0004BD7C       recv
 0002:000013EC       RefAnyProc
 0001:00005088       RegCloseKey
 0001:000002F8       RegCloseKey
 0001:00005090       RegCreateKeyEx
 0001:00005098       RegFlushKey
 0001:0000D360       RegisterClass
 0001:00005808       RegisterClass
 0001:0000D45C       RegisterClasses
 0001:00005810       RegisterClipboardFormat
 0001:00025FE4       RegisterDockSite
 0001:0000D5E8       RegisterIntegerConsts
 0001:00004200       RegisterModule
 0001:00005818       RegisterWindowMessage
 0001:0004E418       Registry
 0001:000050A0       RegOpenKeyEx
 0001:00000300       RegOpenKeyEx
 0001:000050A8       RegQueryValueEx
 0001:00000308       RegQueryValueEx
 0001:00046EE4       RegStr
 0001:00005820       ReleaseCapture
 0001:00005828       ReleaseDC
 0002:00001484       remBytes
 0001:000004E0       RemoveBlock
 0001:00010778       RemoveFixupReferences
 0001:00010824       RemoveFixups
 0001:00010AFC       RemoveGlobalFixup
 0001:00005830       RemoveMenu
 0001:0000411C       RemoveModuleUnloadProc
 0001:00004144       RemoveModuleUnloadProc
 0001:00005838       RemoveProp
 0001:00001458       ResizeInPlace
 0001:00005400       RestoreDC
 0001:00009168       ReturnAddr
 0001:0000DADC       ReturnAddr
 0001:00035A70       ReturnAddr
 0001:0000ED90       ReturnAddr
 0001:00016F10       RGBQuadToTriple
 0001:00016ED8       RGBTripleToQuad
 0001:00049888       RichEdit
 0002:00001480       rover
 0002:00000B30       RTFConversionFormat
 0002:00000B50       RTLReading
 0001:00000230       RtlUnwind
 0002:00000028       runErrMsg
 0001:00002528       RunErrorAt
 0001:0000A5C0       SafeLoadLibrary
 0001:0004F760       SakAttFile
 0001:0004E97C       SakMIME
 0001:000507EC       SakMsg
 0001:00051994       SakSMTP
 0001:0004F0F0       sak_CleanUpAddresses
 0001:0004EFD0       sak_ExtractAddress
 0001:0004EEB8       sak_GenerateBoundary
 0001:0004EC44       sak_GetInternetDate
 0001:0004E82C       sak_GetMIMEType
 0001:0004EF58       sak_GetTempPath
 0001:0004E9C0       sak_IsIPAddress
 0001:0004EDB8       sak_MakeUniqueID
 0001:0004F280       sak_util
 0001:00006B80       SameText
 0001:00005408       SaveDC
 0001:0004DDD8       ScktComp
 0002:000017D4       Screen
 0002:00001654       ScreenLogPixels
 0001:00005840       ScreenToClient
 0002:0000066C       ScrollBar
 0001:0003DB44       ScrollBarVisible
 0001:00005848       ScrollWindow
 0001:0000100C       SearchSmallBlocks
 0001:00005410       SelectObject
 0001:00005418       SelectPalette
 0001:0004BD84       send
 0001:00025304       SendAppMessage
 0001:0003D3D0       SendFocusMessage
 0001:00005850       SendMessage
 0002:00000878       Separators
 0001:00005858       SetActiveWindow
 0001:00044860       SetAnimation
 0001:00005420       SetBkColor
 0001:00005428       SetBkMode
 0001:00005430       SetBrushOrgEx
 0001:00005860       SetCapture
 0001:00025598       SetCaptureControl
 0001:00005868       SetClassLong
 0001:00011088       SetCompName
 0001:00005870       SetCursor
 0001:00005438       SetDIBColorTable
 0001:00000238       SetEndOfFile
 0001:00005220       SetEndOfFile
 0001:00005440       SetEnhMetaFileBits
 0001:00005228       SetErrorMode
 0001:00005230       SetEvent
 0001:00002670       SetExceptionHandler
 0001:00000240       SetFilePointer
 0001:00005238       SetFilePointer
 0001:0000BB50       SetFloatProp
 0001:00005878       SetFocus
 0001:00005880       SetForegroundWindow
 0001:00032610       SetImeMode
 0001:000017DC       SetInOutRes
 0001:0000BC74       SetInt64Prop
 0001:00011AE0       SetIntIdent
 0001:0000BA38       SetLongStrProp
 0001:00005888       SetMenu
 0001:00005890       SetMenuItemInfo
 0001:0000BC3C       SetMethodProp
 0001:00011B28       SetObjectIdent
 0001:0000B940       SetOrdProp
 0001:00005448       SetPixel
 0001:00005898       SetProp
 0001:000058A0       SetRect
 0001:00005450       SetROP2
 0001:000058A8       SetScrollInfo
 0001:000058B0       SetScrollPos
 0001:000058B8       SetScrollRange
 0001:0000B99C       SetShortStrProp
 0001:0000B9F0       SetShortStrPropAsLongStr
 0001:00005458       SetStretchBltMode
 0001:0000BB24       SetStrProp
 0001:00005460       SetTextColor
 0001:00005240       SetThreadLocale
 0001:000058C0       SetTimer
 0001:0000BBFC       SetVariantProp
 0001:00005468       SetViewportOrgEx
 0001:000464D8       SetVisible
 0001:0000BA8C       SetWideStrProp
 0001:0000BACC       SetWideStrPropAsLongStr
 0001:000058C8       SetWindowLong
 0001:00005478       SetWindowOrgEx
 0001:000058D0       SetWindowPlacement
 0001:000058D8       SetWindowPos
 0001:000058E8       SetWindowsHookEx
 0001:000058E0       SetWindowText
 0001:00005470       SetWinMetaFileBits
 0002:0000013C       ShareMode
 0001:00046EAC       ShellAPI
 0002:0000185C       ShellModule
 0001:00046F8C       ShlObj
 0001:00035A98       ShortCut
 0002:000017C4       ShortCutItems
 0001:00035B24       ShortCutToText
 0002:000014FC       ShortDateFormat
 0002:00001578       ShortDayNames
 0002:00001518       ShortMonthNames
 0002:00001510       ShortTimeFormat
 0002:00000980       ShowCommands
 0002:00000998       ShowCommands
 0002:0000098C       ShowCommands
 0001:000058F0       ShowCursor
 0001:000090F0       ShowException
 0002:00000778       ShowFlags
 0002:00000A24       ShowFlags
 0001:0003D170       ShowMDIClientEdge
 0001:00049668       ShowMessage
 0001:00049674       ShowMessagePos
 0001:000058F8       ShowOwnedPopups
 0001:00005900       ShowScrollBar
 0001:00005908       ShowWindow
 0001:00044888       ShowWinNoAnimate
 0002:000007CC       SizeCursors
 0001:00005248       SizeofResource
 0001:000125A8       SkipBinary
 0001:00012554       SkipBytes
 0001:000125D0       SkipCollection
 0001:0001252C       SkipList
 0001:00005250       Sleep
 0001:0000D104       SmallPoint
 0001:000059C4       SmallPointToPoint
 0002:0000148C       smallTab
 0001:00052398       smtp
 0001:0004BD8C       socket
 0002:000006A4       Sorts
 0002:00001454       spaceRoot
 0001:0004C704       Startup
 0001:000236B8       StdActns
 0001:000234C8       StdCtrls
 0001:0003D4C0       StdWndProc
 0002:0000165C       StockBrush
 0002:00001660       StockFont
 0002:00001664       StockIcon
 0002:00001658       StockPen
 0001:000072C8       StrAlloc
 0001:000072DC       StrBufSize
 0001:00009AE0       StrByteType
 0001:000071D4       StrComp
 0001:00007134       StrCopy
 0001:00007314       StrDispose
 0001:0003450C       StreamsEqual
 0001:000070E4       StrEnd
 0001:00005480       StretchBlt
 0001:00007794       StrFmt
 0001:0000FBAC       StringListAnsiCompare
 0001:00003620       StringToOleStr
 0001:0003AAE4       StripHotkey
 0001:0000715C       StrLCopy
 0001:000070CC       StrLen
 0001:000077C8       StrLFmt
 0001:000071F8       StrLIComp
 0001:000070F8       StrMove
 0001:000072E8       StrNew
 0001:000072B4       StrPas
 0001:00007190       StrPCopy
 0001:000071B4       StrPLCopy
 0001:00007260       StrPos
 0001:00007240       StrScan
 0001:00006E1C       StrToInt
 0001:00006E58       StrToIntDef
 0002:0000096C       Styles
 0001:0004BFB8       SyncObjs
 0001:00000320       SysAllocStringLen
 0001:00005E64       SysConst
 0002:00000934       SysConsts
 0002:0000093C       SysConsts
 0001:00008988       SysErrorMessage
 0001:000012B4       SysFreeMem
 0001:00000330       SysFreeString
 0001:0000112C       SysGetMem
 0001:00005080       SysInit
 0002:000015B0       SysLocale
 0001:00001628       SysReallocMem
 0001:00000328       SysReAllocStringLen
 0001:00000338       SysStringLen
 0001:00004E1C       System
 0002:0000164C       SystemPalette16
 0001:000170F8       SystemPaletteOverride
 0001:00005910       SystemParametersInfo
 0001:0000B31C       SysUtils
 0001:0004DB94       TAbstractSocket.Close
 0001:0004D978       TAbstractSocket.DoError
 0001:0004D964       TAbstractSocket.DoEvent
 0001:0004D9B0       TAbstractSocket.InitSocket
 0001:0004D9C8       TAbstractSocket.Loaded
 0001:0004DB8C       TAbstractSocket.Open
 0001:0004D990       TAbstractSocket.SetActive
 0001:0004D9E0       TAbstractSocket.SetAddress
 0001:0004DA60       TAbstractSocket.SetHost
 0001:0004DAE0       TAbstractSocket.SetPort
 0001:0004DB0C       TAbstractSocket.SetService
 0001:000331B8       TActionLink.IsCaptionLinked
 0001:000331CC       TActionLink.IsCheckedLinked
 0001:000331E0       TActionLink.IsEnabledLinked
 0001:000331F4       TActionLink.IsHelpContextLinked
 0001:00033208       TActionLink.IsHintLinked
 0001:0003321C       TActionLink.IsImageIndexLinked
 0001:00033230       TActionLink.IsShortCutLinked
 0001:00033244       TActionLink.IsVisibleLinked
 0001:00033258       TActionLink.SetCaption
 0001:0003325C       TActionLink.SetChecked
 0001:00033260       TActionLink.SetEnabled
 0001:00033264       TActionLink.SetHelpContext
 0001:00033268       TActionLink.SetHint
 0001:0003326C       TActionLink.SetImageIndex
 0001:00033270       TActionLink.SetShortCut
 0001:00033274       TActionLink.SetVisible
 0001:00046970       TApplication.ActivateHint
 0001:00045824       TApplication.BringToFront
 0001:00046790       TApplication.CancelHint
 0001:00044F04       TApplication.CheckIniChange
 0001:00044CE0       TApplication.ControlDestroyed
 0001:000448C8       TApplication.Create
 0001:00045C34       TApplication.CreateForm
 0001:00044B40       TApplication.CreateHandle
 0001:00044A60       TApplication.Destroy
 0001:00046D18       TApplication.DispatchAction
 0001:000461BC       TApplication.DoActionIdle
 0001:00046220       TApplication.DoMouseIdle
 0001:00044DB0       TApplication.DoNormalizeTopMosts
 0001:00046DA8       TApplication.ExecuteAction
 0001:00045678       TApplication.GetIconHandle
 0001:00045860       TApplication.GetTitle
 0001:00045D7C       TApplication.HandleException
 0001:00045B20       TApplication.HandleMessage
 0001:00046174       TApplication.HelpCommand
 0001:00046168       TApplication.HelpContext
 0001:00046754       TApplication.HideHint
 0001:00046614       TApplication.HintMouseMessage
 0001:00046720       TApplication.HintTimerExpired
 0001:00045B44       TApplication.HookMainWindow
 0001:000463E0       TApplication.IconChanged
 0001:000462A4       TApplication.Idle
 0001:00045C1C       TApplication.Initialize
 0001:0004603C       TApplication.InvokeHelp
 0001:000458A8       TApplication.IsDlgMsg
 0001:000459D4       TApplication.IsHintMsg
 0001:0004591C       TApplication.IsKeyMsg
 0001:000458CC       TApplication.IsMDIMsg
 0001:00045A04       TApplication.IsShortCut
 0001:00045E0C       TApplication.MessageBox
 0001:00045694       TApplication.Minimize
 0001:00044E60       TApplication.NormalizeAllTopMosts
 0001:00044E58       TApplication.NormalizeTopMosts
 0001:000463A4       TApplication.NotifyForms
 0001:00045A70       TApplication.ProcessMessage
 0001:00045B08       TApplication.ProcessMessages
 0001:00045734       TApplication.Restore
 0001:00044E68       TApplication.RestoreTopMosts
 0001:00045CB4       TApplication.Run
 0001:00046444       TApplication.SetHint
 0001:0004617C       TApplication.SetShowHint
 0001:00045F64       TApplication.ShowException
 0001:000465BC       TApplication.StartHintTimer
 0001:000465F4       TApplication.StopHintTimer
 0001:00045D68       TApplication.Terminate
 0001:00045BA0       TApplication.UnhookMainWindow
 0001:00046DD0       TApplication.UpdateAction
 0001:00046534       TApplication.UpdateVisible
 0001:00044EEC       TApplication.UseRightToLeftAlignment
 0001:00044ED4       TApplication.UseRightToLeftReading
 0001:00044FDC       TApplication.WndProc
 0002:000008F8       TaskActiveWindow
 0002:00000900       TaskFirstTopMost
 0002:000008FC       TaskFirstWindow
 0002:00000904       TaskWindowList
 0001:0004F4B8       TAttachedFile.Base64Encode
 0001:0004F3F0       TAttachedFile.Create
 0001:0004F44C       TAttachedFile.Destroy
 0001:0004F4A4       TAttachedFile.GetBodyBin
 0001:0004F6A0       TAttachedFiles.Add
 0001:0004F650       TAttachedFiles.Create
 0001:0004F68C       TAttachedFiles.GetItem
 0001:0004E4D8       TBase64EncodingStream.Create
 0001:0004E524       TBase64EncodingStream.Destroy
 0001:0004E620       TBase64EncodingStream.Read
 0001:0004E7D4       TBase64EncodingStream.Seek
 0001:0004E65C       TBase64EncodingStream.Write
 0001:00025970       TBaseDragControlObject.Assign
 0001:0002594C       TBaseDragControlObject.Create
 0001:0002599C       TBaseDragControlObject.EndDrag
 0001:000259C0       TBaseDragControlObject.Finished
 0001:00013564       TBasicAction.Change
 0001:0001343C       TBasicAction.Create
 0001:00013480       TBasicAction.Destroy
 0001:000134D8       TBasicAction.Execute
 0001:000134D0       TBasicAction.ExecuteTarget
 0001:000134CC       TBasicAction.HandlesTarget
 0001:00013578       TBasicAction.RegisterChanges
 0001:00013510       TBasicAction.SetOnExecute
 0001:00013584       TBasicAction.UnRegisterChanges
 0001:000134F4       TBasicAction.Update
 0001:000134D4       TBasicAction.UpdateTarget
 0001:00013398       TBasicActionLink.AssignClient
 0001:000133D0       TBasicActionLink.Change
 0001:00013354       TBasicActionLink.Create
 0001:0001339C       TBasicActionLink.Destroy
 0001:000133E8       TBasicActionLink.Execute
 0001:00013424       TBasicActionLink.IsOnExecuteLinked
 0001:000133F8       TBasicActionLink.SetAction
 0001:00013428       TBasicActionLink.SetOnExecute
 0001:00013430       TBasicActionLink.Update
 0001:0001A4A8       TBitmap.Assign
 0001:0001A67C       TBitmap.Changed
 0001:0001A658       TBitmap.Changing
 0001:0001A598       TBitmap.CopyImage
 0001:0001A404       TBitmap.Create
 0001:0001A46C       TBitmap.Destroy
 0001:0001AAA4       TBitmap.DIBNeeded
 0001:0001A688       TBitmap.Dormant
 0001:0001A6A4       TBitmap.Draw
 0001:0001AB18       TBitmap.FreeContext
 0001:0001A8F4       TBitmap.FreeImage
 0001:0001A970       TBitmap.GetCanvas
 0001:0001A958       TBitmap.GetEmpty
 0001:0001A9B0       TBitmap.GetHandle
 0001:0001A9D4       TBitmap.GetHandleType
 0001:0001AA00       TBitmap.GetHeight
 0001:0001AA10       TBitmap.GetMaskHandle
 0001:0001AA24       TBitmap.GetMonochrome
 0001:0001AA40       TBitmap.GetPalette
 0001:0001AA54       TBitmap.GetTransparentColor
 0001:0001AA9C       TBitmap.GetWidth
 0001:0001AB28       TBitmap.HandleNeeded
 0001:0001AC50       TBitmap.LoadFromClipboardFormat
 0001:0001ACD4       TBitmap.LoadFromStream
 0001:0001AB38       TBitmap.MaskHandleNeeded
 0001:0001ACF8       TBitmap.NewImage
 0001:0001AB98       TBitmap.PaletteNeeded
 0001:0001ADF8       TBitmap.ReadData
 0001:0001AE20       TBitmap.ReadDIB
 0001:0001B334       TBitmap.ReadStream
 0001:0001BA80       TBitmap.SaveToClipboardFormat
 0001:0001BA78       TBitmap.SaveToStream
 0001:0001B3A4       TBitmap.SetHandle
 0001:0001B468       TBitmap.SetHandleType
 0001:0001B5A0       TBitmap.SetHeight
 0001:0001B5F4       TBitmap.SetMonochrome
 0001:0001B674       TBitmap.SetPalette
 0001:0001B748       TBitmap.SetWidth
 0001:0001B79C       TBitmap.WriteData
 0001:0001B7A4       TBitmap.WriteStream
 0001:00019770       TBitmapCanvas.Create
 0001:00019878       TBitmapCanvas.CreateHandle
 0001:000197AC       TBitmapCanvas.Destroy
 0001:000197D8       TBitmapCanvas.FreeContext
 0001:00019988       TBitmapImage.Destroy
 0001:000199E4       TBitmapImage.FreeHandle
 0001:0000DFBC       TBits.Destroy
 0001:0000DFEC       TBits.Error
 0001:0000E0E0       TBits.OpenBit
 0001:0000E0B4       TBits.SetBit
 0001:0000E010       TBits.SetSize
 0001:00015DD8       TBrush.Assign
 0001:00015D70       TBrush.Create
 0001:00015DB0       TBrush.Destroy
 0001:00015F14       TBrush.GetColor
 0001:00015E80       TBrush.GetData
 0001:00015F50       TBrush.GetHandle
 0001:00016030       TBrush.GetStyle
 0001:00015EF0       TBrush.SetBitmap
 0001:00015F1C       TBrush.SetColor
 0001:00015EA0       TBrush.SetData
 0001:00016038       TBrush.SetStyle
 0001:00023230       TButton.Click
 0001:000233B8       TButton.CMDialogChar
 0001:00023348       TButton.CMDialogKey
 0001:0002343C       TButton.CMFocusChanged
 0001:00023334       TButton.CNCommand
 0001:000231CC       TButton.Create
 0001:000232E0       TButton.CreateParams
 0001:0002331C       TButton.CreateWnd
 0001:00023258       TButton.SetButtonStyle
 0001:000232AC       TButton.SetDefault
 0001:00023254       TButton.UseRightToLeftAlignment
 0001:00023490       TButton.WMEraseBkgnd
 0001:00022FE8       TButtonActionLink.AssignClient
 0001:0002300C       TButtonActionLink.IsCheckedLinked
 0001:00023044       TButtonActionLink.SetChecked
 0001:000230FC       TButtonControl.ActionChange
 0001:000230A8       TButtonControl.Create
 0001:00023144       TButtonControl.GetActionLinkClass
 0001:0002314C       TButtonControl.GetChecked
 0001:00023150       TButtonControl.SetChecked
 0001:00023154       TButtonControl.WndProc
 0001:00016930       TCanvas.BrushChanged
 0001:00016804       TCanvas.Changed
 0001:000167F0       TCanvas.Changing
 0001:0001618C       TCanvas.CopyRect
 0001:0001606C       TCanvas.Create
 0001:00016874       TCanvas.CreateBrush
 0001:00016818       TCanvas.CreateFont
 0001:00016724       TCanvas.CreateHandle
 0001:00016844       TCanvas.CreatePen
 0001:000166C8       TCanvas.DeselectHandles
 0001:00016130       TCanvas.Destroy
 0001:00016214       TCanvas.Draw
 0001:000162C0       TCanvas.FillRect
 0001:000168F0       TCanvas.FontChanged
 0001:0001640C       TCanvas.GetCanvasOrientation
 0001:000166A8       TCanvas.GetHandle
 0001:000165F0       TCanvas.GetPenPos
 0001:00016634       TCanvas.GetPixel
 0001:000162FC       TCanvas.LineTo
 0001:00016334       TCanvas.Lock
 0001:0001635C       TCanvas.MoveTo
 0001:00016910       TCanvas.PenChanged
 0001:00016388       TCanvas.Rectangle
 0001:0001677C       TCanvas.RequiredState
 0001:000165E4       TCanvas.SetBrush
 0001:000165C8       TCanvas.SetFont
 0001:00016728       TCanvas.SetHandle
 0001:000165D8       TCanvas.SetPen
 0001:00016614       TCanvas.SetPenPos
 0001:00016660       TCanvas.SetPixel
 0001:000163D0       TCanvas.StretchDraw
 0001:000164C4       TCanvas.TextExtent
 0001:00016524       TCanvas.TextHeight
 0001:00016438       TCanvas.TextOut
 0001:00016508       TCanvas.TextWidth
 0001:00016544       TCanvas.TryLock
 0001:000165A0       TCanvas.Unlock
 0001:00034B60       TChangeLink.Change
 0001:00034B2C       TChangeLink.Destroy
 0001:0004DCB0       TClientSocket.Create
 0001:0004DD10       TClientSocket.Destroy
 0001:0004DD40       TClientSocket.DoActivate
 0001:0004DD90       TClientSocket.GetClientType
 0001:0004DD9C       TClientSocket.SetClientType
 0001:0004D900       TClientWinSocket.Connect
 0001:0004D914       TClientWinSocket.SetClientType
 0001:000183AC       TClipboardFormats.Add
 0001:00018300       TClipboardFormats.Create
 0001:00018380       TClipboardFormats.Destroy
 0001:0000E590       TCollection.Add
 0001:0000E59C       TCollection.Assign
 0001:0000E634       TCollection.BeginUpdate
 0001:0000E638       TCollection.Changed
 0001:0000E648       TCollection.Clear
 0001:0000E50C       TCollection.Create
 0001:0000E54C       TCollection.Destroy
 0001:0000E6B0       TCollection.EndUpdate
 0001:0000E6C0       TCollection.GetAttr
 0001:0000E6BC       TCollection.GetAttrCount
 0001:0000E6EC       TCollection.GetCount
 0001:0000E6F4       TCollection.GetItem
 0001:0000E6CC       TCollection.GetItemAttr
 0001:0000E708       TCollection.GetNamePath
 0001:0000E7D0       TCollection.GetPropName
 0001:0000E9E8       TCollection.InsertItem
 0001:0000EA44       TCollection.RemoveItem
 0001:0000EA70       TCollection.SetItemName
 0001:0000EA74       TCollection.Update
 0001:0000E390       TCollectionItem.Changed
 0001:0000E328       TCollectionItem.Create
 0001:0000E360       TCollectionItem.Destroy
 0001:0000E3CC       TCollectionItem.GetDisplayName
 0001:0000E3B4       TCollectionItem.GetIndex
 0001:0000E3F4       TCollectionItem.GetNamePath
 0001:0000E4A8       TCollectionItem.GetOwner
 0001:0000E4AC       TCollectionItem.SetCollection
 0001:0000E4D4       TCollectionItem.SetDisplayName
 0001:0000E4DC       TCollectionItem.SetIndex
 0001:00021D8C       TComboBoxStrings.Add
 0001:00021EB0       TComboBoxStrings.Clear
 0001:00021E90       TComboBoxStrings.Delete
 0001:00021CAC       TComboBoxStrings.Get
 0001:00021C90       TComboBoxStrings.GetCount
 0001:00021CF0       TComboBoxStrings.GetObject
 0001:00021F54       TComboBoxStrings.IndexOf
 0001:00021E10       TComboBoxStrings.Insert
 0001:00021D68       TComboBoxStrings.PutObject
 0001:00021F20       TComboBoxStrings.SetUpdateState
 0001:000481B0       TCommonDialog.Create
 0001:00048254       TCommonDialog.DefaultHandler
 0001:000481F8       TCommonDialog.Destroy
 0001:000483EC       TCommonDialog.DoClose
 0001:00048400       TCommonDialog.DoShow
 0001:0004828C       TCommonDialog.MainWndProc
 0001:0004822C       TCommonDialog.MessageHook
 0001:00048328       TCommonDialog.TaskModalDialog
 0001:000482E0       TCommonDialog.WMDestroy
 0001:000482FC       TCommonDialog.WMInitDialog
 0001:00048314       TCommonDialog.WMNCDestroy
 0001:000482D8       TCommonDialog.WndProc
 0001:00012C4C       TComponent.BeforeDestruction
 0001:00013168       TComponent.ChangeName
 0001:00012B78       TComponent.Create
 0001:00012F00       TComponent.DefineProperties
 0001:00012BC4       TComponent.Destroy
 0001:00012DD0       TComponent.DestroyComponents
 0001:00012E28       TComponent.Destroying
 0001:000132A4       TComponent.ExecuteAction
 0001:0001308C       TComponent.FindComponent
 0001:00012C58       TComponent.FreeNotification
 0001:00012F94       TComponent.GetChildOwner
 0001:00012F98       TComponent.GetChildParent
 0001:00012F8C       TComponent.GetChildren
 0001:0001317C       TComponent.GetComponent
 0001:000131A8       TComponent.GetComponentCount
 0001:00012F9C       TComponent.GetNamePath
 0001:00012FB0       TComponent.GetOwner
 0001:00012FB8       TComponent.GetParentComponent
 0001:00012F88       TComponent.HasParent
 0001:00012CEC       TComponent.Insert
 0001:00012D40       TComponent.InsertComponent
 0001:00012FD8       TComponent.Loaded
 0001:00012EA4       TComponent.Notification
 0001:00013314       TComponent.QueryInterface
 0001:00012CAC       TComponent.ReadLeft
 0001:00012FE4       TComponent.ReadState
 0001:00012CC0       TComponent.ReadTop
 0001:00012D18       TComponent.Remove
 0001:00012D98       TComponent.RemoveComponent
 0001:00012E88       TComponent.RemoveFreeNotification
 0001:00012E64       TComponent.RemoveNotification
 0001:000132F4       TComponent.SafeCallException
 0001:00012FB4       TComponent.SetChildOrder
 0001:000131B8       TComponent.SetComponentIndex
 0001:0001320C       TComponent.SetDesigning
 0001:000130DC       TComponent.SetName
 0001:00012FBC       TComponent.SetParentComponent
 0001:0001325C       TComponent.SetReference
 0001:000132CC       TComponent.UpdateAction
 0001:00012FCC       TComponent.Updated
 0001:0001330C       TComponent.UpdateRegistry
 0001:00012FC0       TComponent.Updating
 0001:00013074       TComponent.ValidateContainer
 0001:00013088       TComponent.ValidateInsert
 0001:00012FF4       TComponent.ValidateRename
 0001:00012CD4       TComponent.WriteLeft
 0001:00012FEC       TComponent.WriteState
 0001:00012CE0       TComponent.WriteTop
 0001:00032CA0       TContainedAction.Destroy
 0001:00032E0C       TContainedAction.Execute
 0001:00032CD4       TContainedAction.GetIndex
 0001:00032CF0       TContainedAction.GetParentComponent
 0001:00032D00       TContainedAction.HasParent
 0001:00032CEC       TContainedAction.IsCategoryStored
 0001:00032D10       TContainedAction.ReadState
 0001:00032DB8       TContainedAction.SetActionList
 0001:00032D8C       TContainedAction.SetCategory
 0001:00032D44       TContainedAction.SetIndex
 0001:00032DE0       TContainedAction.SetParentComponent
 0001:00032E64       TContainedAction.Update
 0001:00029BE0       TControl.ActionChange
 0001:00029FA0       TControl.AdjustSize
 0001:00029DD8       TControl.AssignTo
 0001:000286FC       TControl.BeginAutoDrag
 0001:00028714       TControl.BeginDrag
 0001:00028314       TControl.BringToFront
 0001:000290A8       TControl.CalcDockSizes
 0001:00028EA0       TControl.CanAutoSize
 0001:00028EA4       TControl.CanResize
 0001:00027D3C       TControl.Changed
 0001:00027D4C       TControl.ChangeScale
 0001:00029548       TControl.CheckNewSize
 0001:00029380       TControl.Click
 0001:00027C48       TControl.ClientToScreen
 0001:0002999C       TControl.CMBiDiModeChanged
 0001:00029944       TControl.CMColorChanged
 0001:00029A64       TControl.CMDesignHitTest
 0001:00029934       TControl.CMEnabledChanged
 0001:00029B80       TControl.CMFloat
 0001:0002993C       TControl.CMFontChanged
 0001:0002A028       TControl.CMHintShow
 0001:00029A2C       TControl.CMHitTest
 0001:00029A34       TControl.CMMouseEnter
 0001:00029A4C       TControl.CMMouseLeave
 0001:0002997C       TControl.CMParentBiDiModeChanged
 0001:0002994C       TControl.CMParentColorChanged
 0001:000299DC       TControl.CMParentFontChanged
 0001:000299B4       TControl.CMParentShowHintChanged
 0001:00029A0C       TControl.CMSysFontChanged
 0001:0002990C       TControl.CMVisibleChanged
 0001:00028F70       TControl.ConstrainedResize
 0001:000272D4       TControl.Create
 0001:00029A6C       TControl.CreateFloatingDockSite
 0001:000293EC       TControl.DblClick
 0001:000289CC       TControl.DefaultDockImage
 0001:00029258       TControl.DefaultHandler
 0001:00029330       TControl.DefineProperties
 0001:000273A4       TControl.Destroy
 0001:00029CD4       TControl.DoActionChange
 0001:00028ED4       TControl.DoCanAutoSize
 0001:00028F40       TControl.DoCanResize
 0001:00027974       TControl.Dock
 0001:0002896C       TControl.DockTrackNoTarget
 0001:00028FA0       TControl.DoConstrainedResize
 0001:00028E94       TControl.DoConstraintsChange
 0001:0002A168       TControl.DoContextPopup
 0001:00027A80       TControl.DoDock
 0001:00028B1C       TControl.DoDragMsg
 0001:00028980       TControl.DoEndDock
 0001:00028870       TControl.DoEndDrag
 0001:00029444       TControl.DoMouseDown
 0001:00029728       TControl.DoMouseUp
 0001:000289AC       TControl.DoStartDock
 0001:00028850       TControl.DoStartDrag
 0001:000287D8       TControl.DragCanceled
 0001:00028824       TControl.DragDrop
 0001:000287DC       TControl.Dragging
 0001:000287E8       TControl.DragOver
 0001:00028AFC       TControl.DrawDragDockImage
 0001:00029FBC       TControl.DrawTextBiDiModeFlags
 0001:00029FFC       TControl.DrawTextBiDiModeFlagsReadingOnly
 0001:00028B0C       TControl.EraseDragDockImage
 0001:00028180       TControl.FontChanged
 0001:00027518       TControl.GetAction
 0001:00029CF8       TControl.GetActionLinkClass
 0001:00027AD8       TControl.GetBoundsRect
 0001:00027B78       TControl.GetClientHeight
 0001:00027BB8       TControl.GetClientOrigin
 0001:00027B1C       TControl.GetClientRect
 0001:00027B34       TControl.GetClientWidth
 0001:000286AC       TControl.GetControlsAlignment
 0001:000283C8       TControl.GetDeviceContext
 0001:00029EBC       TControl.GetDockEdge
 0001:0002745C       TControl.GetDragImages
 0001:00027460       TControl.GetEnabled
 0001:00029F6C       TControl.GetFloating
 0001:00029F98       TControl.GetFloatingDockSiteClass
 0001:000282DC       TControl.GetMouseCapture
 0001:00027464       TControl.GetPalette
 0001:00027470       TControl.GetParentComponent
 0001:00029544       TControl.GetPopupMenu
 0001:000280D0       TControl.GetText
 0001:00028054       TControl.GetTextBuf
 0001:00028044       TControl.GetTextLen
 0001:00028060       TControl.GetUndockHeight
 0001:00028074       TControl.GetUndockWidth
 0001:00027468       TControl.HasParent
 0001:0002A018       TControl.InitiateAction
 0001:00028588       TControl.Invalidate
 0001:000284FC       TControl.InvalidateControl
 0001:000275C4       TControl.IsAnchorsStored
 0001:000281EC       TControl.IsBiDiModeStored
 0001:00029D00       TControl.IsCaptionStored
 0001:00028278       TControl.IsColorStored
 0001:00029D20       TControl.IsEnabledStored
 0001:000281CC       TControl.IsFontStored
 0001:00029D40       TControl.IsHintStored
 0001:00029D80       TControl.IsOnClickStored
 0001:000281E0       TControl.IsShowHintStored
 0001:00029D60       TControl.IsVisibleStored
 0001:00029DA0       TControl.Loaded
 0001:00028C0C       TControl.ManualDock
 0001:00028DF4       TControl.ManualFloat
 0001:0002940C       TControl.MouseDown
 0001:00029684       TControl.MouseMove
 0001:000296F0       TControl.MouseUp
[...]
 0001:0004BC6C       TProgressBar.SetOrientation
 0001:0004BC80       TProgressBar.SetSmooth
 0001:0004BC94       TConversion.ConvertReadStream
 0001:0004BCA8       TConversion.ConvertWriteStream
 0001:0004BCBC       Finalization
 0001:0004BD34       ComCtrls
 0001:0004BD3C       bind
 0001:0004BD44       closesocket
 0001:0004BD4C       connect
 0001:0004BD54       htons
 0001:0004BD5C       inet_addr
 0001:0004BD64       ioctlsocket
 0001:0004BD6C       listen
 0001:0004BD74       ntohs
 0001:0004BD7C       recv
 0001:0004BD84       send
 0001:0004BD8C       socket
 0001:0004BD94       gethostbyname
 0001:0004BD9C       getservbyname
 0001:0004BDA4       gethostname
 0001:0004BDAC       WSAAsyncSelect
 0001:0004BDB4       WSAAsyncGetHostByName
 0001:0004BDBC       WSAAsyncGetServByName
 0001:0004BDC4       WSACancelAsyncRequest
 0001:0004BDCC       WSAGetLastError
 0001:0004BDD4       WSAStartup
 0001:0004BDDC       WSACleanup
 0001:0004BDE4       Finalization
 0001:0004BE14       WinSock
 0001:0004BEE8       TSynchroObject.Acquire
 0001:0004BEEC       TSynchroObject.Release
 0001:0004BEF0       TCriticalSection.Create
 0001:0004BF30       TCriticalSection.Destroy
 0001:0004BF60       TCriticalSection.Acquire
 0001:0004BF6C       TCriticalSection.Release
 0001:0004BF78       TCriticalSection.Enter
 0001:0004BF80       TCriticalSection.Leave
 0001:0004BF88       Finalization
 0001:0004BFB8       SyncObjs
 0001:0004C64C       CheckSocketResult
 0001:0004C704       Startup
 0001:0004C7B0       Cleanup
 0001:0004C850       TCustomWinSocket.Create
 0001:0004C8C8       TCustomWinSocket.Destroy
 0001:0004C934       TCustomWinSocket.Accept
 0001:0004C938       TCustomWinSocket.AsyncInitSocket
 0001:0004CBB4       TCustomWinSocket.Connect
 0001:0004CBB8       TCustomWinSocket.Lock
 0001:0004CBC4       TCustomWinSocket.Unlock
 0001:0004CBD0       CheckError
 0001:0004CC8C       TCustomWinSocket.CMSocketMessage
 0001:0004CD18       TCustomWinSocket.CMDeferFree
 0001:0004CD20       TCustomWinSocket.DoSetAsyncStyles
 0001:0004CD7C       TCustomWinSocket.DoListen
 0001:0004CDFC       TCustomWinSocket.DoOpen
 0001:0004CE68       TCustomWinSocket.GetHandle
 0001:0004CE84       TCustomWinSocket.GetLocalHost
 0001:0004CF0C       TCustomWinSocket.LookupName
 0001:0004CF68       TCustomWinSocket.LookupService
 0001:0004CF9C       TCustomWinSocket.InitSocket
 0001:0004D034       TCustomWinSocket.Open
 0001:0004D138       TCustomWinSocket.Disconnect
 0001:0004D244       TCustomWinSocket.DefaultHandler
 0001:0004D270       TCustomWinSocket.Event
 0001:0004D288       TCustomWinSocket.Error
 0001:0004D2AC       DropStream
 0001:0004D2F4       TCustomWinSocket.SendStreamPiece
 0001:0004D468       TCustomWinSocket.SendBuf
 0001:0004D5AC       TCustomWinSocket.SetAsyncStyles
 0001:0004D5D4       TCustomWinSocket.Read
 0001:0004D5F0       TCustomWinSocket.ReceiveBuf
 0001:0004D75C       TCustomWinSocket.WndProc
 0001:0004D7A8       TCustomWinSocket.Write
 0001:0004D7D4       TCustomWinSocket.CMLookupComplete
 0001:0004D900       TClientWinSocket.Connect
 0001:0004D914       TClientWinSocket.SetClientType
 0001:0004D964       TAbstractSocket.DoEvent
 0001:0004D978       TAbstractSocket.DoError
 0001:0004D990       TAbstractSocket.SetActive
 0001:0004D9B0       TAbstractSocket.InitSocket
 0001:0004D9C8       TAbstractSocket.Loaded
 0001:0004D9E0       TAbstractSocket.SetAddress
 0001:0004DA60       TAbstractSocket.SetHost
 0001:0004DAE0       TAbstractSocket.SetPort
 0001:0004DB0C       TAbstractSocket.SetService
 0001:0004DB8C       TAbstractSocket.Open
 0001:0004DB94       TAbstractSocket.Close
 0001:0004DB9C       TCustomSocket.Event
 0001:0004DC8C       TCustomSocket.Error
 0001:0004DCB0       TClientSocket.Create
 0001:0004DD10       TClientSocket.Destroy
 0001:0004DD40       TClientSocket.DoActivate
 0001:0004DD90       TClientSocket.GetClientType
 0001:0004DD9C       TClientSocket.SetClientType
 0001:0004DDA8       Finalization
 0001:0004DDD8       ScktComp
 0001:0004DDF8       Finalization
 0001:0004DE40       IniFiles
 0001:0004DF10       ReadError
 0001:0004DF3C       IsRelative
 0001:0004DF50       DataTypeToRegData
 0001:0004DF78       TRegistry.Create
 0001:0004DFBC       TRegistry.Destroy
 0001:0004DFE8       TRegistry.CloseKey
 0001:0004E018       TRegistry.SetRootKey
 0001:0004E044       TRegistry.ChangeKey
 0001:0004E068       TRegistry.GetBaseKey
 0001:0004E07C       TRegistry.OpenKey
 0001:0004E1A0       TRegistry.GetDataInfo
 0001:0004E1F0       TRegistry.GetDataSize
 0001:0004E218       TRegistry.ReadString
 0001:0004E290       TRegistry.GetData
 0001:0004E304       TRegistry.GetKey
 0001:0004E39C       TRegistry.KeyExists
 0001:0004E3D0       Finalization
 0001:0004E418       Registry
 0001:0004E4D8       TBase64EncodingStream.Create
 0001:0004E524       TBase64EncodingStream.Destroy
 0001:0004E620       TBase64EncodingStream.Read
 0001:0004E65C       TBase64EncodingStream.Write
 0001:0004E7D4       TBase64EncodingStream.Seek
 0001:0004E82C       sak_GetMIMEType
 0001:0004E94C       Finalization
 0001:0004E97C       SakMIME
 0001:0004E9C0       sak_IsIPAddress
 0001:0004EA9C       int2str
 0001:0004EAE0       GetTimeZoneBias
 0001:0004EB20       GetTimeZone
 0001:0004EC44       sak_GetInternetDate
 0001:0004EDB8       sak_MakeUniqueID
 0001:0004EEB8       sak_GenerateBoundary
 0001:0004EF58       sak_GetTempPath
 0001:0004EFD0       sak_ExtractAddress
 0001:0004F0F0       sak_CleanUpAddresses
 0001:0004F250       Finalization
 0001:0004F280       sak_util
 0001:0004F3F0       TAttachedFile.Create
 0001:0004F44C       TAttachedFile.Destroy
 0001:0004F4A4       TAttachedFile.GetBodyBin
 0001:0004F4B8       TAttachedFile.Base64Encode
 0001:0004F650       TAttachedFiles.Create
 0001:0004F68C       TAttachedFiles.GetItem
 0001:0004F6A0       TAttachedFiles.Add
 0001:0004F730       Finalization
 0001:0004F760       SakAttFile
 0001:0004FBE0       TSakMsg.Create
 0001:0004FC94       TSakMsg.Destroy
 0001:0004FD04       TSakMsg.SetText
 0001:0004FD14       TSakMsg.SetExtraHeaders
 0001:0004FD24       TSakMsg.FillRawMail
 0001:000507BC       Finalization
 0001:000507EC       SakMsg
 0001:00050B70       TSakSMTP.Create
 0001:00050C40       TSakSMTP.Destroy
 0001:00050C68       TSakSMTP.Connect
 0001:00050EF8       TSakSMTP.Disconnect
 0001:00050FF0       TSakSMTP.SendTheMessage
 0001:00051230       TSakSMTP.FSendMail
 0001:00051614       TSakSMTP.Cancel
 0001:0005161C       TSakSMTP.FReceiveTextFromSocket
 0001:00051818       TSakSMTP.FSendTextToSocket
 0001:00051860       TSakSMTP.FDoConnect
 0001:00051878       TSakSMTP.FDoDisconnect
 0001:00051890       TSakSMTP.DoOnBeforeSend
 0001:000518A4       TSakSMTP.DoOnAfterSend
 0001:000518B8       TSakSMTP.FDoErr
 0001:000518D8       TSakSMTP.FDoError
 0001:00051914       TSakSMTP.FDoSendProgress
 0001:0005192C       TSakSMTP.FDoLookup
 0001:00051948       TSakSMTP.FDoConnecting
 0001:00051964       Finalization
 0001:00051994       SakSMTP
 0001:00051E04       TForm1.ButtonAddAttachedFileClick
 0001:00051EA0       TForm1.ButtonSendClick
 0001:000520B4       TForm1.SakSMTP1Error
 0001:00052124       TForm1.ButtonClearAttachedFilesClick
 0001:00052144       TForm1.SakSMTP1AfterSend
 0001:00052154       TForm1.SakSMTP1BeforeSend
 0001:00052164       TForm1.SakSMTP1SendProgress
 0001:00052174       TForm1.BtnCancelClick
 0001:00052180       TForm1.FormCreate
 0001:00052190       Finalization
 0001:000521C0       Unit1
 0001:000521C8       Finalization
 0001:00052398       smtp
 0002:00000000       Default8087CW
 0002:00000004       HeapAllocFlags
 0002:00000008       DebugHook
 0002:0000000C       JITEnable
 0002:00000010       NoErrMsg
 0002:00000014       LibModuleList
 0002:00000018       ModuleUnloadList
 0002:0000001C       MemoryManager
 0002:00000028       runErrMsg
 0002:00000048       errCaption
 0002:00000050       dig
 0002:00000060       .
 0002:000000A4       Module
 0002:000000BC       EmptyStr
 0002:000000C0       Win32Platform
 0002:000000C4       Win32MajorVersion
 0002:000000C8       Win32MinorVersion
 0002:000000CC       Win32BuildNumber
 0002:000000D0       Win32CSDVersion
 0002:000000D4       MonthDays
 0002:00000104       LeadBytes
 0002:00000124       HexDisplayPrefix
 0002:00000128       GetDiskFreeSpaceEx
 0002:0000012C       ExitProcList
 0002:00000130       AccessMode
 0002:0000013C       ShareMode
 0002:00000150       FormatErrorStrs
 0002:00000158       FMSecsPerDay
 0002:0000015C       IMSecsPerDay
 0002:00000160       Format
 0002:00000164       DefShortMonthNames
 0002:00000194       DefLongMonthNames
 0002:000001C4       DefShortDayNames
 0002:000001E0       DefLongDayNames
 0002:000001FC       ErrorMap
 0002:00000234       ExceptMap
 0002:000002E4       TerminateProcList
 0002:000002E8       BooleanIdents
 0002:000002F0       DotSep
 0002:000002F4       C10000
 0002:000002F8       FilerSignature
 0002:000002FC       NilMethod
 0002:00000304       ValTtoVarT
 0002:00000354       DefFontData
 0002:00000380       DDBsOnly
 0002:00000384       Colors
 0002:000004D4       FontCharsets
 0002:00000564       DefPenData
 0002:00000574       PenStyles
 0002:00000584       DefBrushData
 0002:00000594       PenModes
 0002:000005B4       ClipboardFormats
 0002:000005B8       FileFormats
 0002:000005BC       BitmapCanvasList
 0002:000005C0       DIBPalSizes
 0002:000005C4       PalSize
 0002:000005C8       Pal16
 0002:00000608       FPrinter
 0002:0000060C       BorderStyles
 0002:00000614       Alignments
 0002:0000061C       WordWraps
 0002:00000620       WordWraps
 0002:00000624       Passwords
 0002:0000062C       ReadOnlys
 0002:00000634       CharCases
 0002:00000640       HideSelections
 0002:00000648       OEMConverts
 0002:00000650       Empty
 0002:00000654       Alignments
 0002:0000066C       ScrollBar
 0002:0000067C       WordWraps
 0002:00000684       ComboBoxStyles
 0002:00000698       CharCases
 0002:000006A4       Sorts
 0002:000006AC       ButtonStyles
 0002:000006B4       CreationControl
 0002:000006B8       DefaultDockTreeClass
 0002:000006BC       AnchorAlign
 0002:000006C4       Cursors
 0002:00000774       CaptureControl
 0002:00000778       ShowFlags
 0002:0000077C       WindowPos
 0002:00000780       InnerStyles
 0002:00000790       OuterStyles
 0002:000007A0       EdgeStyles
 0002:000007B0       Ctl3DStyles
 0002:000007B8       OrientArray
 0002:000007C0       MakeLast
 0002:000007C8       TreeStreamEndFlag
 0002:000007CC       SizeCursors
 0002:000007D4       IMM32DLL
 0002:000007D8       ModeMap
 0002:000007E0       Mask
 0002:000007E8       DrawingStyles
 0002:000007F8       Images
 0002:00000800       ValidMenuHotkeys
 0002:00000804       cMenuAutoFlagToItem
 0002:00000808       cItemAutoFlagToMenu
 0002:0000080C       cBooleanToItemAutoFlag
 0002:00000810       cItemAutoFlagToBoolean
 0002:00000814       MenuKeyCaps
 0002:0000085C       Checks
 0002:00000864       Enables
 0002:0000086C       Breaks
 0002:00000878       Separators
 0002:00000880       IBreaks
 0002:0000088C       IChecks
 0002:00000894       IDefaults
 0002:0000089C       IEnables
 0002:000008A4       IRadios
 0002:000008AC       ISeparators
 0002:000008B4       IRTL
 0002:000008BC       IOwnerDraw
 0002:000008C4       Alignments
 0002:000008CC       EdgeStyle
 0002:000008D4       Alignments
 0002:000008DC       Flags
 0002:000008E8       Buttons
 0002:000008EC       HintWindowClass
 0002:000008F0       FocusMessages
 0002:000008F4       FocusCount
 0002:000008F8       TaskActiveWindow
 0002:000008FC       TaskFirstWindow
 0002:00000900       TaskFirstTopMost
 0002:00000904       TaskWindowList
 0002:00000908       BlockCode
 0002:0000090C       UtilWindowClass
 0002:00000934       SysConsts
 0002:0000093C       SysConsts
 0002:00000944       Props
 0002:0000096C       Styles
 0002:00000978       BorderStyles
 0002:00000980       ShowCommands
 0002:0000098C       ShowCommands
 0002:00000998       ShowCommands
 0002:000009A4       CursorMap
 0002:000009F8       WindowClass
 0002:00000A20       AppVisible
 0002:00000A24       ShowFlags
 0002:00000A28       ForceCurrentDirectory
 0002:00000A2C       CreationControl
 0002:00000A30       WndProcPtrAtom
 0002:00000A34       OpenOptions
 0002:00000A84       Captions
 0002:00000A98       IconIDs
 0002:00000AAC       ButtonNames
 0002:00000AD8       ButtonCaptions
 0002:00000B04       ModalResults
 0002:00000B30       RTFConversionFormat
 0002:00000B3C       TextConversionFormat
 0002:00000B48       GripStyles
 0002:00000B50       RTLReading
 0002:00000B58       Values
 0002:00000B60       Values
 0002:00000B68       EncodingTable
 0002:00000B6C       WeekDays
 0002:00000B88       Months
 0002:00001000       ExceptProc
 0002:00001004       ErrorProc
 0002:00001008       ExceptClsProc
 0002:0000100C       ExceptObjProc
 0002:00001010       ExceptionClass
 0002:00001014       AssertErrorProc
 0002:00001018       AbstractErrorProc
 0002:0000101C       MainInstance
 0002:00001020       MainThreadID
 0002:00001024       IsLibrary
 0002:00001028       CmdShow
 0002:0000102C       CmdLine
 0002:00001030       InitProc
 0002:00001034       ExitCode
 0002:00001038       ExitProc
 0002:0000103C       ErrorAddr
 0002:00001040       RandSeed
 0002:00001044       IsConsole
 0002:00001045       IsMultiThread
 0002:00001046       FileMode
 0002:00001047       Test8086
 0002:00001048       Test8087
 0002:0000104C       Input
 0002:00001218       Output
 0002:000013E4       ClearAnyProc
 0002:000013E8       ChangeAnyProc
 0002:000013EC       RefAnyProc
 0002:000013F0       Unassigned
 0002:00001400       Null
 0002:00001410       EmptyParam
 0002:00001420       AllocMemCount
 0002:00001424       AllocMemSize
 0002:00001428       .3
 0002:0000142C       initialized
 0002:00001430       heapErrorCode
 0002:00001434       heapLock
 0002:0000144C       blockDescBlockList
 0002:00001450       blockDescFreeList
 0002:00001454       spaceRoot
 0002:00001464       decommittedRoot
 0002:00001474       avail
 0002:00001480       rover
 0002:00001484       remBytes
 0002:00001488       curAlloc
 0002:0000148C       smallTab
 0002:00001490       committedRoot
 0002:000014A0       InitContext
 0002:000014CC       ModuleIsLib
 0002:000014CD       ModuleIsCpp
 0002:000014D0       TlsIndex
 0002:000014D8       HInstance
 0002:000014DC       .1
 0002:000014E0       TlsBuffer
 0002:000014E4       .3
 0002:000014E8       .1
 0002:000014EC       .1
 0002:000014F0       CurrencyString
 0002:000014F4       CurrencyFormat
 0002:000014F5       NegCurrFormat
 0002:000014F6       ThousandSeparator
 0002:000014F7       DecimalSeparator
 0002:000014F8       CurrencyDecimals
 0002:000014F9       DateSeparator
 0002:000014FC       ShortDateFormat
 0002:00001500       LongDateFormat
 0002:00001504       TimeSeparator
 0002:00001508       TimeAMString
 0002:0000150C       TimePMString
 0002:00001510       ShortTimeFormat
 0002:00001514       LongTimeFormat
 0002:00001518       ShortMonthNames
 0002:00001548       LongMonthNames
 0002:00001578       ShortDayNames
 0002:00001594       LongDayNames
 0002:000015B0       SysLocale
 0002:000015BC       EraNames
 0002:000015D8       EraYearOffsets
 0002:000015F4       ListSeparator
 0002:000015F8       .44
 0002:000015FC       OutOfMemory
 0002:00001600       InvalidPointer
 0002:00001604       FLanguages
 0002:00001608       .3
 0002:0000160C       .1
 0002:00001610       .5
 0002:00001614       GlobalNameSpace
 0002:00001618       FindGlobalComponent
 0002:0000161C       .84
 0002:00001620       ClassList
 0002:00001624       ClassAliasList
 0002:00001628       IntConstList
 0002:0000162C       GlobalFixupList
 0002:00001630       ThreadLock
 0002:00001648       ThreadWindow
 0002:0000164C       SystemPalette16
 0002:00001650       .81
 0002:00001654       ScreenLogPixels
 0002:00001658       StockPen
 0002:0000165C       StockBrush
 0002:00001660       StockFont
 0002:00001664       StockIcon
 0002:00001668       BitmapImageLock
 0002:00001680       CounterLock
 0002:00001698       FontManager
 0002:0000169C       PenManager
 0002:000016A0       BrushManager
 0002:000016A4       CanvasList
 0002:000016A8       PatternManager
 0002:000016AC       .9
 0002:000016B0       .1
 0002:000016B4       ComCtl32DLL
 0002:000016B8       _InitCommonControlsEx
 0002:000016BC       GetSystemMetrics
 0002:000016C0       MonitorFromWindow
 0002:000016C4       MonitorFromRect
 0002:000016C8       MonitorFromPoint
 0002:000016CC       GetMonitorInfoA
 0002:000016D0       GetMonitorInfoW
 0002:000016D4       GetMonitorInfo
 0002:000016D8       EnumDisplayMonitors
 0002:000016DC       .1
 0002:000016E0       User32Dll
 0002:000016E4       InitApis
 0002:000016EC       MMAvailable
 0002:000016F0       .1
 0002:000016F4       .2
 0002:000016F8       .3
 0002:000016FC       .3
 0002:00001700       FlatSB_EnableScrollBar
 0002:00001704       FlatSB_ShowScrollBar
 0002:00001708       FlatSB_GetScrollRange
 0002:0000170C       FlatSB_GetScrollInfo
 0002:00001710       FlatSB_GetScrollPos
 0002:00001714       FlatSB_SetScrollPos
 0002:00001718       FlatSB_SetScrollInfo
 0002:0000171C       FlatSB_SetScrollRange
 0002:00001720       .1
 0002:00001724       _FlatSB_GetScrollProp
 0002:00001728       _FlatSB_SetScrollProp
 0002:0000172C       _InitializeFlatSB
 0002:00001730       _UninitializeFlatSB
 0002:00001734       .22
 0002:00001738       CF_PICTURE
 0002:0000173A       CF_COMPONENT
 0002:0000173C       .2
 0002:00001740       FClipboard
 0002:00001744       .02
 0002:00001748       Mouse
 0002:0000174C       NewStyleControls
 0002:00001750       .22
 0002:00001754       WindowAtom
 0002:00001756       ControlAtom
 0002:00001758       DragControl
 0002:0000175C       DragObject
 0002:00001760       DragFreeObject
 0002:00001764       DragCapture
 0002:00001768       DragStartPos
 0002:00001770       DragSaveCursor
 0002:00001774       DragThreshold
 0002:00001778       ActiveDrag
 0002:0000177C       DragImageList
 0002:00001780       DockSiteList
 0002:00001784       QualifyingSites
 0002:00001788       CanvasList
 0002:0000178C       _WINNLSEnableIME
 0002:00001790       _ImmGetContext
 0002:00001794       _ImmReleaseContext
 0002:00001798       _ImmGetConversionStatus
 0002:0000179C       _ImmSetConversionStatus
 0002:000017A0       _ImmSetOpenStatus
 0002:000017A4       _ImmSetCompositionWindow
 0002:000017A8       _ImmSetCompositionFont
 0002:000017AC       _ImmGetCompositionString
 0002:000017B0       _ImmIsIME
 0002:000017B4       _ImmNotifyIME
 0002:000017B8       .7
 0002:000017BC       .3
 0002:000017C0       PopupList
 0002:000017C4       ShortCutItems
 0002:000017C8       .9
 0002:000017CC       CommandPool
 0002:000017D0       Application
 0002:000017D4       Screen
 0002:000017D8       .51
 0002:000017DC       InstBlockList
 0002:000017E0       InstFreeList
 0002:000017E4       HintThreadID
 0002:000017E8       HintDoneEvent
 0002:000017EC       HintHook
 0002:000017F0       HintThread
 0002:000017F4       .1
 0002:000017F8       .1
 0002:000017FC       .1
 0002:00001800       .1
 0002:00001804       .1
 0002:00001808       .1
 0002:0000180C       .61
 0002:00001810       .1
 0002:00001814       .01
 0002:00001818       HelpMsg
 0002:0000181C       FindMsg
 0002:00001820       ButtonWidths
 0002:0000184C       .1
 0002:00001850       .4
 0002:00001854       .1
 0002:00001858       .45
 0002:0000185C       ShellModule
 0002:00001860       FRichEditModule
 0002:00001864       .1
 0002:00001868       .6
 0002:0000186C       .41
 0002:00001870       WSAData
 0002:00001A00       .4
 0002:00001A04       .5
 0002:00001A08       .3
 0002:00001A0C       .1
 0002:00001A10       .3
 0002:00001A14       .3
 0002:00001A18       .2
 0002:00001A1C       Form1
 0002:00001A20       .2

Bound resource files

c:\program files\borland\delphi5\Lib\CONTROLS.RES
Unit1.DFM
smtp.RES
smtp.drf


Program entry point at 0001:00052398
