
 Start         Length     Name                   Class
 0001:00000000 00076344H .text                   CODE
 0002:00000000 00001C80H .data                   DATA
 0002:00001C80 00001DA5H .bss                    BSS


Detailed map of segments

 0001:00000000 00006200 C=CODE     S=.text    G=(none)   M=System   ACBP=A9
 0001:00006200 00000174 C=CODE     S=.text    G=(none)   M=SysInit  ACBP=A9
 0001:00006374 00000B84 C=CODE     S=.text    G=(none)   M=Windows  ACBP=A9
 0001:00006EF8 00000038 C=CODE     S=.text    G=(none)   M=Messages ACBP=A9
 0001:00006F30 00000310 C=CODE     S=.text    G=(none)   M=SysConst ACBP=A9
 0001:00007240 0000635C C=CODE     S=.text    G=(none)   M=SysUtils ACBP=A9
 0001:0000D59C 000000B0 C=CODE     S=.text    G=(none)   M=ActiveX  ACBP=A9
 0001:0000D64C 000003C0 C=CODE     S=.text    G=(none)   M=Consts   ACBP=A9
 0001:0000DA0C 00000594 C=CODE     S=.text    G=(none)   M=TypInfo  ACBP=A9
 0001:0000DFA0 0000849F C=CODE     S=.text    G=(none)   M=Classes  ACBP=A9
 0001:00016440 00008FB3 C=CODE     S=.text    G=(none)   M=Graphics ACBP=A9
 0001:0001F3F4 000002C0 C=CODE     S=.text    G=(none)   M=Contnrs  ACBP=A9
 0001:0001F6B4 00000198 C=CODE     S=.text    G=(none)   M=Commctrl ACBP=A9
 0001:0001F84C 00000793 C=CODE     S=.text    G=(none)   M=MultiMon ACBP=A9
 0001:0001FFE0 00000038 C=CODE     S=.text    G=(none)   M=Imm      ACBP=A9
 0001:00020018 00000040 C=CODE     S=.text    G=(none)   M=Math     ACBP=A9
 0001:00020058 00000038 C=CODE     S=.text    G=(none)   M=WinSpool ACBP=A9
 0001:00020090 00000044 C=CODE     S=.text    G=(none)   M=Printers ACBP=A9
 0001:000200D4 0000031F C=CODE     S=.text    G=(none)   M=FlatSB   ACBP=A9
 0001:000203F4 00002E90 C=CODE     S=.text    G=(none)   M=StdCtrls ACBP=A9
 0001:00023284 000007C0 C=CODE     S=.text    G=(none)   M=Clipbrd  ACBP=A9
 0001:00023A44 0000015C C=CODE     S=.text    G=(none)   M=StdActns ACBP=A9
 0001:00023BA0 0000F678 C=CODE     S=.text    G=(none)   M=Controls ACBP=A9
 0001:00033218 00001214 C=CODE     S=.text    G=(none)   M=ActnList ACBP=A9
 0001:0003442C 00001A5C C=CODE     S=.text    G=(none)   M=ImgList  ACBP=A9
 0001:00035E88 000061FB C=CODE     S=.text    G=(none)   M=Menus    ACBP=A9
 0001:0003C084 0000C1CF C=CODE     S=.text    G=(none)   M=Forms    ACBP=A9
 0001:00048254 00000038 C=CODE     S=.text    G=(none)   M=ShellAPI ACBP=A9
 0001:0004828C 00000038 C=CODE     S=.text    G=(none)   M=RegStr   ACBP=A9
 0001:000482C4 00000038 C=CODE     S=.text    G=(none)   M=WinInet  ACBP=A9
 0001:000482FC 00000038 C=CODE     S=.text    G=(none)   M=UrlMon   ACBP=A9
 0001:00048334 00000038 C=CODE     S=.text    G=(none)   M=ShlObj   ACBP=A9
 0001:0004836C 00000040 C=CODE     S=.text    G=(none)   M=CommDlg  ACBP=A9
 0001:000483AC 00001F2C C=CODE     S=.text    G=(none)   M=ExtCtrls ACBP=A9
 0001:0004A2D8 00000038 C=CODE     S=.text    G=(none)   M=Dlgs     ACBP=A9
 0001:0004A310 000014E5 C=CODE     S=.text    G=(none)   M=Dialogs  ACBP=A9
 0001:0004B7F8 00000050 C=CODE     S=.text    G=(none)   M=ComConst ACBP=A9
 0001:0004B848 00000F95 C=CODE     S=.text    G=(none)   M=ComObj   ACBP=A9
 0001:0004C7E0 00000128 C=CODE     S=.text    G=(none)   M=DbConsts ACBP=A9
 0001:0004C908 000027FC C=CODE     S=.text    G=(none)   M=Mask     ACBP=A9
 0001:0004F104 0000ED5C C=CODE     S=.text    G=(none)   M=Db       ACBP=A9
 0001:0005DE60 00000040 C=CODE     S=.text    G=(none)   M=IBUtils  ACBP=A9
 0001:0005DEA0 00000038 C=CODE     S=.text    G=(none)   M=IBExternals ACBP=A9
 0001:0005DED8 00000038 C=CODE     S=.text    G=(none)   M=IBInstallHeader ACBP=A9
 0001:0005DF10 000003F8 C=CODE     S=.text    G=(none)   M=IBXConst ACBP=A9
 0001:0005E308 00000474 C=CODE     S=.text    G=(none)   M=IB       ACBP=A9
 0001:0005E77C 0000007C C=CODE     S=.text    G=(none)   M=IBIntf   ACBP=A9
 0001:0005E7F8 00000038 C=CODE     S=.text    G=(none)   M=IBHeader ACBP=A9
 0001:0005E830 00000038 C=CODE     S=.text    G=(none)   M=IBErrorCodes ACBP=A9
 0001:0005E868 00000038 C=CODE     S=.text    G=(none)   M=StdVCL   ACBP=A9
 0001:0005E8A0 00000778 C=CODE     S=.text    G=(none)   M=IBCustomDataSet ACBP=A9
 0001:0005F018 00000038 C=CODE     S=.text    G=(none)   M=IBBlob   ACBP=A9
 0001:0005F050 00000038 C=CODE     S=.text    G=(none)   M=DBLogDlg ACBP=A9
 0001:0005F088 00000038 C=CODE     S=.text    G=(none)   M=IBDialogs ACBP=A9
 0001:0005F0C0 0000015C C=CODE     S=.text    G=(none)   M=IBServices ACBP=A9
 0001:0005F21C 00000833 C=CODE     S=.text    G=(none)   M=IBSQLMonitor ACBP=A9
 0001:0005FA50 00000038 C=CODE     S=.text    G=(none)   M=IBDatabaseInfo ACBP=A9
 0001:0005FA88 000007B0 C=CODE     S=.text    G=(none)   M=IBDatabase ACBP=A9
 0001:00060238 00000038 C=CODE     S=.text    G=(none)   M=IBSQL    ACBP=A9
 0001:00060270 00000038 C=CODE     S=.text    G=(none)   M=IBQuery  ACBP=A9
 0001:000602A8 00000038 C=CODE     S=.text    G=(none)   M=RichEdit ACBP=A9
 0001:000602E0 00000038 C=CODE     S=.text    G=(none)   M=ToolWin  ACBP=A9
 0001:00060318 00000038 C=CODE     S=.text    G=(none)   M=ComStrs  ACBP=A9
 0001:00060350 00002224 C=CODE     S=.text    G=(none)   M=ComCtrls ACBP=A9
 0001:00062574 00000048 C=CODE     S=.text    G=(none)   M=MaxMin   ACBP=A9
 0001:000625BC 00000098 C=CODE     S=.text    G=(none)   M=RXConst  ACBP=A9
 0001:00062654 00000038 C=CODE     S=.text    G=(none)   M=RXCConst ACBP=A9
 0001:0006268C 00000AFC C=CODE     S=.text    G=(none)   M=VCLUtils ACBP=A9
 0001:00063188 00000834 C=CODE     S=.text    G=(none)   M=B_utils  ACBP=A9
 0001:000639BC 00002E1C C=CODE     S=.text    G=(none)   M=RXSpin   ACBP=A9
 0001:000667D8 0000208D C=CODE     S=.text    G=(none)   M=Buttons  ACBP=A9
 0001:00068868 00000068 C=CODE     S=.text    G=(none)   M=IniFiles ACBP=A9
 0001:000688D0 00000068 C=CODE     S=.text    G=(none)   M=Registry ACBP=A9
 0001:00068938 00000038 C=CODE     S=.text    G=(none)   M=RxTimer  ACBP=A9
 0001:00068970 0000005D C=CODE     S=.text    G=(none)   M=RxHook   ACBP=A9
 0001:000689D0 00000038 C=CODE     S=.text    G=(none)   M=Grids    ACBP=A9
 0001:00068A08 00000250 C=CODE     S=.text    G=(none)   M=StrUtils ACBP=A9
 0001:00068C58 000000A4 C=CODE     S=.text    G=(none)   M=DateUtil ACBP=A9
 0001:00068CFC 00000038 C=CODE     S=.text    G=(none)   M=FileCtrl ACBP=A9
 0001:00068D34 00000038 C=CODE     S=.text    G=(none)   M=Gauges   ACBP=A9
 0001:00068D6C 00000044 C=CODE     S=.text    G=(none)   M=RxPrgrss ACBP=A9
 0001:00068DB0 00000038 C=CODE     S=.text    G=(none)   M=FileUtil ACBP=A9
 0001:00068DE8 00000044 C=CODE     S=.text    G=(none)   M=AppUtils ACBP=A9
 0001:00068E2C 00000050 C=CODE     S=.text    G=(none)   M=RXProps  ACBP=A9
 0001:00068E7C 00000038 C=CODE     S=.text    G=(none)   M=Placemnt ACBP=A9
 0001:00068EB4 00003855 C=CODE     S=.text    G=(none)   M=RXCtrls  ACBP=A9
 0001:0006C70C 00000038 C=CODE     S=.text    G=(none)   M=ExtDlgs  ACBP=A9
 0001:0006C744 00000038 C=CODE     S=.text    G=(none)   M=PickDate ACBP=A9
 0001:0006C77C 0000215C C=CODE     S=.text    G=(none)   M=ToolEdit ACBP=A9
 0001:0006E8D8 00001D28 C=CODE     S=.text    G=(none)   M=RxCalc   ACBP=A9
 0001:00070600 000025FC C=CODE     S=.text    G=(none)   M=CurrEdit ACBP=A9
 0001:00072BFC 00001594 C=CODE     S=.text    G=(none)   M=Elves_Unit ACBP=A9
 0001:00074190 00000314 C=CODE     S=.text    G=(none)   M=AddSumm  ACBP=A9
 0001:000744A4 00000314 C=CODE     S=.text    G=(none)   M=DecSumm  ACBP=A9
 0001:000747B8 00000318 C=CODE     S=.text    G=(none)   M=ChangeKassir ACBP=A9
 0001:00074AD0 000014C0 C=CODE     S=.text    G=(none)   M=Unit1    ACBP=A9
 0001:00075F90 000003B4 C=CODE     S=.text    G=(none)   M=KkmElvesFr ACBP=A9
 0002:00000000 00000106 C=DATA     S=.data    G=DGROUP   M=System   ACBP=A9
 0002:00000108 00000018 C=DATA     S=.data    G=DGROUP   M=SysInit  ACBP=A9
 0002:00000120 0000024C C=DATA     S=.data    G=DGROUP   M=SysUtils ACBP=A9
 0002:0000036C 00000010 C=DATA     S=.data    G=DGROUP   M=ActiveX  ACBP=A9
 0002:0000037C 00000010 C=DATA     S=.data    G=DGROUP   M=TypInfo  ACBP=A9
 0002:0000038C 00000084 C=DATA     S=.data    G=DGROUP   M=Classes  ACBP=A9
 0002:00000410 000002B4 C=DATA     S=.data    G=DGROUP   M=Graphics ACBP=A9
 0002:000006C4 00000004 C=DATA     S=.data    G=DGROUP   M=Printers ACBP=A9
 0002:000006C8 0000004C C=DATA     S=.data    G=DGROUP   M=StdCtrls ACBP=A9
 0002:00000714 0000012C C=DATA     S=.data    G=DGROUP   M=Controls ACBP=A9
 0002:00000840 00000020 C=DATA     S=.data    G=DGROUP   M=ImgList  ACBP=A9
 0002:00000860 000000EC C=DATA     S=.data    G=DGROUP   M=Menus    ACBP=A9
 0002:0000094C 0000013C C=DATA     S=.data    G=DGROUP   M=Forms    ACBP=A9
 0002:00000A88 00000014 C=DATA     S=.data    G=DGROUP   M=ExtCtrls ACBP=A9
 0002:00000A9C 000000C8 C=DATA     S=.data    G=DGROUP   M=Dialogs  ACBP=A9
 0002:00000B64 0000002C C=DATA     S=.data    G=DGROUP   M=ComObj   ACBP=A9
 0002:00000B90 00000010 C=DATA     S=.data    G=DGROUP   M=Mask     ACBP=A9
 0002:00000BA0 00000188 C=DATA     S=.data    G=DGROUP   M=Db       ACBP=A9
 0002:00000D28 000001E0 C=DATA     S=.data    G=DGROUP   M=IB       ACBP=A9
 0002:00000F08 00000090 C=DATA     S=.data    G=DGROUP   M=IBCustomDataSet ACBP=A9
 0002:00000F98 00000030 C=DATA     S=.data    G=DGROUP   M=IBServices ACBP=A9
 0002:00000FC8 00000018 C=DATA     S=.data    G=DGROUP   M=IBSQLMonitor ACBP=A9
 0002:00000FE0 0000015C C=DATA     S=.data    G=DGROUP   M=IBDatabase ACBP=A9
 0002:0000113C 00000028 C=DATA     S=.data    G=DGROUP   M=ComCtrls ACBP=A9
 0002:00001164 00000004 C=DATA     S=.data    G=DGROUP   M=VCLUtils ACBP=A9
 0002:00001168 00000110 C=DATA     S=.data    G=DGROUP   M=B_utils  ACBP=A9
 0002:00001278 00000018 C=DATA     S=.data    G=DGROUP   M=RXSpin   ACBP=A9
 0002:00001290 00000088 C=DATA     S=.data    G=DGROUP   M=Buttons  ACBP=A9
 0002:00001318 00000008 C=DATA     S=.data    G=DGROUP   M=IniFiles ACBP=A9
 0002:00001320 00000008 C=DATA     S=.data    G=DGROUP   M=Registry ACBP=A9
 0002:00001328 00000004 C=DATA     S=.data    G=DGROUP   M=RxPrgrss ACBP=A9
 0002:0000132C 00000004 C=DATA     S=.data    G=DGROUP   M=AppUtils ACBP=A9
 0002:00001330 00000004 C=DATA     S=.data    G=DGROUP   M=RXProps  ACBP=A9
 0002:00001334 00000018 C=DATA     S=.data    G=DGROUP   M=RXCtrls  ACBP=A9
 0002:0000134C 00000030 C=DATA     S=.data    G=DGROUP   M=ToolEdit ACBP=A9
 0002:0000137C 00000262 C=DATA     S=.data    G=DGROUP   M=RxCalc   ACBP=A9
 0002:000015E0 00000004 C=DATA     S=.data    G=DGROUP   M=CurrEdit ACBP=A9
 0002:000015E4 00000018 C=DATA     S=.data    G=DGROUP   M=Elves_Unit ACBP=A9
 0002:00002000 000004D0 C=BSS      S=.bss     G=DGROUP   M=System   ACBP=A9
 0002:000024D0 00000018 C=BSS      S=.bss     G=DGROUP   M=SysInit  ACBP=A9
 0002:000024E8 00000004 C=BSS      S=.bss     G=DGROUP   M=Windows  ACBP=A9
 0002:000024EC 00000004 C=BSS      S=.bss     G=DGROUP   M=Messages ACBP=A9
 0002:000024F0 00000004 C=BSS      S=.bss     G=DGROUP   M=SysConst ACBP=A9
 0002:000024F4 00000118 C=BSS      S=.bss     G=DGROUP   M=SysUtils ACBP=A9
 0002:0000260C 00000004 C=BSS      S=.bss     G=DGROUP   M=ActiveX  ACBP=A9
 0002:00002610 00000004 C=BSS      S=.bss     G=DGROUP   M=Consts   ACBP=A9
 0002:00002614 00000004 C=BSS      S=.bss     G=DGROUP   M=TypInfo  ACBP=A9
 0002:00002618 0000003C C=BSS      S=.bss     G=DGROUP   M=Classes  ACBP=A9
 0002:00002654 00000060 C=BSS      S=.bss     G=DGROUP   M=Graphics ACBP=A9
 0002:000026B4 00000004 C=BSS      S=.bss     G=DGROUP   M=Contnrs  ACBP=A9
 0002:000026B8 0000000C C=BSS      S=.bss     G=DGROUP   M=Commctrl ACBP=A9
 0002:000026C4 00000031 C=BSS      S=.bss     G=DGROUP   M=MultiMon ACBP=A9
 0002:000026F8 00000004 C=BSS      S=.bss     G=DGROUP   M=Imm      ACBP=A9
 0002:000026FC 00000004 C=BSS      S=.bss     G=DGROUP   M=Math     ACBP=A9
 0002:00002700 00000004 C=BSS      S=.bss     G=DGROUP   M=WinSpool ACBP=A9
 0002:00002704 00000004 C=BSS      S=.bss     G=DGROUP   M=Printers ACBP=A9
 0002:00002708 00000034 C=BSS      S=.bss     G=DGROUP   M=FlatSB   ACBP=A9
 0002:0000273C 00000004 C=BSS      S=.bss     G=DGROUP   M=StdCtrls ACBP=A9
 0002:00002740 0000000C C=BSS      S=.bss     G=DGROUP   M=Clipbrd  ACBP=A9
 0002:0000274C 00000004 C=BSS      S=.bss     G=DGROUP   M=StdActns ACBP=A9
 0002:00002750 00000070 C=BSS      S=.bss     G=DGROUP   M=Controls ACBP=A9
 0002:000027C0 00000004 C=BSS      S=.bss     G=DGROUP   M=ActnList ACBP=A9
 0002:000027C4 00000004 C=BSS      S=.bss     G=DGROUP   M=ImgList  ACBP=A9
 0002:000027C8 00000010 C=BSS      S=.bss     G=DGROUP   M=Menus    ACBP=A9
 0002:000027D8 00000024 C=BSS      S=.bss     G=DGROUP   M=Forms    ACBP=A9
 0002:000027FC 00000004 C=BSS      S=.bss     G=DGROUP   M=ShellAPI ACBP=A9
 0002:00002800 00000004 C=BSS      S=.bss     G=DGROUP   M=RegStr   ACBP=A9
 0002:00002804 00000004 C=BSS      S=.bss     G=DGROUP   M=WinInet  ACBP=A9
 0002:00002808 00000004 C=BSS      S=.bss     G=DGROUP   M=UrlMon   ACBP=A9
 0002:0000280C 00000004 C=BSS      S=.bss     G=DGROUP   M=ShlObj   ACBP=A9
 0002:00002810 00000004 C=BSS      S=.bss     G=DGROUP   M=CommDlg  ACBP=A9
 0002:00002814 00000004 C=BSS      S=.bss     G=DGROUP   M=ExtCtrls ACBP=A9
 0002:00002818 00000004 C=BSS      S=.bss     G=DGROUP   M=Dlgs     ACBP=A9
 0002:0000281C 0000000C C=BSS      S=.bss     G=DGROUP   M=Dialogs  ACBP=A9
 0002:00002828 00000004 C=BSS      S=.bss     G=DGROUP   M=ComConst ACBP=A9
 0002:0000282C 00000011 C=BSS      S=.bss     G=DGROUP   M=ComObj   ACBP=A9
 0002:00002840 00000004 C=BSS      S=.bss     G=DGROUP   M=DbConsts ACBP=A9
 0002:00002844 00000004 C=BSS      S=.bss     G=DGROUP   M=Mask     ACBP=A9
 0002:00002848 00000004 C=BSS      S=.bss     G=DGROUP   M=Db       ACBP=A9
 0002:0000284C 00000004 C=BSS      S=.bss     G=DGROUP   M=IBUtils  ACBP=A9
 0002:00002850 00000004 C=BSS      S=.bss     G=DGROUP   M=IBExternals ACBP=A9
 0002:00002854 00000004 C=BSS      S=.bss     G=DGROUP   M=IBInstallHeader ACBP=A9
 0002:00002858 00000004 C=BSS      S=.bss     G=DGROUP   M=IBXConst ACBP=A9
 0002:0000285C 0000001D C=BSS      S=.bss     G=DGROUP   M=IB       ACBP=A9
 0002:0000287C 0000000C C=BSS      S=.bss     G=DGROUP   M=IBIntf   ACBP=A9
 0002:00002888 00000004 C=BSS      S=.bss     G=DGROUP   M=IBHeader ACBP=A9
 0002:0000288C 00000004 C=BSS      S=.bss     G=DGROUP   M=IBErrorCodes ACBP=A9
 0002:00002890 00000004 C=BSS      S=.bss     G=DGROUP   M=StdVCL   ACBP=A9
 0002:00002894 00000004 C=BSS      S=.bss     G=DGROUP   M=IBCustomDataSet ACBP=A9
 0002:00002898 00000004 C=BSS      S=.bss     G=DGROUP   M=IBBlob   ACBP=A9
 0002:0000289C 00000004 C=BSS      S=.bss     G=DGROUP   M=DBLogDlg ACBP=A9
 0002:000028A0 00000004 C=BSS      S=.bss     G=DGROUP   M=IBDialogs ACBP=A9
 0002:000028A4 00000004 C=BSS      S=.bss     G=DGROUP   M=IBServices ACBP=A9
 0002:000028A8 0000005C C=BSS      S=.bss     G=DGROUP   M=IBSQLMonitor ACBP=A9
 0002:00002904 00000004 C=BSS      S=.bss     G=DGROUP   M=IBDatabaseInfo ACBP=A9
 0002:00002908 00000004 C=BSS      S=.bss     G=DGROUP   M=IBDatabase ACBP=A9
 0002:0000290C 00000004 C=BSS      S=.bss     G=DGROUP   M=IBSQL    ACBP=A9
 0002:00002910 00000004 C=BSS      S=.bss     G=DGROUP   M=IBQuery  ACBP=A9
 0002:00002914 00000004 C=BSS      S=.bss     G=DGROUP   M=RichEdit ACBP=A9
 0002:00002918 00000004 C=BSS      S=.bss     G=DGROUP   M=ToolWin  ACBP=A9
 0002:0000291C 00000004 C=BSS      S=.bss     G=DGROUP   M=ComStrs  ACBP=A9
 0002:00002920 0000000C C=BSS      S=.bss     G=DGROUP   M=ComCtrls ACBP=A9
 0002:0000292C 00000004 C=BSS      S=.bss     G=DGROUP   M=MaxMin   ACBP=A9
 0002:00002930 00000004 C=BSS      S=.bss     G=DGROUP   M=RXConst  ACBP=A9
 0002:00002934 00000004 C=BSS      S=.bss     G=DGROUP   M=RXCConst ACBP=A9
 0002:00002938 00000004 C=BSS      S=.bss     G=DGROUP   M=VCLUtils ACBP=A9
 0002:0000293C 00000004 C=BSS      S=.bss     G=DGROUP   M=B_utils  ACBP=A9
 0002:00002940 00000004 C=BSS      S=.bss     G=DGROUP   M=RXSpin   ACBP=A9
 0002:00002944 00000030 C=BSS      S=.bss     G=DGROUP   M=Buttons  ACBP=A9
 0002:00002974 00000004 C=BSS      S=.bss     G=DGROUP   M=IniFiles ACBP=A9
 0002:00002978 00000004 C=BSS      S=.bss     G=DGROUP   M=Registry ACBP=A9
 0002:0000297C 00000004 C=BSS      S=.bss     G=DGROUP   M=RxTimer  ACBP=A9
 0002:00002980 00000008 C=BSS      S=.bss     G=DGROUP   M=RxHook   ACBP=A9
 0002:00002988 00000004 C=BSS      S=.bss     G=DGROUP   M=Grids    ACBP=A9
 0002:0000298C 00000004 C=BSS      S=.bss     G=DGROUP   M=StrUtils ACBP=A9
 0002:00002990 00000008 C=BSS      S=.bss     G=DGROUP   M=DateUtil ACBP=A9
 0002:00002998 00000004 C=BSS      S=.bss     G=DGROUP   M=FileCtrl ACBP=A9
 0002:0000299C 00000004 C=BSS      S=.bss     G=DGROUP   M=Gauges   ACBP=A9
 0002:000029A0 00000004 C=BSS      S=.bss     G=DGROUP   M=RxPrgrss ACBP=A9
 0002:000029A4 00000004 C=BSS      S=.bss     G=DGROUP   M=FileUtil ACBP=A9
 0002:000029A8 00000004 C=BSS      S=.bss     G=DGROUP   M=AppUtils ACBP=A9
 0002:000029AC 00000004 C=BSS      S=.bss     G=DGROUP   M=RXProps  ACBP=A9
 0002:000029B0 00000004 C=BSS      S=.bss     G=DGROUP   M=Placemnt ACBP=A9
 0002:000029B4 00000004 C=BSS      S=.bss     G=DGROUP   M=RXCtrls  ACBP=A9
 0002:000029B8 00000004 C=BSS      S=.bss     G=DGROUP   M=ExtDlgs  ACBP=A9
 0002:000029BC 00000004 C=BSS      S=.bss     G=DGROUP   M=PickDate ACBP=A9
 0002:000029C0 00000004 C=BSS      S=.bss     G=DGROUP   M=ToolEdit ACBP=A9
 0002:000029C4 00000004 C=BSS      S=.bss     G=DGROUP   M=RxCalc   ACBP=A9
 0002:000029C8 00000004 C=BSS      S=.bss     G=DGROUP   M=CurrEdit ACBP=A9
 0002:000029CC 000013AC C=BSS      S=.bss     G=DGROUP   M=Elves_Unit ACBP=A9
 0002:00003D78 00000008 C=BSS      S=.bss     G=DGROUP   M=AddSumm  ACBP=A9
 0002:00003D80 00000008 C=BSS      S=.bss     G=DGROUP   M=DecSumm  ACBP=A9
 0002:00003D88 00000008 C=BSS      S=.bss     G=DGROUP   M=ChangeKassir ACBP=A9
 0002:00003D90 00000014 C=BSS      S=.bss     G=DGROUP   M=Unit1    ACBP=A9


  Address         Publics by Name

 0001:0000569C       .
 0001:0000597C       .
 0001:0000CB14       .
 0002:000000C4       .
 0002:0000281C       .01
 0002:00002894       .01
 0002:000029B4       .01
 0002:0000274C       .02
 0002:00002728       .1
 0002:00002828       .1
 0002:0000284C       .1
 0002:000029A4       .1
 0002:00002994       .1
 0002:0000293C       .1
 0002:00002914       .1
 0002:000029A0       .1
 0002:0000291C       .1
 0002:000029BC       .1
 0002:00002610       .1
 0002:0000292C       .1
 0002:00002930       .1
 0002:0000280C       .1
 0002:00002850       .1
 0002:00002854       .1
 0002:00002858       .1
 0002:00002840       .1
 0002:00002808       .1
 0002:00002804       .1
 0002:000024E0       .1
 0002:000026B8       .1
 0002:0000287C       .1
 0002:0000298C       .1
 0002:000028A0       .1
 0002:00002934       .1
 0002:000029A8       .1
 0002:00002888       .1
 0002:00002800       .1
 0002:0000288C       .1
 0002:00002890       .1
 0002:000026E4       .1
 0002:000027FC       .1
 0002:000024F0       .1
 0002:00002810       .1
 0002:000024EC       .1
 0002:00002818       .1
 0002:000026F8       .1
 0002:000029C0       .11
 0002:0000290C       .11
 0002:00002848       .16
 0002:000026FC       .2
 0002:00002904       .2
 0002:00002910       .2
 0002:00003D7C       .2
 0002:00003D8C       .2
 0002:0000297C       .2
 0002:0000289C       .2
 0002:00002898       .2
 0002:00002938       .2
 0002:00002980       .2
 0002:00003D84       .2
 0002:00002744       .2
 0002:00003D74       .2
 0002:0000299C       .2
 0002:00003DA0       .2
 0002:00002758       .22
 0002:0000273C       .22
 0002:000028A4       .23
 0002:00002940       .3
 0002:0000242C       .3
 0002:000029C4       .3
 0002:000027C4       .3
 0002:0000260C       .3
 0002:00002944       .3
 0002:000024E8       .3
 0002:00002704       .3
 0002:000029B8       .3
 0002:00002700       .3
 0002:000028A8       .3
 0002:000029AC       .3
 0002:00002918       .4
 0002:00002974       .4
 0002:000025FC       .44
 0002:00002920       .45
 0002:00002614       .5
 0002:000029C8       .5
 0002:00002998       .5
 0002:00002978       .5
 0002:000027E0       .51
 0002:00002874       .6
 0002:00002844       .6
 0002:00002814       .61
 0002:0000282C       .61
 0002:00002908       .7
 0002:000029B0       .7
 0002:000027C0       .7
 0002:00002658       .81
 0002:00002620       .84
 0002:000026B4       .9
 0002:00002988       .9
 0002:000027D0       .9
 0001:00001988       @AbstractError
 0001:000021D4       @AfterConstruction
 0001:000059C5       @Append
 0001:0000200C       @AsClass
 0001:0000589E       @Assign
 0001:00001AA4       @AStrCmp
 0001:000021DC       @BeforeDestruction
 0001:00002058       @CallDynaInst
 0001:0000217C       @ClassCreate
 0001:000021CC       @ClassDestroy
 0001:00005940       @Close
 0001:00001898       @Copy
 0001:000036FC       @CopyArray
 0001:000035E0       @CopyRecord
 0001:00003948       @DispInvoke
 0001:00003950       @DispInvokeError
 0001:00003804       @Dispose
 0001:00002644       @DoneExcept
 0001:00004FCC       @DynArrayAsg
 0001:00004F90       @DynArrayClear
 0001:00004DD0       @DynArrayHigh
 0001:00004DC8       @DynArrayLength
 0001:00004F84       @DynArraySetLength
 0001:00002738       @ExceptionHandler
 0001:00001948       @EXP
 0001:00001B14       @FillChar
 0001:000035D4       @Finalize
 0001:000034EC       @FinalizeArray
 0001:000034C0       @FinalizeRecord
 0001:00002070       @FindDynaInst
 0001:00005919       @Flush
 0001:00001DB0       @FpuInit
 0001:00001CEC       @FpuMaskInit
 0001:000017B0       @FreeMem
 0001:00001798       @GetMem
 0001:00006278       @GetTls
 0001:00002AEC       @Halt
 0001:000029CC       @Halt0
 0001:000022E8       @HandleAnyException
 0001:0000259C       @HandleFinally
 0001:00002414       @HandleOnException
 0001:00006308       @InitExe
 0001:000034B4       @Initialize
 0001:00003420       @InitializeArray
 0001:000033F4       @InitializeRecord
 0001:00002928       @InitImports
 0001:0000290C       @InitResStringImports
 0001:000055F8       @IntfAddRef
 0001:000055C4       @IntfClear
 0001:000055DC       @IntfCopy
 0001:00001DBC       @IntOver
 0001:00001FF4       @IsClass
 0001:00001CBC       @isNECWindows
 0001:00002FBC       @LStrAddRef
 0001:00002BAC       @LStrArrayClr
 0001:00002BDC       @LStrAsg
 0001:00002E10       @LStrCat
 0001:00002E54       @LStrCat3
 0001:00002EC8       @LStrCatN
 0001:00002B88       @LStrClr
 0001:00002F18       @LStrCmp
 0001:00003010       @LStrCopy
 0001:00003050       @LStrDelete
 0001:00002DB8       @LStrFromArray
 0001:00002D30       @LStrFromChar
 0001:00002D40       @LStrFromPChar
 0001:00002C70       @LStrFromPCharLen
 0001:00002D70       @LStrFromPWChar
 0001:00002CA0       @LStrFromPWCharLen
 0001:00002DAC       @LStrFromString
 0001:00002DD0       @LStrFromWStr
 0001:00003098       @LStrInsert
 0001:00002C20       @LStrLAsg
 0001:00002E08       @LStrLen
 0001:000030F4       @LStrPos
 0001:0000313C       @LStrSetLength
 0001:00002FCC       @LStrToPChar
 0001:00002DE4       @LStrToString
 0001:000037F0       @New
 0001:00002C4C       @NewAnsiString
 0001:0000334C       @NewWideString
 0001:000040E4       @OleVarFromVar
 0001:00005B44       @Pow10
 0001:00001A20       @PStrCmp
 0001:000019D4       @PStrCpy
 0001:000019A4       @PStrNCat
 0001:000019F0       @PStrNCpy
 0001:000025F0       @RaiseAgain
 0001:000025D4       @RaiseExcept
 0001:000017C8       @ReallocMem
 0001:000059B7       @ResetText
 0001:000059BE       @RewritText
 0001:00001960       @ROUND
 0001:00002AF8       @RunError
 0001:00001934       @SetLength
 0001:00001CA8       @SetUnion
 0001:000028DC       @StartExe
 0001:00004B88       @Str0Int64
 0001:00001B94       @Str0Long
 0001:00004AC8       @StrInt64
 0001:00001B34       @StrLong
 0001:0000196C       @TRUNC
 0001:00002674       @TryFinallyExit
 0001:00004BA4       @ValInt64
 0001:00001BA0       @ValLong
 0001:000044B8       @VarAdd
 0001:00004710       @VarAddRef
 0001:00004930       @VarArrayGet
 0001:000049C4       @VarArrayPut
 0001:00003BC0       @VarCast
 0001:00003968       @VarClear
 0001:00004708       @VarClr
 0001:000045F8       @VarCmp
 0001:000039AC       @VarCopy
 0001:00003F5C       @VarFromBool
 0001:00003FAC       @VarFromCurr
 0001:0000405C       @VarFromDisp
 0001:00003F44       @VarFromInt
 0001:00004038       @VarFromIntf
 0001:00003FC4       @VarFromLStr
 0001:00003F7C       @VarFromReal
 0001:00003F94       @VarFromTDateTime
 0001:00004004       @VarFromWStr
 0001:00003D20       @VarToBool
 0001:00003DB0       @VarToCurr
 0001:00003CB4       @VarToInt
 0001:00003EF0       @VarToIntf
 0001:00003E0C       @VarToLStr
 0001:00003D54       @VarToReal
 0001:00003E48       @VarToWStr
 0001:00005AAB       @Write0Char
 0001:00005B14       @Write0CString
 0001:00005A70       @Write0String
 0001:000059CC       @WriteBytes
 0001:00005AFD       @WriteChar
 0001:00005B18       @WriteCString
 0001:00005A97       @WriteLn
 0001:00005A37       @WriteSpaces
 0001:00005A7A       @WriteString
 0001:000031D0       @WStrArrayClr
 0001:000031F4       @WStrAsg
 0001:000032EC       @WStrCat
 0001:000031B8       @WStrClr
 0001:00003364       @WStrCopy
 0001:000032C0       @WStrFromLStr
 0001:00003218       @WStrFromPCharLen
 0001:0000329C       @WStrFromPWCharLen
 0001:000032E0       @WStrLen
 0001:000033B0       @WStrSetLength
 0001:000032D0       @WStrToPWChar
 0001:00001C84       @_CLenToPasStr
 0001:00001C6C       @_CToPasStr
 0001:000058F4       @_Flush
 0001:00001868       @_IOTest
 0001:00005E5E       @_lldiv
 0001:00005ED6       @_lldivo
 0001:00005F51       @_llmod
 0001:00005FCB       @_llmodo
 0001:00005E18       @_llmul
 0001:00005E3B       @_llmulo
 0001:0000604B       @_llshl
 0001:00005F08       @_lludiv
 0001:00005FFD       @_llumod
 0001:00006083       @_llushr
 0001:0000B1A8       Abort
 0001:00026388       AbsMin
 0001:0000B5A0       AbstractErrorHandler
 0002:0000201C       AbstractErrorProc
 0002:0000019C       AccessMode
 0001:00006794       ActivateKeyboardLayout
 0002:00002780       ActiveDrag
 0001:0000D644       ActiveX
 0001:00034424       ActnList
 0001:000004D0       AddBlockAfter
 0001:00007E30       AddExitProc
 0001:00054AF8       AddFieldDefs
 0001:00054D2C       AddFields
 0001:000128B4       AddFinished
 0001:00037990       AddIn
 0001:00005400       AddModuleUnloadProc
 0001:00005410       AddModuleUnloadProc
 0001:000128EC       AddNotFinished
 0001:0007449C       AddSumm
 0001:00015074       AddThread
 0002:00003D78       ADD_SUMM
 0001:00019F90       AdjustColor
 0001:00049EB4       AdjustColors
 0001:0005CA10       AdjustFirstRecord
 0001:0003EE50       Adjustment
 0001:0000679C       AdjustWindowRectEx
 0001:0000C484       AL1
 0002:00000354       AL1s
 0001:0000C494       AL2
 0002:00000360       AL2s
 0002:00000924       Alignments
 0002:00000934       Alignments
 0002:00001334       Alignments
 0002:00000A90       Alignments
 0002:000006D0       Alignments
 0002:00001364       Alignments
 0002:00001278       Alignments
 0002:0000134C       AlignStyle
 0001:0002B2D4       AlignWork
 0001:00045810       AlignWork
 0001:0003E87C       AllocateHWnd
 0001:00014FEC       AllocateWindow
 0001:0004AFC4       AllocFilterStr
 0001:00007DE4       AllocMem
 0002:00002424       AllocMemCount
 0002:00002428       AllocMemSize
 0001:0001F1EC       AllocPatternBitmap
 0001:0000C500       ALR
 0001:0000C4AC       ALV
 0002:0000071C       AnchorAlign
 0001:00008010       AnsiCompareStr
 0001:00008048       AnsiCompareText
 0001:0000838C       AnsiLastChar
 0001:000067A4       AnsiLower
 0001:00007FDC       AnsiLowerCase
 0001:0000BDDC       AnsiLowerCaseFileName
 0001:0000BDA4       AnsiPos
 0001:0003BEB8       AnsiSameCaption
 0001:00008080       AnsiSameText
 0001:000080BC       AnsiStrLIComp
 0001:0000BE68       AnsiStrPos
 0001:0000BF08       AnsiStrRScan
 0001:0000BF30       AnsiStrScan
 0001:00007FA8       AnsiUpperCase
 0001:00003A48       AnyChangeType
 0001:0000455C       AnyCmp
 0001:000041D4       AnyOp
 0001:00003E80       AnyToIntf
 0001:000094D0       AppendChars
 0001:00009898       AppendFormat
 0001:00009534       AppendNumber
 0001:00009514       AppendString
 0002:000027D8       Application
 0001:00068E24       AppUtils
 0002:00000A80       AppVisible
 0002:00000B9C       ArrowKey
 0001:0000B584       AssertErrorHandler
 0002:00002018       AssertErrorProc
 0001:0006268C       AssignBitmapCell
 0001:0000DCBC       AssignLongStr
 0001:00007EB4       AssignStr
 0001:0000DE80       AssignVariant
 0001:0000DD10       AssignWideStr
 0001:000555B0       AttributeSetStored
 0001:000735E0       Auto_rezim
 0002:00002478       avail
 0002:000029CC       AX
 0001:000084C0       BackfillGetDiskFreeSpaceEx
 0001:00028C88       BackgroundClipped
 0002:00000D04       BaseFieldTypes
 0002:0000006C       BaseTypeMap
 0001:00053AAC       BCDToCurr
 0002:000028E4       bDone
 0001:0000FB44       BeginGlobalLoading
 0001:000067AC       BeginPaint
 0001:00002B3C       BeginThread
 0001:00019F9C       BetterSize
 0001:00038720       BiDiDraw
 0001:00006584       BitBlt
 0002:000012BC       BitBtnCaptions
 0002:00002948       BitBtnGlyphs
 0002:000012E8       BitBtnModalResults
 0002:00001290       BitBtnResNames
 0002:00000678       BitmapCanvasList
 0002:00002670       BitmapImageLock
 0002:00000968       BlockCode
 0002:00002450       blockDescBlockList
 0002:00002454       blockDescFreeList
 0002:0000037C       BooleanIdents
 0002:000006C8       BorderStyles
 0002:000009D8       BorderStyles
 0002:00000A88       BorderStyles
 0001:0000F4D4       Bounds
 0002:000008CC       Breaks
 0002:000026A8       BrushManager
 0002:0000154C       BtnCaptions
 0001:0006EAF8       BtnColor
 0002:0000158C       BtnGlyphs
 0002:0000137C       BtnPos
 0001:0005C1E4       BufferToByteArray
 0001:0003ACA4       BuildImage
 0002:00000B38       ButtonCaptions
 0002:00001348       ButtonCount
 0002:00000B0C       ButtonNames
 0002:00000948       Buttons
 0001:00068840       Buttons
 0002:0000070C       ButtonStyles
 0001:0005C29C       ByteArrayToBuffer
 0001:0001977C       BytesPerScanline
 0001:00019AD4       ByteSwapColors
 0001:0000BBA4       ByteToCharIndex
 0001:0000BB7C       ByteToCharLen
 0001:0000BB40       ByteType
 0001:0000BAC8       ByteTypeTest
 0001:000639B4       B_utils
 0002:00000388       C10000
 0002:000000C0       C10000
 0002:000015E0       CalcBitmap
 0001:0003E7B8       CalcJmpOffset
 0001:00032670       CalcSplitterPos
 0001:0005A288       CalcTotalSize
 0001:000555F0       CalculatedStored
 0001:000067B4       CallNextHookEx
 0001:0000C448       CallTerminateProcs
 0001:000067BC       CallWindowProc
 0001:00027300       CancelDrag
 0001:0005D4CC       CancelNestedDataSets
 0002:00002790       CanvasList
 0002:000026AC       CanvasList
 0002:00000AF8       Captions
 0002:000007D4       CaptureControl
 0002:00001370       CaretWidth
 0002:0000086C       cBooleanToItemAutoFlag
 0001:0004A90C       CenterWindow
 0002:00002742       CF_COMPONENT
 0002:00002740       CF_PICTURE
 0002:000023EC       ChangeAnyProc
 0001:00025A34       ChangeBiDiModeAlignment
 0001:00074AC8       ChangeKassir
 0001:00003AB4       ChangeSourceAny
 0002:00003D88       Change_kassir
 0002:000006F0       CharCases
 0001:000067C4       CharLowerBuff
 0001:000002BC       CharNext
 0001:00017CA4       CharsetToIdent
 0001:0000BC68       CharToByteIndex
 0001:0000BCCC       CharToByteLen
 0001:000067CC       CharUpperBuff
 0001:0001A564       CheckBool
 0001:00002264       CheckJmp
 0001:000067D4       CheckMenuItem
 0001:0005C648       CheckNestedBrowseMode
 0002:000008BC       Checks
 0001:000630FC       CheckTaskWindow
 0001:0003E6C8       CheckTaskWindow
 0001:00027030       CheckUndock
 0002:00003D9C       CHECK_MODE
 0002:00000870       cItemAutoFlagToBoolean
 0002:00000868       cItemAutoFlagToMenu
 0002:00002628       ClassAliasList
 0001:000163CC       Classes
 0002:00002624       ClassList
 0001:0000F4FC       ClassNotFound
 0002:000023E8       ClearAnyProc
 0001:0001761C       ClearColor
 0001:0004C4C0       ClearExcepInfo
 0001:000067DC       ClientToScreen
 0001:00030094       ClientToWindow
 0001:00023990       Clipboard
 0002:00000670       ClipboardFormats
 0001:000239EC       Clipbrd
 0001:000067E4       CloseClipboard
 0001:0000638C       CloseHandle
 0001:0000025C       CloseHandle
 0001:0005F8E8       CloseThreads
 0001:0000D5F0       CLSIDFromProgID
 0002:00002030       CmdLine
 0002:0000202C       CmdShow
 0002:00000864       cMenuAutoFlagToItem
 0002:00000B6C       CoAddRefServerProcess
 0001:0000D5E8       CoCreateInstance
 0002:00000B64       CoCreateInstanceEx
 0002:00000B7C       CoInitFlags
 0001:0000D5D8       CoInitialize
 0002:00000B68       CoInitializeEx
 0002:00000440       Colors
 0001:00017A9C       ColorToIdent
 0001:00017A8C       ColorToRGB
 0002:00002834       ComClassManagerVar
 0001:0004B840       ComConst
 0002:000026BC       ComCtl32DLL
 0001:0006256C       ComCtrls
 0002:000027D4       CommandPool
 0001:0001F844       Commctrl
 0001:000483A4       CommDlg
 0001:000007B0       Commit
 0002:00002494       committedRoot
 0001:0004C78C       ComObj
 0001:00037000       CompareFront
 0001:00007F10       CompareMem
 0001:00006394       CompareString
 0001:00007F30       CompareText
 0001:00013270       ComponentCreated
 0001:0001A334       ComputeAldusChecksum
 0001:00060348       ComStrs
 0001:0000DA04       Consts
 0001:0001F6AC       Contnrs
 0002:0000275E       ControlAtom
 0001:000331F4       Controls
 0001:0000AF98       ConvertAddr
 0001:00009624       ConvertEraString
 0001:00007D6C       ConvertError
 0001:00007D84       ConvertErrorFmt
 0001:00009790       ConvertYearString
 0001:00004DD8       CopyArray
 0001:0001C7C8       CopyBitmap
 0001:0001CE88       CopyBitmapAsMask
 0001:0000658C       CopyEnhMetaFile
 0001:00068668       CopyImage
 0001:0006C584       CopyImage
 0001:0001CE24       CopyPalette
 0001:0006281C       CopyParentImage
 0001:00039E40       CopyToBest
 0002:00000B70       CoReleaseServerProcess
 0002:00000B74       CoResumeClassObjects
 0002:00000B78       CoSuspendClassObjects
 0001:0000D5E0       CoUninitialize
 0001:0000BBF4       CountChars
 0002:00002688       CounterLock
 0001:0000B4C8       CreateAssertException
 0001:0000B660       CreateAVObject
 0001:00073250       CreateAX
 0001:00006594       CreateBitmap
 0001:0000659C       CreateBrushIndirect
 0001:0006EC10       CreateCalcBtn
 0001:000067EC       CreateCaret
 0001:000065A4       CreateCompatibleBitmap
 0001:000065AC       CreateCompatibleDC
 0001:000132F0       CreateComponent
 0001:000065BC       CreateDIBitmap
 0001:000065B4       CreateDIBSection
 0001:00062D98       CreateDisabledBitmap
 0001:00062B30       CreateDisabledBitmapEx
 0001:0006E5C8       CreateEllipsisGlyph
 0001:0000639C       CreateEvent
 0001:000063A4       CreateFile
 0001:00000264       CreateFileA
 0001:000065C4       CreateFontIndirect
 0001:000065CC       CreateHalftonePalette
 0001:000067F4       CreateIcon
 0001:0000B404       CreateInOutError
 0001:000067FC       CreateMenu
 0001:0004BBEC       CreateOleObject
 0001:000065D4       CreatePalette
 0001:000065DC       CreatePenIndirect
 0001:000702A4       CreatePopupCalculator
 0001:00006804       CreatePopupMenu
 0001:000063AC       CreateProcess
 0001:000065E4       CreateSolidBrush
 0001:00019B2C       CreateSystemPalette
 0001:000002C4       CreateThread
 0001:000063B4       CreateThread
 0001:00006D94       CreateWindow
 0001:0000680C       CreateWindowEx
 0002:00000714       CreationControl
 0002:00000AA0       CreationControl
 0002:000028EC       CS
 0002:000015D8       Ctl3DBevel
 0002:000015DC       Ctl3DBorder
 0002:000015D4       Ctl3DStyle
 0002:00000810       Ctl3DStyles
 0002:0000248C       curAlloc
 0001:00072BF4       CurrEdit
 0002:000024FC       CurrencyDecimals
 0002:000024F8       CurrencyFormat
 0002:000024F4       CurrencyString
 0001:000094BC       CurrentYear
 0001:00053A20       CurrToBCD
 0001:00008D70       CurrToStr
 0001:00008DD8       CurrToStrF
 0002:00000A04       CursorMap
 0002:00000724       Cursors
 0001:00025CE0       CursorToIdent
 0002:00000030       cwChop
 0002:00000CD4       CWNear
 0001:00053918       DatabaseError
 0001:000539C4       DatabaseErrorFmt
 0002:00001378       DateBitmap
 0002:000024FD       DateSeparator
 0001:0005C19C       DateTimeToNative
 0001:0000A068       DateTimeToStr
 0001:0000A00C       DateTimeToString
 0001:00008F8C       DateTimeToTimeStamp
 0001:00068C88       DateUtil
 0001:00009444       DayOfWeek
 0001:0005DE58       Db
 0001:0004C900       DbConsts
 0001:0005F080       DBLogDlg
 0002:000011D8       DC11
 0002:0000043C       DDBsOnly
 0001:0003E930       DeallocateHWnd
 0002:00000008       DebugHook
 0002:00001200       DEC
 0002:000024FB       DecimalSeparator
 0001:00009424       DecodeDate
 0001:0000910C       DecodeTime
 0001:00000844       Decommit
 0001:00000E60       DecommitFree
 0002:00002468       decommittedRoot
 0001:000747B0       DecSumm
 0002:00003D80       DEC_SUMM
 0001:00041284       Default
 0001:000462BC       Default
 0002:00000000       Default8087CW
 0002:00000B90       DefaultBlank
 0002:00000718       DefaultDockTreeClass
 0002:00000BA0       DefaultFieldClasses
 0002:00000F08       DefaultFieldClasses
 0002:00000640       DefBrushData
 0001:00065390       DefBtnWidth
 0002:0000132C       DefCompanyName
 0002:00000410       DefFontData
 0001:00006814       DefFrameProc
 0002:0000024C       DefLongDayNames
 0002:00000200       DefLongMonthNames
 0001:0000681C       DefMDIChildProc
 0002:00000620       DefPenData
 0002:00000230       DefShortDayNames
 0002:000001D0       DefShortMonthNames
 0001:00006824       DefWindowProc
 0001:00068B1C       DelBSpace
 0001:00068ADC       DelChars
 0001:00068B5C       DelESpace
 0001:00000500       DeleteBlock
 0001:00000470       DeleteCriticalSection
 0001:000063BC       DeleteCriticalSection
 0001:000065EC       DeleteDC
 0001:000065F4       DeleteEnhMetaFile
 0001:00000CA8       DeleteFree
 0001:0000682C       DeleteMenu
 0001:000065FC       DeleteObject
 0001:00068B98       DelRSpace
 0001:0001C384       DeselectBitmap
 0001:00006834       DestroyCursor
 0001:0000683C       DestroyIcon
 0001:000697E0       DestroyLocals
 0001:0006E874       DestroyLocals
 0001:00072BA8       DestroyLocals
 0001:00068770       DestroyLocals
 0001:00006844       DestroyMenu
 0001:0000684C       DestroyWindow
 0001:0004A9A4       DialogHook
 0001:0004B7DC       Dialogs
 0002:0000067C       DIBPalSizes
 0002:0000005C       dig
 0001:0003E51C       DisableTaskWindows
 0001:0004BF38       DispatchInvoke
 0001:0004C4B4       DispatchInvokeError
 0001:00006854       DispatchMessage
 0001:000445D8       DispatchShortCut
 0001:0004C4D0       DispCall
 0001:0004C5B8       DispCallByID
 0002:00000018       DispCallByIDProc
 0001:0004C3E0       DispCallError
 0001:00007E98       DisposeStr
 0001:00007D50       DivMod
 0001:0004A308       Dlgs
 0001:0002B180       DoAlign
 0001:000456C4       DoAlign
 0001:0002F064       DoCalcConstraints
 0002:00002788       DockSiteList
 0001:0003A9D0       DoClick
 0001:0002C64C       DoControlMsg
 0001:0003E4CC       DoDisableWindow
 0001:00026954       DoDragOver
 0001:000091A4       DoEncodeDate
 0001:00009024       DoEncodeTime
 0001:00007E04       DoExitProc
 0001:00030BD0       DoFindControlZone
 0001:0003E608       DoFindWindow
 0001:00031134       DoFindZone
 0001:00030C54       DoForEach
 0001:000324C8       DoGetNextLimit
 0001:0003E494       DoneApplication
 0001:00033020       DoneControls
 0001:0000BA04       DoneExceptions
 0001:00042AB8       DoNestedActivation
 0001:0002ADE4       DoPosition
 0001:00045514       DoPosition
 0001:00031B48       DoPrune
 0001:00049458       DoRect
 0001:00031FF8       DoSaveZone
 0001:000321FC       DoSetNewBounds
 0002:00000384       DotSep
 0001:0001A7BC       DoWrite
 0001:00011034       DoWrite
 0001:00029B30       DoWrite
 0001:0001B4D0       DoWrite
 0001:00035914       DoWrite
 0002:00000FE0       DPBConstantNames
 0002:0000276C       DragCapture
 0002:00002760       DragControl
 0001:000270A0       DragDone
 0001:00026904       DragFindTarget
 0001:000268D8       DragFindWindow
 0002:00002768       DragFreeObject
 0002:00002784       DragImageList
 0001:00026CF8       DragInit
 0001:00026E68       DragInitControl
 0001:0002685C       DragMessage
 0002:00002764       DragObject
 0002:00002778       DragSaveCursor
 0002:00002770       DragStartPos
 0002:0000277C       DragThreshold
 0001:00026A24       DragTo
 0001:000462F8       DrawAppIcon
 0002:00001164       DrawBitmap
 0001:0006B258       DrawButtonFrame
 0001:000316AC       DrawCloseButton
 0001:0000685C       DrawEdge
 0001:00006864       DrawFocusRect
 0001:0000686C       DrawFrameControl
 0001:00031704       DrawGrabberLine
 0001:00006874       DrawIcon
 0001:0000687C       DrawIconEx
 0002:00000848       DrawingStyles
 0001:0006A52C       DrawMark
 0001:00006884       DrawMenuBar
 0001:0003BCC8       DrawMenuItem
 0001:0000688C       DrawText
 0001:00068970       DropHookList
 0001:000195FC       DupBits
 0001:00004DF0       DynArrayClear
 0001:00004DF8       DynArraySetLength
 0002:0000092C       EdgeStyle
 0002:00000800       EdgeStyles
 0001:0006CC68       EditorTextMargins
 0001:0000B3D8       EHeapException.FreeInstance
 0001:00073FFC       Elves_add_summ
 0002:000033B0       Elves_Arr_Footer
 0002:000029EC       Elves_Arr_Title
 0001:00073CD0       Elves_cancel_check
 0001:00073BFC       Elves_CLose_check
 0002:000029E8       Elves_Cnt_Footer
 0002:000029E4       Elves_Cnt_Title
 0001:00074060       Elves_dec_summ
 0001:0007348C       Elves_Get_Footer
 0001:000733A4       Elves_Get_title
 0001:00073DFC       Elves_init
 0002:000029DC       Elves_Mode
 0001:00073D1C       Elves_Print_string
 0001:0007354C       Elves_Print_title
 0001:00073934       Elves_Reg_towar
 0002:000029E0       Elves_Report
 0001:000740EC       Elves_report_print
 0002:000015E4       Elves_rezim
 0001:000740C4       Elves_test_print
 0001:00074188       Elves_Unit
 0001:00073738       Elves_Wozw_towar
 0001:00006894       EmptyClipboard
 0002:00002414       EmptyParam
 0002:00000120       EmptyStr
 0001:0000689C       EnableMenuItem
 0002:000008C4       Enables
 0001:000068A4       EnableScrollBar
 0001:0003E5D0       EnableTaskWindows
 0001:000068AC       EnableWindow
 0001:0000926C       EncodeDate
 0001:00009094       EncodeTime
 0001:0000FBD4       EndGlobalLoading
 0001:000068B4       EndPaint
 0001:00002B80       EndThread
 0001:00000460       EnterCriticalSection
 0001:000063C4       EnterCriticalSection
 0001:000063CC       EnumCalendarInfoA
 0001:000068BC       EnumClipboardFormats
 0002:000026E0       EnumDisplayMonitors
 0001:0000ABE4       EnumEraNames
 0001:0000AC20       EnumEraYearOffsets
 0001:00041704       EnumMonitorsProc
 0001:000068C4       EnumThreadWindows
 0001:00012C50       EnumValue
 0001:000068CC       EnumWindows
 0001:0004BAC4       EOleException.Create
 0001:0004B9F4       EOleSysError.Create
 0001:000068D4       EqualRect
 0002:000025C0       EraNames
 0001:0000A2D4       EraToYear
 0002:000025DC       EraYearOffsets
 0002:00000054       errCaption
 0001:00001824       Error
 0001:00036D50       Error
 0001:00012538       Error
 0002:00002040       ErrorAddr
 0001:0000B484       ErrorHandler
 0002:00000268       ErrorMap
 0002:00002004       ErrorProc
 0001:00053844       EUpdateError.Create
 0001:000538E8       EUpdateError.Destroy
 0002:00000CFC       Events
 0001:0000AF80       ExceptAddr
 0002:00002008       ExceptClsProc
 0001:0000B928       ExceptHandler
 0001:0000B204       Exception.Create
 0001:0000B240       Exception.CreateFmt
 0001:0000B390       Exception.CreateHelp
 0001:0000B2C0       Exception.CreateRes
 0001:0000B2FC       Exception.CreateResFmt
 0002:00002010       ExceptionClass
 0001:0000AFA4       ExceptionErrorMessage
 0002:000002A0       ExceptMap
 0001:0000AF68       ExceptObject
 0002:0000200C       ExceptObjProc
 0002:00002000       ExceptProc
 0001:00006604       ExcludeClipRect
 0002:00002038       ExitCode
 0001:00002998       ExitDll
 0002:0000203C       ExitProc
 0001:000002D4       ExitProcess
 0002:00000198       ExitProcList
 0001:000002CC       ExitThread
 0001:0004AC70       ExplorerHook
 0001:0004A2D0       ExtCtrls
 0001:0006C73C       ExtDlgs
 0001:00053B44       ExtractFieldName
 0001:00008478       ExtractFileExt
 0001:00008440       ExtractFileName
 0001:0004B240       ExtractFileName
 0001:0004B288       ExtractFileNames
 0001:0000840C       ExtractFilePath
 0001:0000660C       ExtTextOut
 0002:000028C0       FBuffer
 0002:000028D0       FBufferSize
 0002:00001340       FCheckBitmap
 0002:00002748       FClipboard
 0002:00000CD0       FConst10
 0002:00000C30       FieldTypeNames
 0002:00001374       FileBitmap
 0001:00008384       FileClose
 0001:000082FC       FileCreate
 0001:00068D2C       FileCtrl
 0002:00000674       FileFormats
 0002:0000204A       FileMode
 0001:000082BC       FileOpen
 0001:00008320       FileRead
 0002:0000038C       FilerSignature
 0001:00008378       FileSeek
 0001:00068DE0       FileUtil
 0001:0000834C       FileWrite
 0001:00000D90       FillAfterGap
 0001:00000D3C       FillBeforeGap
 0001:00000E28       FillerSizeAfterGap
 0001:00000DB8       FillerSizeBeforeGap
 0001:000068DC       FillRect
 0001:0004A2A0       Finalization
 0001:0004A2D8       Finalization
 0001:00048374       Finalization
 0001:0004B780       Finalization
 0001:0004B810       Finalization
 0001:00048334       Finalization
 0001:0004C70C       Finalization
 0001:0004C8D0       Finalization
 0001:0004F0CC       Finalization
 0001:00007208       Finalization
 0001:00006EF8       Finalization
 0001:00006EC0       Finalization
 0001:000482FC       Finalization
 0001:0005DE10       Finalization
 0001:0005DE68       Finalization
 0001:0005DEA0       Finalization
 0001:0005DED8       Finalization
 0001:0005E2D0       Finalization
 0001:000482C4       Finalization
 0001:0005E6F8       Finalization
 0001:0005E7B4       Finalization
 0001:0004828C       Finalization
 0001:0005E7F8       Finalization
 0001:0005E830       Finalization
 0001:00048254       Finalization
 0001:0005E868       Finalization
 0001:0005EE5C       Finalization
 0001:0005F018       Finalization
 0001:000481E0       Finalization
 0001:0005F050       Finalization
 0001:0005F088       Finalization
 0001:0005F1CC       Finalization
 0001:0000D3DC       Finalization
 0001:0000D614       Finalization
 0001:0000D9D4       Finalization
 0001:0000DF48       Finalization
 0001:0003BFB4       Finalization
 0001:00035E50       Finalization
 0001:0005F938       Finalization
 0001:0005FA50       Finalization
 0001:000601D4       Finalization
 0001:000343F4       Finalization
 0001:000331A0       Finalization
 0001:00060238       Finalization
 0001:00060270       Finalization
 0001:000602A8       Finalization
 0001:000602E0       Finalization
 0001:00060318       Finalization
 0001:000624F4       Finalization
 0001:00062584       Finalization
 0001:000625BC       Finalization
 0001:00062654       Finalization
 0001:0000633C       Finalization
 0001:00023B68       Finalization
 0001:000239B0       Finalization
 0001:000060A0       Finalization
 0001:00063148       Finalization
 0001:000638D8       Finalization
 0001:000667A0       Finalization
 0001:0002324C       Finalization
 0001:000203B4       Finalization
 0001:00068808       Finalization
 0001:00068880       Finalization
 0001:000688E8       Finalization
 0001:00068938       Finalization
 0001:00068984       Finalization
 0001:000689D0       Finalization
 0001:00068C20       Finalization
 0001:00020090       Finalization
 0001:00068C58       Finalization
 0001:00020058       Finalization
 0001:00068CFC       Finalization
 0001:00068D34       Finalization
 0001:00020020       Finalization
 0001:00068D6C       Finalization
 0001:00068DB0       Finalization
 0001:00068DE8       Finalization
 0001:00068E38       Finalization
 0001:00068E7C       Finalization
 0001:0001FFE0       Finalization
 0001:0006C6C0       Finalization
 0001:0006C70C       Finalization
 0001:0001FFA0       Finalization
 0001:0006C744       Finalization
 0001:0006E898       Finalization
 0001:0001F814       Finalization
 0001:0001F67C       Finalization
 0001:0001F224       Finalization
 0001:000705C8       Finalization
 0001:00072BBC       Finalization
 0001:00074138       Finalization
 0001:0007446C       Finalization
 0001:00074780       Finalization
 0001:00074A98       Finalization
 0001:00075F4C       Finalization
 0001:00075F90       Finalization
 0001:00016314       Finalization
 0001:00004DE8       FinalizeArray
 0001:0003A7E4       Find
 0001:00005048       FindBS
 0001:0000F618       FindClass
 0001:0000501C       FindClassHInstance
 0001:000002E4       FindClose
 0001:00000D0C       FindCommitted
 0001:00025B00       FindControl
 0001:0003133C       FindControlAtPos
 0001:0002734C       FindDragTarget
 0001:000134A0       FindExistingComponent
 0001:000002EC       FindFirstFile
 0001:0003E714       FindGlobalComponent
 0002:0000261C       FindGlobalComponent
 0001:00004FF4       FindHInstance
 0001:0000F9B8       FindIdentToInt
 0002:00002824       FindMsg
 0001:000127EC       FindNestedComponent
 0001:00036D18       FindPopupControl
 0001:000063D4       FindResource
 0001:00005024       FindResourceHInstance
 0001:00047B90       FindScanline
 0001:0003E66C       FindTopMostWindow
 0001:00014370       FindUniqueName
 0001:00027318       FindVCLWindow
 0001:000068E4       FindWindow
 0001:0000281C       FInitUnits
 0001:0001C77C       FixupBitFields
 0002:0000093C       Flags
 0002:00002608       FLanguages
 0001:000203E4       FlatSB
 0002:00002708       FlatSB_EnableScrollBar
 0002:00002714       FlatSB_GetScrollInfo
 0002:00002718       FlatSB_GetScrollPos
 0002:00002710       FlatSB_GetScrollRange
 0002:00002720       FlatSB_SetScrollInfo
 0002:0000271C       FlatSB_SetScrollPos
 0001:000200D4       FlatSB_SetScrollProp
 0002:00002724       FlatSB_SetScrollRange
 0002:0000270C       FlatSB_ShowScrollBar
 0001:0000D0D9       FloatToDecimal
 0001:00008D40       FloatToStr
 0001:00008DA0       FloatToStrF
 0001:0000CB36       FloatToText
 0001:0000CE06       FloatToTextFmt
 0002:000028C4       FMonitorCount
 0002:000001C4       FMSecsPerDay
 0001:00008C78       FmtStr
 0002:00000954       FocusCount
 0002:00000950       FocusMessages
 0002:00000590       FontCharsets
 0002:000026A0       FontManager
 0002:00000A9C       ForceCurrentDirectory
 0001:0003E6E8       ForegroundTask
 0002:00003D90       Form1
 0001:00008C64       Format
 0002:000001CC       Format
 0001:00008804       FormatBuf
 0001:000087F8       FormatClearStr
 0001:00008EB0       FormatCurr
 0001:0000878C       FormatError
 0002:000001BC       FormatErrorStrs
 0001:00008E10       FormatFloat
 0001:00071530       FormatFloatStr
 0001:0004D3EC       FormatMaskText
 0001:000063DC       FormatMessage
 0001:000087E4       FormatVarToStr
 0001:00048234       Forms
 0002:00002990       FourDigitYear
 0001:00005B44       FPower10
 0002:000006C4       FPrinter
 0001:0004951C       Frame3D
 0001:000068EC       FrameRect
 0002:000028C8       FReaderCount
 0002:000028DC       FReaderThread
 0002:000028B8       FReadEvent
 0002:000028BC       FReadFinishedEvent
 0001:0000C7B0       FreeAndNil
 0001:00000A78       FreeCommitted
 0001:00000F80       FreeCurAlloc
 0001:0002740C       FreeDeviceContext
 0001:000274C8       FreeDeviceContexts
 0001:0005E798       FreeIBInstallLibrary
 0001:0005E77C       FreeIBLibrary
 0001:000162A0       FreeIntConstList
 0001:000002F4       FreeLibrary
 0001:000063E4       FreeLibrary
 0001:0001C2D8       FreeMemoryContexts
 0001:0003E858       FreeObjectInstance
 0001:000063F4       FreeResource
 0001:000006F8       FreeSpace
 0001:0000C464       FreeTerminateProcs
 0001:00014ED4       FreeThreadWindow
 0002:00002928       FRichEditModule
 0002:000028D4       FTimeStamp
 0002:000028CC       FTraceDataType
 0002:000028B0       FWriteEvent
 0002:000028B4       FWriteFinishedEvent
 0002:000028AC       FWriteLock
 0002:000028E8       FWriterCount
 0002:000028D8       FWriterThread
 0001:00068D64       Gauges
 0001:0000C580       GDAL
 0001:000195EC       GDICheck
 0001:00019544       GDIError
 0001:000068F4       GetActiveWindow
 0001:00045B98       GetAnimation
 0001:00066DF4       GetBitBtnGlyph
 0001:00006614       GetBitmapBits
 0001:00000478       GetBlockDesc
 0001:0000661C       GetBrushOrgEx
 0001:00006D64       GetBValue
 0001:000068FC       GetCapture
 0001:00025D88       GetCaptureControl
 0001:0000F568       GetClass
 0001:00006904       GetClassInfo
 0001:0000690C       GetClientRect
 0001:00006914       GetClipboardData
 0001:0001AFBC       GetClipboardFormats
 0001:00006624       GetClipBox
 0001:00000414       GetCmdShow
 0001:00034610       GetColor
 0001:000002FC       GetCommandLine
 0001:000008C4       GetCommitted
 0001:00000954       GetCommittedAt
 0001:0002C190       GetControlAtPos
 0001:00009580       GetCount
 0001:000063FC       GetCPInfo
 0001:0000662C       GetCurrentPositionEx
 0001:00006404       GetCurrentProcessId
 0001:0000640C       GetCurrentThreadId
 0001:00005694       GetCurrentThreadId
 0001:00006CE8       GetCurrentTime
 0001:0000691C       GetCursor
 0001:00047BA0       GetCursorHeightMargin
 0001:00006924       GetCursorPos
 0001:000095AC       GetDate
 0001:00006414       GetDateFormat
 0001:0000A1F8       GetDateOrder
 0001:0000692C       GetDC
 0001:00006934       GetDCEx
 0001:00006634       GetDCOrgEx
 0001:0001EE30       GetDefFontCharSet
 0001:00010CA8       GetDesigner
 0001:0000693C       GetDesktopWindow
 0001:0000664C       GetDeviceCaps
 0001:0001A54C       GetDIB
 0001:0000663C       GetDIBColorTable
 0001:00006644       GetDIBits
 0001:0001A494       GetDIBSizes
 0001:0001975C       GetDInColors
 0001:0000641C       GetDiskFreeSpaceA
 0002:00000194       GetDiskFreeSpaceEx
 0001:00006944       GetDlgItem
 0001:00032588       GetDockAlign
 0001:000266B0       GetDockSiteAtPos
 0001:00026990       GetDropCtl
 0001:00002028       GetDynaMethod
 0001:00006654       GetEnhMetaFileBits
 0001:0000665C       GetEnhMetaFileHeader
 0001:00006664       GetEnhMetaFilePaletteEntries
 0001:0000DA44       GetEnumNameValue
 0001:0000DA90       GetEnumValue
 0001:0000AC98       GetEraNamesAndYearOffsets
 0001:0000A280       GetEraYearOffset
 0001:0000D600       GetErrorInfo
 0001:0000B64C       GetExceptionClass
 0001:0000B82C       GetExceptionObject
 0001:00006424       GetExitCodeProcess
 0001:0000642C       GetExitCodeThread
 0001:0000F638       GetFieldClass
 0001:0000F4F0       GetFieldClassTable
 0001:0001AF9C       GetFileFormats
 0001:00000274       GetFileSize
 0001:0000026C       GetFileType
 0001:0000694C       GetFocus
 0001:00017CC4       GetFontData
 0001:00006954       GetForegroundWindow
 0001:0000C028       GetFormatSettings
 0001:00006D60       GetGValue
 0001:00017318       GetHashCode
 0001:00045984       GetHint
 0001:000459B4       GetHintControl
 0001:0003BE54       GetHotkey
 0001:0000695C       GetIconInfo
 0001:0004C268       GetIDsOfNames
 0001:00006974       GetKeyboardLayout
 0001:0000697C       GetKeyboardLayoutList
 0001:00006984       GetKeyboardState
 0001:00001CB4       GetKeyboardType
 0001:00006964       GetKeyNameText
 0001:0000696C       GetKeyState
 0001:0000698C       GetLastActivePopup
 0001:00000304       GetLastError
 0001:00006434       GetLastError
 0001:0000AA5C       GetLocaleChar
 0001:0000030C       GetLocaleInfo
 0001:00006444       GetLocaleInfo
 0001:0000AA10       GetLocaleStr
 0001:0000643C       GetLocalTime
 0001:00025D44       GetLongHint
 0001:00006994       GetMenu
 0001:00043424       GetMenuHelpContext
 0001:0000699C       GetMenuItemCount
 0001:000069A4       GetMenuItemID
 0001:000069AC       GetMenuItemInfo
 0001:00039110       GetMenuSize
 0001:000069B4       GetMenuState
 0001:000069BC       GetMenuString
 0001:0000644C       GetModuleFileName
 0001:00000314       GetModuleFileName
 0001:00006200       GetModuleFileName
 0001:0000031C       GetModuleHandle
 0001:00006454       GetModuleHandle
 0001:00006208       GetModuleHandle
 0002:000026DC       GetMonitorInfo
 0002:000026D4       GetMonitorInfoA
 0002:000026D8       GetMonitorInfoW
 0001:0000AAC0       GetMonthDayNames
 0001:000069C4       GetNextWindow
 0001:0000666C       GetObject
 0001:0004836C       GetOpenFileName
 0001:0000DB64       GetOrdProp
 0001:00006674       GetPaletteEntries
 0001:000069CC       GetParent
 0001:0003EAA4       GetParentForm
 0001:0000667C       GetPixel
 0001:00000324       GetProcAddress
 0001:0000645C       GetProcAddress
 0001:000069D4       GetProp
 0001:0000DAA4       GetPropInfo
 0001:0000DB10       GetPropInfos
 0001:0003EF64       GetRealScrollPosition
 0001:000345F0       GetRGBColor
 0001:00006D5C       GetRValue
 0001:000069DC       GetScrollInfo
 0001:000069E4       GetScrollPos
 0001:000069EC       GetScrollRange
 0001:00025D00       GetShortHint
 0001:0000061C       GetSpace
 0001:00000680       GetSpaceAt
 0001:00036DA8       GetSpecialName
 0001:0000032C       GetStartupInfo
 0001:0000027C       GetStdHandle
 0001:00006684       GetStockObject
 0001:000069F4       GetSubMenu
 0001:000069FC       GetSysColor
 0001:00006464       GetSystemInfo
 0001:00006A04       GetSystemMenu
 0001:00006A0C       GetSystemMetrics
 0002:000026C4       GetSystemMetrics
 0001:0000668C       GetSystemPaletteEntries
 0001:00006694       GetTextExtentPoint32
 0001:0000669C       GetTextMetrics
 0001:0000646C       GetThreadLocale
 0001:00000334       GetThreadLocale
 0001:00006474       GetTickCount
 0001:000095E4       GetTime
 0001:000460A8       GetTopMostWindows
 0001:00025E90       GetTopParent
 0001:00006A14       GetTopWindow
 0001:0000DA38       GetTypeData
 0001:0000487C       GetVarArray
 0001:0000647C       GetVersion
 0001:00006484       GetVersionEx
 0001:00006A1C       GetWindow
 0001:00006A24       GetWindowDC
 0001:00006A2C       GetWindowLong
 0001:000066AC       GetWindowOrgEx
 0001:00006A34       GetWindowPlacement
 0001:00006A3C       GetWindowRect
 0001:00006A44       GetWindowText
 0001:00006A4C       GetWindowThreadProcessId
 0001:000066A4       GetWinMetaFileBits
 0001:0000648C       GlobalAddAtom
 0001:00006494       GlobalAlloc
 0001:00006CF4       GlobalAllocPtr
 0001:0000649C       GlobalDeleteAtom
 0002:00002630       GlobalFixupList
 0001:00012934       GlobalFixupReferences
 0001:000064A4       GlobalFree
 0001:00006D20       GlobalFreePtr
 0001:000064B4       GlobalHandle
 0001:000064AC       GlobalLock
 0002:00002618       GlobalNameSpace
 0001:000064BC       GlobalReAlloc
 0001:00006D04       GlobalReAllocPtr
 0001:000064C4       GlobalUnlock
 0002:00001344       GlyphCache
 0002:00001314       GlyphCache
 0001:0001F2F8       Graphics
 0001:00068A00       Grids
 0002:00001154       GripStyles
 0002:0000036C       GUID_NULL
 0001:00013B68       HandleException
 0001:000238D8       HasAPicture
 0002:00000004       HeapAllocFlags
 0002:00002434       heapErrorCode
 0002:00002438       heapLock
 0001:00062FA0       HeightOf
 0002:00002820       HelpMsg
 0002:00000190       HexDisplayPrefix
 0001:00006A54       HideCaret
 0002:000006FC       HideSelections
 0002:000024DC       HInstance
 0002:000027F0       HintDoneEvent
 0001:00045A84       HintGetMsgHook
 0002:000027F4       HintHook
 0001:00045A28       HintMouseThread
 0002:000027F8       HintThread
 0002:000027EC       HintThreadID
 0001:000459D4       HintTimerProc
 0002:0000094C       HintWindowClass
 0001:00045AC8       HookHintHooks
 0002:00002984       HookList
 0002:00001220       HUN
 0001:00006DC8       HwndMSWheel
 0001:0005E748       IB
 0001:0005E308       IBAlloc
 0001:0005F048       IBBlob
 0002:0000285C       IBCS
 0001:0005F004       IBCustomDataSet
 0001:00060230       IBDatabase
 0002:00002878       IBDataBaseErrorMessages
 0001:0005FA80       IBDatabaseInfo
 0001:0005F0B8       IBDialogs
 0001:0005E860       IBErrorCodes
 0002:00000D28       IBErrorMessages
 0001:0005DED0       IBExternals
 0001:0005E828       IBHeader
 0001:0005DF08       IBInstallHeader
 0002:00002884       IBInstallLibrary
 0001:0005E7F0       IBIntf
 0002:00002880       IBLibrary
 0001:000602A0       IBQuery
 0002:000008E0       IBreaks
 0001:0005F214       IBServices
 0001:00060268       IBSQL
 0001:0005FA18       IBSQLMonitor
 0001:0005DE98       IBUtils
 0001:0005E300       IBXConst
 0002:000008EC       IChecks
 0002:000008F4       IDefaults
 0001:00017CB4       IdentToCharset
 0001:00017AAC       IdentToColor
 0001:00025CF0       IdentToCursor
 0001:0000FA3C       IdentToInt
 0002:000008FC       IEnables
 0001:00039E10       IfHotkeyAvailable
 0001:00062DB0       ImageListDrawDisabled
 0001:0001F768       ImageList_Add
 0001:0001F788       ImageList_AddIcon
 0001:0001F7B4       ImageList_BeginDrag
 0001:0001F750       ImageList_Create
 0001:0001F758       ImageList_Destroy
 0001:0001F7C4       ImageList_DragEnter
 0001:0001F7CC       ImageList_DragLeave
 0001:0001F7D4       ImageList_DragMove
 0001:0001F7E4       ImageList_DragShowNolock
 0001:0001F794       ImageList_Draw
 0001:0001F7A4       ImageList_DrawEx
 0001:0001F7BC       ImageList_EndDrag
 0001:0001F780       ImageList_GetBkColor
 0001:0001F7EC       ImageList_GetDragImage
 0001:0001F804       ImageList_GetIconSize
 0001:0001F760       ImageList_GetImageCount
 0001:0001F7F4       ImageList_Read
 0001:0001F7AC       ImageList_Remove
 0001:0001F79C       ImageList_Replace
 0001:0001F770       ImageList_ReplaceIcon
 0001:0001F778       ImageList_SetBkColor
 0001:0001F7DC       ImageList_SetDragCursorImage
 0001:0001F80C       ImageList_SetIconSize
 0001:0001F7FC       ImageList_Write
 0002:00000858       Images
 0001:00035E80       ImgList
 0001:00020010       Imm
 0002:00000834       IMM32DLL
 0001:0003300C       Imm32IsIME
 0002:000001C8       IMSecsPerDay
 0001:00006A5C       InflateRect
 0001:000688C8       IniFiles
 0001:00000B04       InitAllocator
 0001:0001F84C       InitAnApi
 0002:000026EC       InitApis
 0001:0001F6BC       InitComCtl
 0001:00060FE0       InitCommonControl
 0001:0001F6B4       InitCommonControls
 0001:0001F71C       InitCommonControlsEx
 0001:0004C694       InitComObj
 0001:0000FC48       InitComponent
 0002:000024A4       InitContext
 0001:00033094       InitControls
 0001:0003E794       InitCtl3D
 0001:0001EE74       InitDefFontData
 0001:0000C600       InitDriveSpacePtr
 0001:0000B938       InitExceptions
 0001:00020130       InitFlatSB
 0001:0004B62C       InitGlobals
 0001:0001A34C       InitializeBitmapInfoHeader
 0001:000064CC       InitializeCriticalSection
 0001:00000458       InitializeCriticalSection
 0002:00002430       initialized
 0001:00020108       InitializeFlatSB
 0001:000062BC       InitializeModule
 0001:00032CAC       InitIMM32
 0001:0000FCF0       InitInheritedComponent
 0001:0001FF34       InitMultiMonStubs
 0001:0000BA70       InitPlatformId
 0002:00002034       InitProc
 0001:0001EDF8       InitScreenLogPixels
 0001:0000BF70       InitSysLocale
 0001:00006228       InitThreadTLS
 0001:0000287C       InitUnits
 0001:00025A48       InitWndProc
 0002:000007E0       InnerStyles
 0002:00002050       Input
 0001:000454B4       InsertBefore
 0001:0002AD84       InsertBefore
 0001:00000EF8       InsertFree
 0001:00039EC4       InsertHotkeyFarEastFormat
 0001:00006A64       InsertMenu
 0001:00006A6C       InsertMenuItem
 0002:000027E4       InstBlockList
 0002:000027E8       InstFreeList
 0002:0000262C       IntConstList
 0001:0000040C       InterlockedDecrement
 0001:000063EC       InterlockedDecrement
 0001:00000404       InterlockedIncrement
 0001:000092E0       InternalDecodeDate
 0001:000172A4       InternalDeletePalette
 0001:00000D6C       InternalFreeMem
 0001:0001A49C       InternalGetDIB
 0001:0001A430       InternalGetDIBSizes
 0001:0000FAC0       InternalReadComponentRes
 0001:000066B4       IntersectClipRect
 0001:00006A74       IntersectRect
 0001:00008228       IntToHex
 0001:0000FA7C       IntToIdent
 0001:000081C4       IntToStr
 0001:000081F4       IntToStr
 0001:00006A7C       InvalidateRect
 0001:000194CC       InvalidBitmap
 0001:000194B4       InvalidGraphic
 0001:000194D8       InvalidIcon
 0001:000194E4       InvalidMetafile
 0001:0001949C       InvalidOperation
 0002:00002604       InvalidPointer
 0001:00001EE0       InvokeImplGetter
 0001:000018DC       IOResult
 0002:0000091C       IOwnerDraw
 0002:00000904       IRadios
 0002:00000914       IRTL
 0001:0003EA34       IsAccel
 0001:0003AF84       IsAccelChar
 0001:00026468       IsBeforeTargetWindow
 0001:00006A84       IsCharAlpha
 0001:00006A8C       IsCharAlphaNumeric
 0001:00006A94       IsChild
 0001:00006A9C       IsClipboardFormatAvailable
 0002:00002048       IsConsole
 0001:0000BD60       IsDelimiter
 0001:000268B4       IsDelphiHandle
 0001:00006AA4       IsDialogMessage
 0002:0000090C       ISeparators
 0001:0000D5D0       IsEqualIID
 0001:0006311C       IsForegroundTask
 0001:00006AAC       IsIconic
 0001:0003AFE0       IsInitialChar
 0001:0004E894       IsKatakana
 0001:00009168       IsLeapYear
 0002:00002028       IsLibrary
 0001:0004D054       IsLiteralChar
 0002:00002049       IsMultiThread
 0001:0000BD2C       IsPathDelimiter
 0001:00006AB4       IsRectEmpty
 0001:0002666C       IsSiteChildOfClient
 0001:0007148C       IsValidFloat
 0001:00008160       IsValidIdent
 0001:00006ABC       IsWindow
 0001:00006AC4       IsWindowEnabled
 0001:00006ACC       IsWindowVisible
 0001:00006AD4       IsZoomed
 0001:00037174       Iterate
 0001:000371D4       IterateMenus
 0002:0000000C       JITEnable
 0002:00003D94       KASSIR_NUM
 0002:00003D98       KASSIR_PASSWORD
 0001:0003E9E8       KeyboardStateToShiftState
 0001:0003E9AC       KeyDataToShiftState
 0001:0003E958       KeysToShiftState
 0001:00062FC8       KillMessage
 0001:00006ADC       KillTimer
 0001:000762C8       KkmElvesFr
 0001:000083BC       LastDelimiter
 0002:00000170       LeadBytes
 0001:00000468       LeaveCriticalSection
 0001:000064D4       LeaveCriticalSection
 0001:00063718       left
 0002:0000001C       LibModuleList
 0001:000066BC       LineTo
 0001:00027394       ListAdd
 0001:000273BC       ListRemove
 0002:000025F8       ListSeparator
 0001:00006AE4       LoadBitmap
 0001:0004BD34       LoadComExProcs
 0001:00006AEC       LoadCursor
 0001:00006AF4       LoadIcon
 0001:00006AFC       LoadKeyboardLayout
 0001:000064DC       LoadLibrary
 0001:0000033C       LoadLibraryEx
 0001:000064E4       LoadResource
 0001:00005204       LoadResourceModule
 0001:0000556C       LoadResString
 0001:00006B04       LoadString
 0001:00000344       LoadString
 0001:00000438       LocalAlloc
 0001:00006210       LocalAlloc
 0001:00000440       LocalFree
 0001:0000AA84       LocalGetLocaleStr
 0001:000064EC       LockResource
 0002:00002504       LongDateFormat
 0002:00002598       LongDayNames
 0002:0000254C       LongMonthNames
 0002:00002518       LongTimeFormat
 0001:00055634       LookupStored
 0001:0000657C       lstrcpy
 0001:0000034C       lstrcpy
 0001:00000354       lstrcpyn
 0001:0000035C       lstrlen
 0002:00002020       MainInstance
 0002:00002024       MainThreadID
 0001:000004C8       MakeEmpty
 0001:00002948       MakeErrorMessage
 0002:00000820       MakeLast
 0001:00006CDC       MakeLong
 0001:0003E7C0       MakeObjectInstance
 0001:00006D34       MakeROP4
 0001:00068BE8       MakeStr
 0001:0000B5CC       MapException
 0001:00002698       MapToRunError
 0001:00006B0C       MapVirtualKey
 0001:00006B14       MapWindowPoints
 0001:0004F0FC       Mask
 0002:00000840       Mask
 0001:000066C4       MaskBlt
 0001:0004CD24       MaskDoFormatText
 0002:00000B94       MaskFieldSeparator
 0001:0004CB34       MaskGetCharType
 0001:0004CC88       MaskGetCurrentDirectives
 0001:0004CF40       MaskGetMaskSave
 0001:0004CD04       MaskIntlLiteralToChar
 0002:00000B98       MaskNoSave
 0001:0004CFC0       MaskOffsetToOffset
 0001:00020050       Math
 0001:00062574       Max
 0001:00020018       Max
 0001:000412D0       MaximizedChildren
 0001:000625B4       MaxMin
 0002:00000024       MemoryManager
 0002:00000874       MenuKeyCaps
 0001:0003C024       Menus
 0001:00000518       MergeBlockAfter
 0001:00000FCC       MergeCommit
 0001:00006B1C       MessageBeep
 0001:000002DC       MessageBox
 0001:00006B24       MessageBox
 0001:00006F28       Messages
 0001:00063688       MESSBOX
 0002:00001248       MESSOKR
 0001:000324C0       Min
 0001:000103A8       Min
 0001:0005DE60       Min
 0001:0006257C       Min
 0001:00063004       MinimizeText
 0001:0002A6B0       MinVar
 0002:000026F4       MMAvailable
 0002:00000838       ModeMap
 0001:00042E30       ModifySystemMenu
 0002:00000108       Module
 0002:000024D1       ModuleIsCpp
 0002:000024D0       ModuleIsLib
 0001:0001630C       ModuleUnload
 0002:00000020       ModuleUnloadList
 0002:000026D0       MonitorFromPoint
 0002:000026CC       MonitorFromRect
 0002:000026C8       MonitorFromWindow
 0002:00000FC8       MonitorHookNames
 0002:00000140       MonthDays
 0002:00002750       Mouse
 0001:000018F4       Move
 0001:000066CC       MoveToEx
 0001:000273DC       MoveWindowOrg
 0001:00008FFC       MSecsToTimeStamp
 0001:00006B2C       MsgWaitForMultipleObjects
 0001:000064F4       MulDiv
 0001:000064FC       MultiByteToWideChar
 0001:00000364       MultiByteToWideChar
 0001:0001FFD0       MultiMon
 0001:0005C110       NativeToDateTime
 0002:0000283C       NeedToUninitialize
 0002:000024F9       NegCurrFormat
 0001:00001058       NewCommit
 0001:00001084       NewCommitAt
 0001:00007E68       NewStr
 0002:00002754       NewStyleControls
 0002:00000390       NilMethod
 0002:00000010       NoErrMsg
 0001:00037EA0       NormalDraw
 0001:00002250       NotifyAnyExcept
 0001:00010D40       NotifyDesigner
 0001:0005C584       NotifyDetails
 0001:00002228       NotifyExcept
 0001:00002284       NotifyExceptFinally
 0001:0000FBA4       NotifyGlobalLoading
 0001:00005490       NotifyModuleUnload
 0001:00002208       NotifyNonDelphiException
 0001:0000223C       NotifyOnExcept
 0001:000021EC       NotifyReRaise
 0001:000022AC       NotifyTerminate
 0001:000022C8       NotifyUnhandled
 0001:0000946C       Now
 0001:0003A9C0       NthParentOf
 0002:00002404       Null
 0002:00000124       NullStr
 0002:00000704       OEMConverts
 0001:00006B34       OemToAnsi
 0001:00006B3C       OffsetRect
 0001:0004CFF8       OffsetToMaskOffset
 0001:000631E8       Okrug
 0001:0004BB78       OleCheck
 0001:0004BB5C       OleError
 0001:000038A0       OleStrToStrVar
 0002:00002830       OleUninitializing
 0001:00004080       OleVarFromAny
 0002:000011BC       ONE
 0001:00006B44       OpenClipboard
 0002:00000AA8       OpenOptions
 0002:00000080       OpTypeMap
 0002:00000818       OrientArray
 0002:000007F0       OuterStyles
 0002:00002600       OutOfMemory
 0001:000194F0       OutOfResources
 0002:0000221C       Output
 0001:0004D214       PadInputLiterals
 0001:0004D07C       PadSubField
 0001:0006CD34       PaintComboEdit
 0002:00000684       Pal16
 0001:00017688       PaletteChanged
 0001:00019CDC       PaletteFromDIBColorTable
 0001:00019D80       PaletteToDIBColorTable
 0002:00000680       PalSize
 0001:00030878       ParentNotLast
 0002:000006E0       Passwords
 0001:000066D4       PatBlt
 0002:000026B0       PatternManager
 0001:00006B4C       PeekMessage
 0002:000026A4       PenManager
 0002:00000650       PenModes
 0002:00000630       PenStyles
 0001:0006C774       PickDate
 0001:00068EAC       Placemnt
 0001:000066DC       PlayEnhMetaFile
 0001:0000F4A0       Point
 0001:00006D7C       PointToSmallPoint
 0002:00001168       POL1S
 0002:00001174       POL2S
 0001:000066E4       Polyline
 0002:000027C8       PopupList
 0001:00006B54       PostMessage
 0001:00006B5C       PostQuitMessage
 0001:000632AC       pow
 0002:00000CC0       Power10
 0001:00063188       POWT_SYM
 0001:000200CC       Printers
 0001:000443D8       ProcessExecute
 0001:0003EC64       ProcessHorz
 0001:000444D8       ProcessUpdate
 0001:0003ECD0       ProcessVert
 0001:0004BB90       ProgIDToClassID
 0002:00001328       ProgressList
 0001:00012C44       PropertyNotFound
 0001:00013C68       PropPathError
 0002:000009A4       Props
 0001:00012C38       PropValueError
 0001:00006B64       PtInRect
 0002:0000278C       QualifyingSites
 0001:0000B574       RaiseAssertException
 0001:00000284       RaiseException
 0001:0004C348       RaiseException
 0001:0000C3A0       RaiseLastWin32Error
 0001:00001818       RaiseList
 0001:0004C234       RaiseNameException
 0002:00002044       RandSeed
 0001:0003145C       ReadControlName
 0001:00012C20       ReadError
 0001:0000028C       ReadFile
 0001:00006504       ReadFile
 0001:0001A02C       ReadIcon
 0002:000006E8       ReadOnlys
 0001:00013EE0       ReadVariantProp
 0001:000066EC       RealizePalette
 0001:00013290       Recover
 0001:0000F4B8       Rect
 0001:000066FC       Rectangle
 0001:000066F4       RectVisible
 0002:000023F0       RefAnyProc
 0001:00006374       RegCloseKey
 0001:0000036C       RegCloseKey
 0001:0000F704       RegisterClass
 0001:00006B6C       RegisterClass
 0001:0000F800       RegisterClasses
 0001:00006B74       RegisterClipboardFormat
 0001:0004BC34       RegisterComServer
 0001:00072DD0       RegisterDllByFileName
 0001:000267FC       RegisterDockSite
 0001:00072CC8       RegisterExeByFileName
 0001:0000F98C       RegisterIntegerConsts
 0001:000054EC       RegisterModule
 0001:00006B7C       RegisterWindowMessage
 0001:00068930       Registry
 0001:0000637C       RegOpenKeyEx
 0001:00000374       RegOpenKeyEx
 0001:0000037C       RegQueryValueEx
 0001:00006384       RegQueryValueEx
 0001:000482BC       RegStr
 0001:000630CC       ReleaseBitmap
 0001:00006B84       ReleaseCapture
 0001:00006B8C       ReleaseDC
 0001:0000650C       ReleaseMutex
 0002:00002488       remBytes
 0001:0000058C       RemoveBlock
 0001:00012AF0       RemoveFixupReferences
 0001:00012B9C       RemoveFixups
 0001:00012E74       RemoveGlobalFixup
 0001:00006B94       RemoveMenu
 0001:00005408       RemoveModuleUnloadProc
 0001:00005430       RemoveModuleUnloadProc
 0001:00006B9C       RemoveProp
 0001:000150CC       RemoveThread
 0001:0005B050       RenameFields
 0001:00068A08       ReplaceStr
 0001:00006514       ResetEvent
 0001:00001504       ResizeInPlace
 0001:000630E8       ResStr
 0001:00006704       RestoreDC
 0001:0000651C       ResumeThread
 0001:00011194       ReturnAddr
 0001:00036D48       ReturnAddr
 0001:0000B1A4       ReturnAddr
 0001:0000FE80       ReturnAddr
 0001:00006D40       RGB
 0001:00019A5C       RGBQuadToTriple
 0001:00019A24       RGBTripleToQuad
 0001:000602D8       RichEdit
 0002:00002484       rover
 0001:0000C5E4       RPR
 0002:0000113C       RTFConversionFormat
 0002:0000115C       RTLReading
 0001:00000294       RtlUnwind
 0002:00000034       runErrMsg
 0001:0000268C       RunErrorAt
 0001:000705F8       RxCalc
 0001:00062684       RXCConst
 0001:000625EC       RXConst
 0001:0006C6F8       RXCtrls
 0001:000689BC       RxHook
 0001:00068DA8       RxPrgrss
 0001:00068E74       RXProps
 0001:000667D0       RXSpin
 0001:00068968       RxTimer
 0001:000003DC       SafeArrayAccessData
 0001:000003CC       SafeArrayCreate
 0001:000003EC       SafeArrayGetElement
 0001:000003D4       SafeArrayGetUBound
 0001:000003F4       SafeArrayPtrOfIndex
 0001:000003FC       SafeArrayPutElement
 0001:000003E4       SafeArrayUnaccessData
 0001:0004BE38       SafeCallError
 0002:00002014       SafeCallErrorProc
 0001:0000C7C0       SafeLoadLibrary
 0001:00007F84       SameText
 0001:0000670C       SaveDC
 0002:00002838       SaveInitProc
 0001:0000A07C       ScanBlanks
 0001:0000A1C0       ScanChar
 0001:0000A330       ScanDate
 0001:0000A0A0       ScanNumber
 0001:0000A134       ScanString
 0001:0000A66C       ScanTime
 0001:0000A244       ScanToNumber
 0002:000027DC       Screen
 0002:0000265C       ScreenLogPixels
 0001:00006BA4       ScreenToClient
 0001:0003EE1C       ScrollBarVisible
 0001:00006BAC       ScrollWindow
 0001:000010B8       SearchSmallBlocks
 0001:00006714       SelectObject
 0001:0000671C       SelectPalette
 0001:00025B1C       SendAppMessage
 0001:0003E6A8       SendFocusMessage
 0001:00006BB4       SendMessage
 0002:000008D8       Separators
 0001:00006BBC       SetActiveWindow
 0001:00045BC8       SetAnimation
 0001:00006724       SetBkColor
 0001:0000672C       SetBkMode
 0001:00006734       SetBrushOrgEx
 0001:00006BC4       SetCapture
 0001:00025DB0       SetCaptureControl
 0001:00006BCC       SetClassLong
 0001:00006BD4       SetClipboardData
 0001:00013400       SetCompName
 0001:00006BDC       SetCursor
 0001:0006E8D8       SetDefaultFont
 0001:0000673C       SetDIBColorTable
 0001:0000029C       SetEndOfFile
 0001:00006524       SetEndOfFile
 0001:00006744       SetEnhMetaFileBits
 0001:0000652C       SetErrorMode
 0001:00006534       SetEvent
 0001:000027D4       SetExceptionHandler
 0001:0000653C       SetFilePointer
 0001:000002A4       SetFilePointer
 0001:0000DDE8       SetFloatProp
 0001:00006BE4       SetFocus
 0001:00006BEC       SetForegroundWindow
 0001:00032F30       SetImeMode
 0001:00001888       SetInOutRes
 0001:0000DF0C       SetInt64Prop
 0001:00013E58       SetIntIdent
 0001:00006BF4       SetKeyboardState
 0001:0000DCD0       SetLongStrProp
 0001:00006BFC       SetMenu
 0001:00006C04       SetMenuItemInfo
 0001:0000DED4       SetMethodProp
 0001:00013EA0       SetObjectIdent
 0001:0000DBD8       SetOrdProp
 0001:0000674C       SetPixel
 0001:00006C0C       SetProp
 0001:00006C14       SetRect
 0001:00006754       SetROP2
 0001:00006C1C       SetScrollInfo
 0001:00006C24       SetScrollPos
 0001:00006C2C       SetScrollRange
 0001:0000DC34       SetShortStrProp
 0001:0000DC88       SetShortStrPropAsLongStr
 0001:0000675C       SetStretchBltMode
 0001:0000DDBC       SetStrProp
 0001:00006764       SetTextColor
 0001:00006544       SetThreadLocale
 0001:00006C34       SetTimer
 0001:00070310       SetupPopupCalculator
 0001:0000DE94       SetVariantProp
 0001:0000676C       SetViewportOrgEx
 0001:000478B0       SetVisible
 0001:0000DD24       SetWideStrProp
 0001:0000DD64       SetWideStrPropAsLongStr
 0001:00006C3C       SetWindowLong
 0001:0000677C       SetWindowOrgEx
 0001:00006C44       SetWindowPlacement
 0001:00006C4C       SetWindowPos
 0001:00006C5C       SetWindowsHookEx
 0001:00006C54       SetWindowText
 0001:00006774       SetWinMetaFileBits
 0002:000001A8       ShareMode
 0001:00048284       ShellAPI
 0002:00002924       ShellModule
 0001:00048364       ShlObj
 0001:00036D70       ShortCut
 0002:000027CC       ShortCutItems
 0001:00036DFC       ShortCutToText
 0002:00002500       ShortDateFormat
 0002:0000257C       ShortDayNames
 0002:0000251C       ShortMonthNames
 0002:00002514       ShortTimeFormat
 0001:00006C64       ShowCaret
 0002:000009EC       ShowCommands
 0002:000009F8       ShowCommands
 0002:000009E0       ShowCommands
 0001:00006C6C       ShowCursor
 0001:0000B12C       ShowException
 0002:00000A84       ShowFlags
 0002:000007D8       ShowFlags
 0001:0003E448       ShowMDIClientEdge
 0001:00006C74       ShowOwnedPopups
 0001:00006C7C       ShowScrollBar
 0001:00006C84       ShowWindow
 0001:00045BF0       ShowWinNoAnimate
 0002:0000082C       SizeCursors
 0001:0000654C       SizeofResource
 0001:00014920       SkipBinary
 0001:000148CC       SkipBytes
 0001:00014948       SkipCollection
 0001:000148A4       SkipList
 0001:00006554       Sleep
 0001:0000F4A8       SmallPoint
 0001:00006D68       SmallPointToPoint
 0002:00002490       smallTab
 0001:00063868       SPACE
 0002:00002458       spaceRoot
 0002:00000F98       SPBConstantNames
 0002:00001330       sPropNameDelimiter
 0001:00023B98       StdActns
 0001:0002327C       StdCtrls
 0001:0005E898       StdVCL
 0001:0003E798       StdWndProc
 0002:00002664       StockBrush
[...]
 0001:00074138       Finalization
 0001:00074188       Elves_Unit
 0001:0007438C       TADD_SUMM.BtnCancelClick
 0001:00074394       TADD_SUMM.FormShow
 0001:0007439C       TADD_SUMM.BtnOkClick
 0001:00074430       TADD_SUMM.FormKeyPress
 0001:0007446C       Finalization
 0001:0007449C       AddSumm
 0001:000746A0       TDEC_SUMM.BtnCancelClick
 0001:000746A8       TDEC_SUMM.FormShow
 0001:000746B0       TDEC_SUMM.BtnOkClick
 0001:00074744       TDEC_SUMM.FormKeyPress
 0001:00074780       Finalization
 0001:000747B0       DecSumm
 0001:00074A0C       TChange_kassir.FormShow
 0001:00074A14       TChange_kassir.FormKeyPress
 0001:00074A54       TChange_kassir.BtnOkClick
 0001:00074A64       TChange_kassir.passwordKeyPress
 0001:00074A90       TChange_kassir.BtnCancelClick
 0001:00074A98       Finalization
 0001:00074AC8       ChangeKassir
 0001:00075160       TForm1.FormCreate
 0001:000751D8       TForm1.Button2Click
 0001:000751E0       TForm1.Button3Click
 0001:00075200       TForm1.FormActivate
 0001:00075224       TForm1.Button6Click
 0001:00075244       TForm1.Button7Click
 0001:00075260       TForm1.getStatus
 0001:00075490       TForm1.FastAddSummExecute
 0001:0007550C       TForm1.FastDecSummExecute
 0001:00075588       TForm1.Button9Click
 0001:000755B8       TForm1.FastChangeKassirExecute
 0001:000756E8       TForm1.FastCancelCheckExecute
 0001:00075854       TForm1.FastRegCheckExecute
 0001:000758E4       TForm1.NAMEKeyPress
 0001:00075958       TForm1.MONEYKeyPress
 0001:000759CC       TForm1.KOLVOKeyPress
 0001:00075A40       TForm1.SEKKeyPress
 0001:00075C2C       TForm1.NALKeyPress
 0001:00075DA0       TForm1.FastCloseCheckExecute
 0001:00075DC0       TForm1.Timer1Timer
 0001:00075DD8       TForm1.Timer_nameTimer
 0001:00075DF0       TForm1.Timer_moneyTimer
 0001:00075E08       TForm1.Timer_kolvoTimer
 0001:00075E20       TForm1.Timer_sekTimer
 0001:00075E38       TForm1.Timer_nalTimer
 0001:00075E50       TForm1.Button4Click
 0001:00075E70       TForm1.Button5Click
 0001:00075E90       TForm1.Button8Click
 0001:00075EBC       TForm1.FastWozwCheckExecute
 0001:00075F4C       Finalization
 0001:00075F88       Unit1
 0001:00075F90       Finalization
 0001:000762C8       KkmElvesFr
 0002:00000000       Default8087CW
 0002:00000004       HeapAllocFlags
 0002:00000008       DebugHook
 0002:0000000C       JITEnable
 0002:00000010       NoErrMsg
 0002:00000014       VarDispProc
 0002:00000018       DispCallByIDProc
 0002:0000001C       LibModuleList
 0002:00000020       ModuleUnloadList
 0002:00000024       MemoryManager
 0002:00000030       cwChop
 0002:00000034       runErrMsg
 0002:00000054       errCaption
 0002:0000005C       dig
 0002:0000006C       BaseTypeMap
 0002:00000080       OpTypeMap
 0002:000000C0       C10000
 0002:000000C4       .
 0002:00000108       Module
 0002:00000120       EmptyStr
 0002:00000124       NullStr
 0002:00000128       Win32Platform
 0002:0000012C       Win32MajorVersion
 0002:00000130       Win32MinorVersion
 0002:00000134       Win32BuildNumber
 0002:00000138       Win32CSDVersion
 0002:0000013C       TwoDigitYearCenturyWindow
 0002:00000140       MonthDays
 0002:00000170       LeadBytes
 0002:00000190       HexDisplayPrefix
 0002:00000194       GetDiskFreeSpaceEx
 0002:00000198       ExitProcList
 0002:0000019C       AccessMode
 0002:000001A8       ShareMode
 0002:000001BC       FormatErrorStrs
 0002:000001C4       FMSecsPerDay
 0002:000001C8       IMSecsPerDay
 0002:000001CC       Format
 0002:000001D0       DefShortMonthNames
 0002:00000200       DefLongMonthNames
 0002:00000230       DefShortDayNames
 0002:0000024C       DefLongDayNames
 0002:00000268       ErrorMap
 0002:000002A0       ExceptMap
 0002:00000350       TerminateProcList
 0002:00000354       AL1s
 0002:00000360       AL2s
 0002:0000036C       GUID_NULL
 0002:0000037C       BooleanIdents
 0002:00000384       DotSep
 0002:00000388       C10000
 0002:0000038C       FilerSignature
 0002:00000390       NilMethod
 0002:00000398       ValTtoVarT
 0002:000003E8       ThreadWindowClass
 0002:00000410       DefFontData
 0002:0000043C       DDBsOnly
 0002:00000440       Colors
 0002:00000590       FontCharsets
 0002:00000620       DefPenData
 0002:00000630       PenStyles
 0002:00000640       DefBrushData
 0002:00000650       PenModes
 0002:00000670       ClipboardFormats
 0002:00000674       FileFormats
 0002:00000678       BitmapCanvasList
 0002:0000067C       DIBPalSizes
 0002:00000680       PalSize
 0002:00000684       Pal16
 0002:000006C4       FPrinter
 0002:000006C8       BorderStyles
 0002:000006D0       Alignments
 0002:000006D8       WordWraps
 0002:000006DC       WordWraps
 0002:000006E0       Passwords
 0002:000006E8       ReadOnlys
 0002:000006F0       CharCases
 0002:000006FC       HideSelections
 0002:00000704       OEMConverts
 0002:0000070C       ButtonStyles
 0002:00000714       CreationControl
 0002:00000718       DefaultDockTreeClass
 0002:0000071C       AnchorAlign
 0002:00000724       Cursors
 0002:000007D4       CaptureControl
 0002:000007D8       ShowFlags
 0002:000007DC       WindowPos
 0002:000007E0       InnerStyles
 0002:000007F0       OuterStyles
 0002:00000800       EdgeStyles
 0002:00000810       Ctl3DStyles
 0002:00000818       OrientArray
 0002:00000820       MakeLast
 0002:00000828       TreeStreamEndFlag
 0002:0000082C       SizeCursors
 0002:00000834       IMM32DLL
 0002:00000838       ModeMap
 0002:00000840       Mask
 0002:00000848       DrawingStyles
 0002:00000858       Images
 0002:00000860       ValidMenuHotkeys
 0002:00000864       cMenuAutoFlagToItem
 0002:00000868       cItemAutoFlagToMenu
 0002:0000086C       cBooleanToItemAutoFlag
 0002:00000870       cItemAutoFlagToBoolean
 0002:00000874       MenuKeyCaps
 0002:000008BC       Checks
 0002:000008C4       Enables
 0002:000008CC       Breaks
 0002:000008D8       Separators
 0002:000008E0       IBreaks
 0002:000008EC       IChecks
 0002:000008F4       IDefaults
 0002:000008FC       IEnables
 0002:00000904       IRadios
 0002:0000090C       ISeparators
 0002:00000914       IRTL
 0002:0000091C       IOwnerDraw
 0002:00000924       Alignments
 0002:0000092C       EdgeStyle
 0002:00000934       Alignments
 0002:0000093C       Flags
 0002:00000948       Buttons
 0002:0000094C       HintWindowClass
 0002:00000950       FocusMessages
 0002:00000954       FocusCount
 0002:00000958       TaskActiveWindow
 0002:0000095C       TaskFirstWindow
 0002:00000960       TaskFirstTopMost
 0002:00000964       TaskWindowList
 0002:00000968       BlockCode
 0002:0000096C       UtilWindowClass
 0002:00000994       SysConsts
 0002:0000099C       SysConsts
 0002:000009A4       Props
 0002:000009CC       Styles
 0002:000009D8       BorderStyles
 0002:000009E0       ShowCommands
 0002:000009EC       ShowCommands
 0002:000009F8       ShowCommands
 0002:00000A04       CursorMap
 0002:00000A58       WindowClass
 0002:00000A80       AppVisible
 0002:00000A84       ShowFlags
 0002:00000A88       BorderStyles
 0002:00000A90       Alignments
 0002:00000A9C       ForceCurrentDirectory
 0002:00000AA0       CreationControl
 0002:00000AA4       WndProcPtrAtom
 0002:00000AA8       OpenOptions
 0002:00000AF8       Captions
 0002:00000B0C       ButtonNames
 0002:00000B38       ButtonCaptions
 0002:00000B64       CoCreateInstanceEx
 0002:00000B68       CoInitializeEx
 0002:00000B6C       CoAddRefServerProcess
 0002:00000B70       CoReleaseServerProcess
 0002:00000B74       CoResumeClassObjects
 0002:00000B78       CoSuspendClassObjects
 0002:00000B7C       CoInitFlags
 0002:00000B80       ThreadStrs
 0002:00000B90       DefaultBlank
 0002:00000B94       MaskFieldSeparator
 0002:00000B98       MaskNoSave
 0002:00000B9C       ArrowKey
 0002:00000BA0       DefaultFieldClasses
 0002:00000C30       FieldTypeNames
 0002:00000CC0       Power10
 0002:00000CD0       FConst10
 0002:00000CD4       CWNear
 0002:00000CD8       TypeSizes
 0002:00000CFC       Events
 0002:00000D00       Values
 0002:00000D04       BaseFieldTypes
 0002:00000D28       IBErrorMessages
 0002:00000F08       DefaultFieldClasses
 0002:00000F98       SPBConstantNames
 0002:00000FC8       MonitorHookNames
 0002:00000FE0       DPBConstantNames
 0002:000010EC       TPBConstantNames
 0002:0000113C       RTFConversionFormat
 0002:00001148       TextConversionFormat
 0002:00001154       GripStyles
 0002:0000115C       RTLReading
 0002:00001164       DrawBitmap
 0002:00001168       POL1S
 0002:00001174       POL2S
 0002:00001180       STUP
 0002:000011BC       ONE
 0002:000011D8       DC11
 0002:00001200       DEC
 0002:00001220       HUN
 0002:00001248       MESSOKR
 0002:00001278       Alignments
 0002:00001290       BitBtnResNames
 0002:000012BC       BitBtnCaptions
 0002:000012E8       BitBtnModalResults
 0002:00001314       GlyphCache
 0002:00001318       Values
 0002:00001320       Values
 0002:00001328       ProgressList
 0002:0000132C       DefCompanyName
 0002:00001330       sPropNameDelimiter
 0002:00001334       Alignments
 0002:0000133C       WordWraps
 0002:00001340       FCheckBitmap
 0002:00001344       GlyphCache
 0002:00001348       ButtonCount
 0002:0000134C       AlignStyle
 0002:00001364       Alignments
 0002:00001370       CaretWidth
 0002:00001374       FileBitmap
 0002:00001378       DateBitmap
 0002:0000137C       BtnPos
 0002:0000154C       BtnCaptions
 0002:0000158C       BtnGlyphs
 0002:000015D4       Ctl3DStyle
 0002:000015D8       Ctl3DBevel
 0002:000015DC       Ctl3DBorder
 0002:000015E0       CalcBitmap
 0002:000015E4       Elves_rezim
 0002:00002000       ExceptProc
 0002:00002004       ErrorProc
 0002:00002008       ExceptClsProc
 0002:0000200C       ExceptObjProc
 0002:00002010       ExceptionClass
 0002:00002014       SafeCallErrorProc
 0002:00002018       AssertErrorProc
 0002:0000201C       AbstractErrorProc
 0002:00002020       MainInstance
 0002:00002024       MainThreadID
 0002:00002028       IsLibrary
 0002:0000202C       CmdShow
 0002:00002030       CmdLine
 0002:00002034       InitProc
 0002:00002038       ExitCode
 0002:0000203C       ExitProc
 0002:00002040       ErrorAddr
 0002:00002044       RandSeed
 0002:00002048       IsConsole
 0002:00002049       IsMultiThread
 0002:0000204A       FileMode
 0002:0000204B       Test8086
 0002:0000204C       Test8087
 0002:00002050       Input
 0002:0000221C       Output
 0002:000023E8       ClearAnyProc
 0002:000023EC       ChangeAnyProc
 0002:000023F0       RefAnyProc
 0002:000023F4       Unassigned
 0002:00002404       Null
 0002:00002414       EmptyParam
 0002:00002424       AllocMemCount
 0002:00002428       AllocMemSize
 0002:0000242C       .3
 0002:00002430       initialized
 0002:00002434       heapErrorCode
 0002:00002438       heapLock
 0002:00002450       blockDescBlockList
 0002:00002454       blockDescFreeList
 0002:00002458       spaceRoot
 0002:00002468       decommittedRoot
 0002:00002478       avail
 0002:00002484       rover
 0002:00002488       remBytes
 0002:0000248C       curAlloc
 0002:00002490       smallTab
 0002:00002494       committedRoot
 0002:000024A4       InitContext
 0002:000024D0       ModuleIsLib
 0002:000024D1       ModuleIsCpp
 0002:000024D4       TlsIndex
 0002:000024DC       HInstance
 0002:000024E0       .1
 0002:000024E4       TlsBuffer
 0002:000024E8       .3
 0002:000024EC       .1
 0002:000024F0       .1
 0002:000024F4       CurrencyString
 0002:000024F8       CurrencyFormat
 0002:000024F9       NegCurrFormat
 0002:000024FA       ThousandSeparator
 0002:000024FB       DecimalSeparator
 0002:000024FC       CurrencyDecimals
 0002:000024FD       DateSeparator
 0002:00002500       ShortDateFormat
 0002:00002504       LongDateFormat
 0002:00002508       TimeSeparator
 0002:0000250C       TimeAMString
 0002:00002510       TimePMString
 0002:00002514       ShortTimeFormat
 0002:00002518       LongTimeFormat
 0002:0000251C       ShortMonthNames
 0002:0000254C       LongMonthNames
 0002:0000257C       ShortDayNames
 0002:00002598       LongDayNames
 0002:000025B4       SysLocale
 0002:000025C0       EraNames
 0002:000025DC       EraYearOffsets
 0002:000025F8       ListSeparator
 0002:000025FC       .44
 0002:00002600       OutOfMemory
 0002:00002604       InvalidPointer
 0002:00002608       FLanguages
 0002:0000260C       .3
 0002:00002610       .1
 0002:00002614       .5
 0002:00002618       GlobalNameSpace
 0002:0000261C       FindGlobalComponent
 0002:00002620       .84
 0002:00002624       ClassList
 0002:00002628       ClassAliasList
 0002:0000262C       IntConstList
 0002:00002630       GlobalFixupList
 0002:00002634       ThreadLock
 0002:0000264C       ThreadWindow
 0002:00002650       ThreadCount
 0002:00002654       SystemPalette16
 0002:00002658       .81
 0002:0000265C       ScreenLogPixels
 0002:00002660       StockPen
 0002:00002664       StockBrush
 0002:00002668       StockFont
 0002:0000266C       StockIcon
 0002:00002670       BitmapImageLock
 0002:00002688       CounterLock
 0002:000026A0       FontManager
 0002:000026A4       PenManager
 0002:000026A8       BrushManager
 0002:000026AC       CanvasList
 0002:000026B0       PatternManager
 0002:000026B4       .9
 0002:000026B8       .1
 0002:000026BC       ComCtl32DLL
 0002:000026C0       _InitCommonControlsEx
 0002:000026C4       GetSystemMetrics
 0002:000026C8       MonitorFromWindow
 0002:000026CC       MonitorFromRect
 0002:000026D0       MonitorFromPoint
 0002:000026D4       GetMonitorInfoA
 0002:000026D8       GetMonitorInfoW
 0002:000026DC       GetMonitorInfo
 0002:000026E0       EnumDisplayMonitors
 0002:000026E4       .1
 0002:000026E8       User32Dll
 0002:000026EC       InitApis
 0002:000026F4       MMAvailable
 0002:000026F8       .1
 0002:000026FC       .2
 0002:00002700       .3
 0002:00002704       .3
 0002:00002708       FlatSB_EnableScrollBar
 0002:0000270C       FlatSB_ShowScrollBar
 0002:00002710       FlatSB_GetScrollRange
 0002:00002714       FlatSB_GetScrollInfo
 0002:00002718       FlatSB_GetScrollPos
 0002:0000271C       FlatSB_SetScrollPos
 0002:00002720       FlatSB_SetScrollInfo
 0002:00002724       FlatSB_SetScrollRange
 0002:00002728       .1
 0002:0000272C       _FlatSB_GetScrollProp
 0002:00002730       _FlatSB_SetScrollProp
 0002:00002734       _InitializeFlatSB
 0002:00002738       _UninitializeFlatSB
 0002:0000273C       .22
 0002:00002740       CF_PICTURE
 0002:00002742       CF_COMPONENT
 0002:00002744       .2
 0002:00002748       FClipboard
 0002:0000274C       .02
 0002:00002750       Mouse
 0002:00002754       NewStyleControls
 0002:00002758       .22
 0002:0000275C       WindowAtom
 0002:0000275E       ControlAtom
 0002:00002760       DragControl
 0002:00002764       DragObject
 0002:00002768       DragFreeObject
 0002:0000276C       DragCapture
 0002:00002770       DragStartPos
 0002:00002778       DragSaveCursor
 0002:0000277C       DragThreshold
 0002:00002780       ActiveDrag
 0002:00002784       DragImageList
 0002:00002788       DockSiteList
 0002:0000278C       QualifyingSites
 0002:00002790       CanvasList
 0002:00002794       _WINNLSEnableIME
 0002:00002798       _ImmGetContext
 0002:0000279C       _ImmReleaseContext
 0002:000027A0       _ImmGetConversionStatus
 0002:000027A4       _ImmSetConversionStatus
 0002:000027A8       _ImmSetOpenStatus
 0002:000027AC       _ImmSetCompositionWindow
 0002:000027B0       _ImmSetCompositionFont
 0002:000027B4       _ImmGetCompositionString
 0002:000027B8       _ImmIsIME
 0002:000027BC       _ImmNotifyIME
 0002:000027C0       .7
 0002:000027C4       .3
 0002:000027C8       PopupList
 0002:000027CC       ShortCutItems
 0002:000027D0       .9
 0002:000027D4       CommandPool
 0002:000027D8       Application
 0002:000027DC       Screen
 0002:000027E0       .51
 0002:000027E4       InstBlockList
 0002:000027E8       InstFreeList
 0002:000027EC       HintThreadID
 0002:000027F0       HintDoneEvent
 0002:000027F4       HintHook
 0002:000027F8       HintThread
 0002:000027FC       .1
 0002:00002800       .1
 0002:00002804       .1
 0002:00002808       .1
 0002:0000280C       .1
 0002:00002810       .1
 0002:00002814       .61
 0002:00002818       .1
 0002:0000281C       .01
 0002:00002820       HelpMsg
 0002:00002824       FindMsg
 0002:00002828       .1
 0002:0000282C       .61
 0002:00002830       OleUninitializing
 0002:00002834       ComClassManagerVar
 0002:00002838       SaveInitProc
 0002:0000283C       NeedToUninitialize
 0002:00002840       .1
 0002:00002844       .6
 0002:00002848       .16
 0002:0000284C       .1
 0002:00002850       .1
 0002:00002854       .1
 0002:00002858       .1
 0002:0000285C       IBCS
 0002:00002874       .6
 0002:00002878       IBDataBaseErrorMessages
 0002:0000287C       .1
 0002:00002880       IBLibrary
 0002:00002884       IBInstallLibrary
 0002:00002888       .1
 0002:0000288C       .1
 0002:00002890       .1
 0002:00002894       .01
 0002:00002898       .2
 0002:0000289C       .2
 0002:000028A0       .1
 0002:000028A4       .23
 0002:000028A8       .3
 0002:000028AC       FWriteLock
 0002:000028B0       FWriteEvent
 0002:000028B4       FWriteFinishedEvent
 0002:000028B8       FReadEvent
 0002:000028BC       FReadFinishedEvent
 0002:000028C0       FBuffer
 0002:000028C4       FMonitorCount
 0002:000028C8       FReaderCount
 0002:000028CC       FTraceDataType
 0002:000028D0       FBufferSize
 0002:000028D4       FTimeStamp
 0002:000028D8       FWriterThread
 0002:000028DC       FReaderThread
 0002:000028E0       _MonitorHook
 0002:000028E4       bDone
 0002:000028E8       FWriterCount
 0002:000028EC       CS
 0002:00002904       .2
 0002:00002908       .7
 0002:0000290C       .11
 0002:00002910       .2
 0002:00002914       .1
 0002:00002918       .4
 0002:0000291C       .1
 0002:00002920       .45
 0002:00002924       ShellModule
 0002:00002928       FRichEditModule
 0002:0000292C       .1
 0002:00002930       .1
 0002:00002934       .1
 0002:00002938       .2
 0002:0000293C       .1
 0002:00002940       .3
 0002:00002944       .3
 0002:00002948       BitBtnGlyphs
 0002:00002974       .4
 0002:00002978       .5
 0002:0000297C       .2
 0002:00002980       .2
 0002:00002984       HookList
 0002:00002988       .9
 0002:0000298C       .1
 0002:00002990       FourDigitYear
 0002:00002994       .1
 0002:00002998       .5
 0002:0000299C       .2
 0002:000029A0       .1
 0002:000029A4       .1
 0002:000029A8       .1
 0002:000029AC       .3
 0002:000029B0       .7
 0002:000029B4       .01
 0002:000029B8       .3
 0002:000029BC       .1
 0002:000029C0       .11
 0002:000029C4       .3
 0002:000029C8       .5
 0002:000029CC       AX
 0002:000029DC       Elves_Mode
 0002:000029E0       Elves_Report
 0002:000029E4       Elves_Cnt_Title
 0002:000029E8       Elves_Cnt_Footer
 0002:000029EC       Elves_Arr_Title
 0002:000033B0       Elves_Arr_Footer
 0002:00003D74       .2
 0002:00003D78       ADD_SUMM
 0002:00003D7C       .2
 0002:00003D80       DEC_SUMM
 0002:00003D84       .2
 0002:00003D88       Change_kassir
 0002:00003D8C       .2
 0002:00003D90       Form1
 0002:00003D94       KASSIR_NUM
 0002:00003D98       KASSIR_PASSWORD
 0002:00003D9C       CHECK_MODE
 0002:00003DA0       .2

Bound resource files

c:\program files\borland\delphi5\Lib\CONTROLS.RES
c:\program files\borland\delphi5\Lib\DBLogDlg.DFM
c:\program files\borland\delphi5\RX\Units\RXConst.R32
c:\program files\borland\delphi5\RX\Units\RXCConst.R32
c:\program files\borland\delphi5\RX\Units\RXSpin.R32
c:\program files\borland\delphi5\Lib\BUTTONS.RES
c:\program files\borland\delphi5\Lib\FileCtrl.RES
c:\program files\borland\delphi5\RX\Units\RXCtrls.R32
c:\program files\borland\delphi5\Lib\EXTDLGS.RES
c:\program files\borland\delphi5\RX\Units\PickDate.R32
c:\program files\borland\delphi5\RX\Units\ToolEdit.R32
c:\program files\borland\delphi5\RX\Units\RxCalc.R32
c:\program files\borland\delphi5\RX\Units\CurrEdit.R32
AddSumm.DFM
DecSumm.DFM
ChangeKassir.DFM
Unit1.DFM
KkmElvesFr.RES
KkmElvesFr.drf


Program entry point at 0001:000762C8
